Archive member included to satisfy reference by file (symbol)

../app/libapp.a(main.c.obj)   (--whole-archive)
../app/libapp.a(deca_device.c.obj)
                              (--whole-archive)
../app/libapp.a(deca_params_init.c.obj)
                              (--whole-archive)
../app/libapp.a(port.c.obj)   (--whole-archive)
../app/libapp.a(deca_mutex.c.obj)
                              (--whole-archive)
../app/libapp.a(deca_range_tables.c.obj)
                              (--whole-archive)
../app/libapp.a(deca_sleep.c.obj)
                              (--whole-archive)
../app/libapp.a(deca_spi.c.obj)
                              (--whole-archive)
libzephyr.a(cbprintf.c.obj)   (--whole-archive)
libzephyr.a(cbprintf_packaged.c.obj)
                              (--whole-archive)
libzephyr.a(crc32c_sw.c.obj)  (--whole-archive)
libzephyr.a(crc32_sw.c.obj)   (--whole-archive)
libzephyr.a(crc16_sw.c.obj)   (--whole-archive)
libzephyr.a(crc8_sw.c.obj)    (--whole-archive)
libzephyr.a(crc7_sw.c.obj)    (--whole-archive)
libzephyr.a(dec.c.obj)        (--whole-archive)
libzephyr.a(fdtable.c.obj)    (--whole-archive)
libzephyr.a(hex.c.obj)        (--whole-archive)
libzephyr.a(notify.c.obj)     (--whole-archive)
libzephyr.a(printk.c.obj)     (--whole-archive)
libzephyr.a(onoff.c.obj)      (--whole-archive)
libzephyr.a(rb.c.obj)         (--whole-archive)
libzephyr.a(sem.c.obj)        (--whole-archive)
libzephyr.a(thread_entry.c.obj)
                              (--whole-archive)
libzephyr.a(timeutil.c.obj)   (--whole-archive)
libzephyr.a(heap.c.obj)       (--whole-archive)
libzephyr.a(heap-validate.c.obj)
                              (--whole-archive)
libzephyr.a(cbprintf_complete.c.obj)
                              (--whole-archive)
libzephyr.a(configs.c.obj)    (--whole-archive)
libzephyr.a(validate_base_addresses.c.obj)
                              (--whole-archive)
libzephyr.a(validate_enabled_instances.c.obj)
                              (--whole-archive)
libzephyr.a(log_list.c.obj)   (--whole-archive)
libzephyr.a(log_core.c.obj)   (--whole-archive)
libzephyr.a(log_msg.c.obj)    (--whole-archive)
libzephyr.a(log_output.c.obj)
                              (--whole-archive)
libzephyr.a(log_backend_uart.c.obj)
                              (--whole-archive)
libzephyr.a(log_backend_rtt.c.obj)
                              (--whole-archive)
libzephyr.a(power.c.obj)      (--whole-archive)
libzephyr.a(pm_ctrl.c.obj)    (--whole-archive)
libzephyr.a(policy_residency.c.obj)
                              (--whole-archive)
libzephyr.a(uart_console.c.obj)
                              (--whole-archive)
libzephyr.a(rtt_console.c.obj)
                              (--whole-archive)
libzephyr.a(clock_control_nrf.c.obj)
                              (--whole-archive)
libzephyr.a(sys_clock_init.c.obj)
                              (--whole-archive)
libzephyr.a(nrf_rtc_timer.c.obj)
                              (--whole-archive)
libzephyr.a(SEGGER_RTT.c.obj)
                              (--whole-archive)
libzephyr.a(SEGGER_RTT_zephyr.c.obj)
                              (--whole-archive)
arch/common/libarch__common.a(sw_isr_common.c.obj)
                              (--whole-archive)
arch/arch/arm/core/aarch32/libarch__arm__core__aarch32.a(swap.c.obj)
                              (--whole-archive)
arch/arch/arm/core/aarch32/libarch__arm__core__aarch32.a(swap_helper.S.obj)
                              (--whole-archive)
arch/arch/arm/core/aarch32/libarch__arm__core__aarch32.a(irq_manage.c.obj)
                              (--whole-archive)
arch/arch/arm/core/aarch32/libarch__arm__core__aarch32.a(thread.c.obj)
                              (--whole-archive)
arch/arch/arm/core/aarch32/libarch__arm__core__aarch32.a(cpu_idle.S.obj)
                              (--whole-archive)
arch/arch/arm/core/aarch32/libarch__arm__core__aarch32.a(fatal.c.obj)
                              (--whole-archive)
arch/arch/arm/core/aarch32/libarch__arm__core__aarch32.a(nmi.c.obj)
                              (--whole-archive)
arch/arch/arm/core/aarch32/libarch__arm__core__aarch32.a(nmi_on_reset.S.obj)
                              (--whole-archive)
arch/arch/arm/core/aarch32/libarch__arm__core__aarch32.a(prep_c.c.obj)
                              (--whole-archive)
arch/arch/arm/core/aarch32/libarch__arm__core__aarch32.a(isr_wrapper.S.obj)
                              (--whole-archive)
arch/arch/arm/core/aarch32/cortex_m/libarch__arm__core__aarch32__cortex_m.a(vector_table.S.obj)
                              (--whole-archive)
arch/arch/arm/core/aarch32/cortex_m/libarch__arm__core__aarch32__cortex_m.a(reset.S.obj)
                              (--whole-archive)
arch/arch/arm/core/aarch32/cortex_m/libarch__arm__core__aarch32__cortex_m.a(fault_s.S.obj)
                              (--whole-archive)
arch/arch/arm/core/aarch32/cortex_m/libarch__arm__core__aarch32__cortex_m.a(fault.c.obj)
                              (--whole-archive)
[...]
Memory Configuration

Name             Origin             Length             Attributes
FLASH            0x0000000000000000 0x0000000000080000 xr
SRAM             0x0000000020000000 0x0000000000010000 xw
IDT_LIST         0x0000000020010000 0x0000000000000800 xw
*default*        0x0000000000000000 0xffffffffffffffff

Linker script and memory map

LOAD CMakeFiles/zephyr_prebuilt.dir/misc/empty_file.c.obj
                0x0000000000000020                _region_min_align = 0x20

.rel.plt        0x0000000000000000        0x0
 *(SORT_BY_ALIGNMENT(.rel.plt))
                [!provide]                        PROVIDE (__rel_iplt_start = .)
 *(SORT_BY_ALIGNMENT(.rel.iplt))
 .rel.iplt      0x0000000000000000        0x0 ../app/libapp.a(main.c.obj)
                [!provide]                        PROVIDE (__rel_iplt_end = .)

.rela.plt       0x0000000000000000        0x0
 *(SORT_BY_ALIGNMENT(.rela.plt))
                [!provide]                        PROVIDE (__rela_iplt_start = .)
 *(SORT_BY_ALIGNMENT(.rela.iplt))
                [!provide]                        PROVIDE (__rela_iplt_end = .)

.rel.dyn
 *(SORT_BY_ALIGNMENT(.rel.*))

.rela.dyn
 *(SORT_BY_ALIGNMENT(.rela.*))

/DISCARD/
 *(SORT_BY_ALIGNMENT(.plt))
 *(SORT_BY_ALIGNMENT(.iplt))
 *(SORT_BY_ALIGNMENT(.got.plt))
 *(SORT_BY_ALIGNMENT(.igot.plt))
 *(SORT_BY_ALIGNMENT(.got))
 *(SORT_BY_ALIGNMENT(.igot))
 *(SORT_BY_ALIGNMENT(.note.GNU-stack))
                0x0000000000000000                _image_rom_start = 0x0

rom_start       0x0000000000000000       0xdc
                0x0000000000000000                . = 0x0
                0x0000000000000000                . = ALIGN (0x4)
                0x0000000000000000                . = ALIGN (0x80)
                0x0000000000000000                . = ALIGN (0x100)
                0x0000000000000000                _vector_start = .
 *(SORT_BY_ALIGNMENT(.exc_vector_table))
 *(SORT_BY_ALIGNMENT(.exc_vector_table.*))
 .exc_vector_table._vector_table_section
                0x0000000000000000       0x40 arch/arch/arm/core/aarch32/cortex_m/libarch__arm__core__aarch32__cortex_m.a(vector_table.S.obj)
                0x0000000000000000                _vector_table
 *(SORT_BY_ALIGNMENT(.gnu.linkonce.irq_vector_table*))
 .gnu.linkonce.irq_vector_table
                0x0000000000000040       0x9c arch/common/libisr_tables.a(isr_tables.c.obj)
                0x0000000000000040                _irq_vector_table
 *(SORT_BY_ALIGNMENT(.vectors))
                0x00000000000000dc                _vector_end = .

text            0x00000000000000dc     0x6baa
                0x00000000000000dc                _image_text_start = .
 *(SORT_BY_ALIGNMENT(.text))
 .text          0x00000000000000dc       0x30 /home/ggory15/zephyr-sdk-0.12.4/arm-zephyr-eabi/bin/../lib/gcc/arm-zephyr-eabi/10.2.0/thumb/v7e-m/nofp/libgcc.a(_aeabi_uldivmod.o)
                0x00000000000000dc                __aeabi_uldivmod
 .text          0x000000000000010c      0x2d8 /home/ggory15/zephyr-sdk-0.12.4/arm-zephyr-eabi/bin/../lib/gcc/arm-zephyr-eabi/10.2.0/thumb/v7e-m/nofp/libgcc.a(_udivmoddi4.o)
                0x000000000000010c                __udivmoddi4
 .text          0x00000000000003e4        0x4 /home/ggory15/zephyr-sdk-0.12.4/arm-zephyr-eabi/bin/../lib/gcc/arm-zephyr-eabi/10.2.0/thumb/v7e-m/nofp/libgcc.a(_dvmd_tls.o)
                0x00000000000003e4                __aeabi_ldiv0
                0x00000000000003e4                __aeabi_idiv0
 *(SORT_BY_ALIGNMENT(.text.*))
 .text.main     0x00000000000003e8      0x1ac ../app/libapp.a(main.c.obj)
                0x00000000000003e8                main
 .text.dwt_writetxfctrl
                0x0000000000000594       0x1c ../app/libapp.a(deca_device.c.obj)
                0x0000000000000594                dwt_writetxfctrl
 .text.dwt_configure
                0x00000000000005b0      0x204 ../app/libapp.a(deca_device.c.obj)
                0x00000000000005b0                dwt_configure
 .text.dwt_setleds
                0x00000000000007b4       0x78 ../app/libapp.a(deca_device.c.obj)
                0x00000000000007b4                dwt_setleds
 .text.dwt_starttx
                0x000000000000082c       0x6c ../app/libapp.a(deca_device.c.obj)
                0x000000000000082c                dwt_starttx
 .text.dwt_forcetrxoff
                0x0000000000000898       0x58 ../app/libapp.a(deca_device.c.obj)
                0x0000000000000898                dwt_forcetrxoff
 .text.dwt_setrxtimeout
                0x00000000000008f0       0x4c ../app/libapp.a(deca_device.c.obj)
                0x00000000000008f0                dwt_setrxtimeout
 .text.dwt_softreset
                0x000000000000093c       0x48 ../app/libapp.a(deca_device.c.obj)
                0x000000000000093c                dwt_softreset
 .text.dwt_initialise
                0x0000000000000984       0xe4 ../app/libapp.a(deca_device.c.obj)
                0x0000000000000984                dwt_initialise
 .text.openspi  0x0000000000000a68       0xc0 ../app/libapp.a(deca_spi.c.obj)
                0x0000000000000a68                openspi
 .text.set_spi_speed_slow
                0x0000000000000b28       0x40 ../app/libapp.a(deca_spi.c.obj)
                0x0000000000000b28                set_spi_speed_slow
 .text.set_spi_speed_fast
                0x0000000000000b68       0x44 ../app/libapp.a(deca_spi.c.obj)
                0x0000000000000b68                set_spi_speed_fast
 .text.writetospi
                0x0000000000000bac       0x6c ../app/libapp.a(deca_spi.c.obj)
                0x0000000000000bac                writetospi
 .text.readfromspi
                0x0000000000000c18       0x80 ../app/libapp.a(deca_spi.c.obj)
                0x0000000000000c18                readfromspi
 .text.__printk_hook_install
                0x0000000000000c98        0xc libzephyr.a(printk.c.obj)
                0x0000000000000c98                __printk_hook_install
 .text.vsnprintk
                0x0000000000000ca4       0x28 libzephyr.a(printk.c.obj)
                0x0000000000000ca4                vsnprintk
 .text.process_event
                0x0000000000000ccc      0x1c0 libzephyr.a(onoff.c.obj)
 .text.cbvprintf
                0x0000000000000e8c      0x780 libzephyr.a(cbprintf_complete.c.obj)
                0x0000000000000e8c                cbvprintf
 .text.enable_logger
                0x000000000000160c       0x5c libzephyr.a(log_core.c.obj)
 .text.log_process_thread_timer_expiry_fn
                0x0000000000001668        0xc libzephyr.a(log_core.c.obj)
 .text.log_core_init
                0x0000000000001674       0x40 libzephyr.a(log_core.c.obj)
                0x0000000000001674                log_core_init
 .text.dropped_notify
                0x00000000000016b4       0x4c libzephyr.a(log_core.c.obj)
                0x00000000000016b4                dropped_notify
 .text.log_dropped
                0x0000000000001700       0x20 libzephyr.a(log_core.c.obj)
                0x0000000000001700                log_dropped
 .text.log_source_name_get
                0x0000000000001720       0x1c libzephyr.a(log_core.c.obj)
                0x0000000000001720                log_source_name_get
 .text.log_backend_enable
                0x000000000000173c       0x34 libzephyr.a(log_core.c.obj)
                0x000000000000173c                log_backend_enable
 .text.log_init
                0x0000000000001770       0x54 libzephyr.a(log_core.c.obj)
                0x0000000000001770                log_init
 .text.log_strdup
                0x00000000000017c4       0x6c libzephyr.a(log_core.c.obj)
                0x00000000000017c4                log_strdup
 .text.log_is_strdup
                0x0000000000001830       0x1c libzephyr.a(log_core.c.obj)
                0x0000000000001830                log_is_strdup
 .text.z_impl_log_process
                0x000000000000184c      0x174 libzephyr.a(log_core.c.obj)
                0x000000000000184c                z_impl_log_process
 .text.log_process_thread_func
                0x00000000000019c0       0x48 libzephyr.a(log_core.c.obj)
 .text.msg_finalize
                0x0000000000001a08       0xc4 libzephyr.a(log_core.c.obj)
 .text.z_impl_log_panic
                0x0000000000001acc       0x48 libzephyr.a(log_core.c.obj)
                0x0000000000001acc                z_impl_log_panic
 .text.log_free
                0x0000000000001b14       0x34 libzephyr.a(log_core.c.obj)
                0x0000000000001b14                log_free
 .text.log_msg_pool_init
                0x0000000000001b48       0x14 libzephyr.a(log_msg.c.obj)
                0x0000000000001b48                log_msg_pool_init
 .text.log_msg_no_space_handle
                0x0000000000001b5c       0x30 libzephyr.a(log_msg.c.obj)
                0x0000000000001b5c                log_msg_no_space_handle
 .text.log_msg_chunk_alloc
                0x0000000000001b8c       0x28 libzephyr.a(log_msg.c.obj)
                0x0000000000001b8c                log_msg_chunk_alloc
 .text.msg_free
                0x0000000000001bb4       0x7c libzephyr.a(log_msg.c.obj)
 .text.print_formatted
                0x0000000000001c30       0x24 libzephyr.a(log_output.c.obj)
 .text.hexdump_line_print
                0x0000000000001c54       0xdc libzephyr.a(log_output.c.obj)
 .text.prefix_print
                0x0000000000001d30      0x11c libzephyr.a(log_output.c.obj)
 .text.postfix_print
                0x0000000000001e4c       0x3c libzephyr.a(log_output.c.obj)
 .text.log_output_msg_process
                0x0000000000001e88       0xf8 libzephyr.a(log_output.c.obj)
                0x0000000000001e88                log_output_msg_process
 .text.log_output_dropped_process
                0x0000000000001f80       0x58 libzephyr.a(log_output.c.obj)
                0x0000000000001f80                log_output_dropped_process
 .text.log_output_timestamp_freq_set
                0x0000000000001fd8       0x30 libzephyr.a(log_output.c.obj)
                0x0000000000001fd8                log_output_timestamp_freq_set
 .text.char_out
                0x0000000000002008       0x24 libzephyr.a(log_backend_uart.c.obj)
 .text.panic    0x000000000000202c        0xc libzephyr.a(log_backend_uart.c.obj)
 .text.dropped  0x0000000000002038        0xc libzephyr.a(log_backend_uart.c.obj)
 .text.log_backend_uart_init
                0x0000000000002044       0x18 libzephyr.a(log_backend_uart.c.obj)
 .text.put      0x000000000000205c       0x24 libzephyr.a(log_backend_uart.c.obj)
 .text.log_backend_rtt_init
                0x0000000000002080        0xc libzephyr.a(log_backend_rtt.c.obj)
 .text.panic    0x000000000000208c       0x14 libzephyr.a(log_backend_rtt.c.obj)
 .text.dropped  0x00000000000020a0        0xc libzephyr.a(log_backend_rtt.c.obj)
 .text.put      0x00000000000020ac       0x24 libzephyr.a(log_backend_rtt.c.obj)
 .text.on_failed_write.part.0
                0x00000000000020d0       0x1c libzephyr.a(log_backend_rtt.c.obj)
 .text.data_out_block_mode
                0x00000000000020ec       0x9c libzephyr.a(log_backend_rtt.c.obj)
 .text.pm_state_notify
                0x0000000000002188       0x44 libzephyr.a(power.c.obj)
 .text.pm_system_resume
                0x00000000000021cc       0x2c libzephyr.a(power.c.obj)
                0x00000000000021cc                pm_system_resume
 .text.pm_system_suspend
                0x00000000000021f8       0x48 libzephyr.a(power.c.obj)
                0x00000000000021f8                pm_system_suspend
 .text.uart_console_init
                0x0000000000002240       0x2c libzephyr.a(uart_console.c.obj)
 .text.console_out
                0x000000000000226c       0x28 libzephyr.a(uart_console.c.obj)
 .text.rtt_console_init
                0x0000000000002294       0x18 libzephyr.a(rtt_console.c.obj)
 .text.rtt_console_out
                0x00000000000022ac       0x6c libzephyr.a(rtt_console.c.obj)
 .text.onoff_stop
                0x0000000000002318       0x30 libzephyr.a(clock_control_nrf.c.obj)
 .text.onoff_start
                0x0000000000002348       0x44 libzephyr.a(clock_control_nrf.c.obj)
 .text.clk_init
                0x000000000000238c       0x60 libzephyr.a(clock_control_nrf.c.obj)
 .text.clkstarted_handle.constprop.0
                0x00000000000023ec       0x34 libzephyr.a(clock_control_nrf.c.obj)
 .text.clock_event_handler
                0x0000000000002420       0x1c libzephyr.a(clock_control_nrf.c.obj)
 .text.generic_hfclk_start
                0x000000000000243c       0x64 libzephyr.a(clock_control_nrf.c.obj)
 .text.api_blocking_start
                0x00000000000024a0       0x34 libzephyr.a(clock_control_nrf.c.obj)
 .text.lfclk_start
                0x00000000000024d4       0x24 libzephyr.a(clock_control_nrf.c.obj)
 .text.generic_hfclk_stop
                0x00000000000024f8       0x2c libzephyr.a(clock_control_nrf.c.obj)
 .text.z_nrf_clock_control_lf_on
                0x0000000000002524      0x100 libzephyr.a(clock_control_nrf.c.obj)
                0x0000000000002524                z_nrf_clock_control_lf_on
 .text.sys_clock_timeout_handler
                0x0000000000002624       0x18 libzephyr.a(nrf_rtc_timer.c.obj)
 .text.set_absolute_alarm
                0x000000000000263c       0x94 libzephyr.a(nrf_rtc_timer.c.obj)
 .text.rtc_nrf_isr
                0x00000000000026d0       0x50 libzephyr.a(nrf_rtc_timer.c.obj)
                0x00000000000026d0                rtc_nrf_isr
 .text.sys_clock_driver_init
                0x0000000000002720       0x4c libzephyr.a(nrf_rtc_timer.c.obj)
                0x0000000000002720                sys_clock_driver_init
 .text.sys_clock_set_timeout
                0x000000000000276c       0x64 libzephyr.a(nrf_rtc_timer.c.obj)
                0x000000000000276c                sys_clock_set_timeout
 .text.sys_clock_elapsed
                0x00000000000027d0       0x34 libzephyr.a(nrf_rtc_timer.c.obj)
                0x00000000000027d0                sys_clock_elapsed
 .text.sys_clock_cycle_get_32
                0x0000000000002804       0x34 libzephyr.a(nrf_rtc_timer.c.obj)
                0x0000000000002804                sys_clock_cycle_get_32
 .text._DoInit  0x0000000000002838       0x60 libzephyr.a(SEGGER_RTT.c.obj)
 .text.SEGGER_RTT_WriteSkipNoLock
                0x0000000000002898       0x98 libzephyr.a(SEGGER_RTT.c.obj)
                0x0000000000002898                SEGGER_RTT_WriteSkipNoLock
 .text.SEGGER_RTT_WriteNoLock
                0x0000000000002930       0x60 libzephyr.a(SEGGER_RTT.c.obj)
                0x0000000000002930                SEGGER_RTT_WriteNoLock
 .text.SEGGER_RTT_HasDataUp
                0x0000000000002990       0x14 libzephyr.a(SEGGER_RTT.c.obj)
                0x0000000000002990                SEGGER_RTT_HasDataUp
 .text.arch_swap
                0x00000000000029a4       0x34 arch/arch/arm/core/aarch32/libarch__arm__core__aarch32.a(swap.c.obj)
                0x00000000000029a4                arch_swap
 .text.z_arm_pendsv
                0x00000000000029d8       0x48 arch/arch/arm/core/aarch32/libarch__arm__core__aarch32.a(swap_helper.S.obj)
                0x00000000000029d8                z_arm_pendsv
 .text.z_arm_svc
                0x0000000000002a20       0x20 arch/arch/arm/core/aarch32/libarch__arm__core__aarch32.a(swap_helper.S.obj)
                0x0000000000002a20                z_arm_svc
 .text.arch_irq_enable
                0x0000000000002a40       0x20 arch/arch/arm/core/aarch32/libarch__arm__core__aarch32.a(irq_manage.c.obj)
                0x0000000000002a40                arch_irq_enable
 .text.arch_irq_is_enabled
                0x0000000000002a60       0x1c arch/arch/arm/core/aarch32/libarch__arm__core__aarch32.a(irq_manage.c.obj)
                0x0000000000002a60                arch_irq_is_enabled
 .text.z_arm_irq_priority_set
                0x0000000000002a7c       0x30 arch/arch/arm/core/aarch32/libarch__arm__core__aarch32.a(irq_manage.c.obj)
                0x0000000000002a7c                z_arm_irq_priority_set
 .text.arch_new_thread
                0x0000000000002aac       0x38 arch/arch/arm/core/aarch32/libarch__arm__core__aarch32.a(thread.c.obj)
                0x0000000000002aac                arch_new_thread
 .text.arch_switch_to_main_thread
                0x0000000000002ae4       0x30 arch/arch/arm/core/aarch32/libarch__arm__core__aarch32.a(thread.c.obj)
                0x0000000000002ae4                arch_switch_to_main_thread
 .text.z_arm_cpu_idle_init
                0x0000000000002b14        0xc arch/arch/arm/core/aarch32/libarch__arm__core__aarch32.a(cpu_idle.S.obj)
                0x0000000000002b14                z_arm_cpu_idle_init
 .text.arch_cpu_idle
                0x0000000000002b20       0x1c arch/arch/arm/core/aarch32/libarch__arm__core__aarch32.a(cpu_idle.S.obj)
                0x0000000000002b20                arch_cpu_idle
 .text.arch_cpu_atomic_idle
                0x0000000000002b3c       0x14 arch/arch/arm/core/aarch32/libarch__arm__core__aarch32.a(cpu_idle.S.obj)
                0x0000000000002b3c                arch_cpu_atomic_idle
 .text.z_arm_fatal_error
                0x0000000000002b50       0x70 arch/arch/arm/core/aarch32/libarch__arm__core__aarch32.a(fatal.c.obj)
                0x0000000000002b50                z_arm_fatal_error
 .text.z_SysNmiOnReset
                0x0000000000002bc0        0x8 arch/arch/arm/core/aarch32/libarch__arm__core__aarch32.a(nmi_on_reset.S.obj)
                0x0000000000002bc0                z_SysNmiOnReset
 .text.z_arm_prep_c
                0x0000000000002bc8       0x44 arch/arch/arm/core/aarch32/libarch__arm__core__aarch32.a(prep_c.c.obj)
                0x0000000000002bc8                z_arm_prep_c
 .text._isr_wrapper
                0x0000000000002c0c       0x40 arch/arch/arm/core/aarch32/libarch__arm__core__aarch32.a(isr_wrapper.S.obj)
                0x0000000000002c0c                _isr_wrapper
 .text._reset_section
                0x0000000000002c4c       0x30 arch/arch/arm/core/aarch32/cortex_m/libarch__arm__core__aarch32__cortex_m.a(reset.S.obj)
                0x0000000000002c4c                z_arm_reset
                0x0000000000002c4c                __start
 .text.__fault  0x0000000000002c7c       0x14 arch/arch/arm/core/aarch32/cortex_m/libarch__arm__core__aarch32__cortex_m.a(fault_s.S.obj)
                0x0000000000002c7c                z_arm_bus_fault
                0x0000000000002c7c                z_arm_usage_fault
                0x0000000000002c7c                z_arm_mpu_fault
                0x0000000000002c7c                z_arm_exc_spurious
                0x0000000000002c7c                z_arm_debug_monitor
                0x0000000000002c7c                z_arm_hard_fault
 .text.usage_fault.constprop.0
                0x0000000000002c90       0xb8 arch/arch/arm/core/aarch32/cortex_m/libarch__arm__core__aarch32__cortex_m.a(fault.c.obj)
 .text.bus_fault.constprop.0
                0x0000000000002d48       0xdc arch/arch/arm/core/aarch32/cortex_m/libarch__arm__core__aarch32__cortex_m.a(fault.c.obj)
 .text.mem_manage_fault.constprop.0
                0x0000000000002e24       0xd0 arch/arch/arm/core/aarch32/cortex_m/libarch__arm__core__aarch32__cortex_m.a(fault.c.obj)
 .text.z_arm_fault
                0x0000000000002ef4      0x194 arch/arch/arm/core/aarch32/cortex_m/libarch__arm__core__aarch32__cortex_m.a(fault.c.obj)
                0x0000000000002ef4                z_arm_fault
 .text.z_arm_fault_init
                0x0000000000003088       0x10 arch/arch/arm/core/aarch32/cortex_m/libarch__arm__core__aarch32__cortex_m.a(fault.c.obj)
                0x0000000000003088                z_arm_fault_init
 .text._HandlerModeExit
                0x0000000000003098       0x1c arch/arch/arm/core/aarch32/cortex_m/libarch__arm__core__aarch32__cortex_m.a(exc_exit.S.obj)
                0x0000000000003098                z_arm_exc_exit
                0x0000000000003098                z_arm_int_exit
 .text.z_arm_interrupt_init
                0x00000000000030b4       0x18 arch/arch/arm/core/aarch32/cortex_m/libarch__arm__core__aarch32__cortex_m.a(irq_init.c.obj)
                0x00000000000030b4                z_arm_interrupt_init
 .text.z_impl_k_thread_abort
                0x00000000000030cc       0x24 arch/arch/arm/core/aarch32/cortex_m/libarch__arm__core__aarch32__cortex_m.a(thread_abort.c.obj)
                0x00000000000030cc                z_impl_k_thread_abort
 .text.z_arm_configure_static_mpu_regions
                0x00000000000030f0       0x18 arch/arch/arm/core/aarch32/cortex_m/mpu/libarch__arm__core__aarch32__cortex_m__mpu.a(arm_core_mpu.c.obj)
                0x00000000000030f0                z_arm_configure_static_mpu_regions
 .text.mpu_configure_regions
                0x0000000000003108       0xc0 arch/arch/arm/core/aarch32/cortex_m/mpu/libarch__arm__core__aarch32__cortex_m__mpu.a(arm_mpu.c.obj)
 .text.arm_core_mpu_enable
                0x00000000000031c8       0x18 arch/arch/arm/core/aarch32/cortex_m/mpu/libarch__arm__core__aarch32__cortex_m__mpu.a(arm_mpu.c.obj)
                0x00000000000031c8                arm_core_mpu_enable
 .text.arm_core_mpu_disable
                0x00000000000031e0       0x14 arch/arch/arm/core/aarch32/cortex_m/mpu/libarch__arm__core__aarch32__cortex_m__mpu.a(arm_mpu.c.obj)
                0x00000000000031e0                arm_core_mpu_disable
 .text.arm_mpu_init
                0x00000000000031f4       0x60 arch/arch/arm/core/aarch32/cortex_m/mpu/libarch__arm__core__aarch32__cortex_m__mpu.a(arm_mpu.c.obj)
 .text.arm_core_mpu_configure_static_mpu_regions
                0x0000000000003254       0x14 arch/arch/arm/core/aarch32/cortex_m/mpu/libarch__arm__core__aarch32__cortex_m__mpu.a(arm_mpu.c.obj)
                0x0000000000003254                arm_core_mpu_configure_static_mpu_regions
 .text.__stdout_hook_install
                0x0000000000003268        0xc lib/libc/minimal/liblib__libc__minimal.a(stdout_console.c.obj)
                0x0000000000003268                __stdout_hook_install
 .text.nordicsemi_nrf52_init
                0x0000000000003274       0x30 soc/arm/nordic_nrf/nrf52/libsoc__arm__nordic_nrf__nrf52.a(soc.c.obj)
 .text.arch_busy_wait
                0x00000000000032a4       0x14 soc/arm/nordic_nrf/nrf52/libsoc__arm__nordic_nrf__nrf52.a(soc.c.obj)
                0x00000000000032a4                arch_busy_wait
 .text.gpio_nrfx_init
                0x00000000000032b8       0x30 drivers/gpio/libdrivers__gpio.a(gpio_nrfx.c.obj)
 .text.gpio_nrfx_pin_interrupt_configure
                0x00000000000032e8      0x1a8 drivers/gpio/libdrivers__gpio.a(gpio_nrfx.c.obj)
 .text.gpio_nrfx_config
                0x0000000000003490       0xb8 drivers/gpio/libdrivers__gpio.a(gpio_nrfx.c.obj)
 .text.gpiote_event_handler
                0x0000000000003548      0x11c drivers/gpio/libdrivers__gpio.a(gpio_nrfx.c.obj)
 .text.spi_1_init
                0x0000000000003664       0x60 drivers/spi/libdrivers__spi.a(spi_nrfx_spi.c.obj)
 .text.transfer_next_chunk
                0x00000000000036c4       0x7c drivers/spi/libdrivers__spi.a(spi_nrfx_spi.c.obj)
 .text.event_handler
                0x0000000000003740       0xb8 drivers/spi/libdrivers__spi.a(spi_nrfx_spi.c.obj)
 .text.spi_nrfx_transceive
                0x00000000000037f8      0x284 drivers/spi/libdrivers__spi.a(spi_nrfx_spi.c.obj)
 .text.uart_nrfx_poll_in
                0x0000000000003a7c       0x24 drivers/serial/libdrivers__serial.a(uart_nrfx_uart.c.obj)
 .text.uart_nrfx_err_check
                0x0000000000003aa0       0x10 drivers/serial/libdrivers__serial.a(uart_nrfx_uart.c.obj)
 .text.uart_nrfx_configure
                0x0000000000003ab0      0x15c drivers/serial/libdrivers__serial.a(uart_nrfx_uart.c.obj)
 .text.uart_nrfx_init
                0x0000000000003c0c       0x58 drivers/serial/libdrivers__serial.a(uart_nrfx_uart.c.obj)
 .text.uart_nrfx_poll_out
                0x0000000000003c64       0x7c drivers/serial/libdrivers__serial.a(uart_nrfx_uart.c.obj)
 .text.nrf52_errata_16
                0x0000000000003ce0       0x28 ../modules/hal_nordic/nrfx/libmodules__hal_nordic__nrfx.a(system_nrf52.c.obj)
 .text.nvmc_wait
                0x0000000000003d08       0x10 ../modules/hal_nordic/nrfx/libmodules__hal_nordic__nrfx.a(system_nrf52.c.obj)
                0x0000000000003d08                nvmc_wait
 .text.SystemInit
                0x0000000000003d18      0x254 ../modules/hal_nordic/nrfx/libmodules__hal_nordic__nrfx.a(system_nrf52.c.obj)
                0x0000000000003d18                SystemInit
 .text.nrfx_clock_init
                0x0000000000003f6c       0x20 ../modules/hal_nordic/nrfx/libmodules__hal_nordic__nrfx.a(nrfx_clock.c.obj)
                0x0000000000003f6c                nrfx_clock_init
 .text.nrfx_clock_start
                0x0000000000003f8c       0x90 ../modules/hal_nordic/nrfx/libmodules__hal_nordic__nrfx.a(nrfx_clock.c.obj)
                0x0000000000003f8c                nrfx_clock_start
 .text.nrfx_clock_stop
                0x000000000000401c       0x78 ../modules/hal_nordic/nrfx/libmodules__hal_nordic__nrfx.a(nrfx_clock.c.obj)
                0x000000000000401c                nrfx_clock_stop
 .text.nrfx_power_clock_irq_handler
                0x0000000000004094       0x68 ../modules/hal_nordic/nrfx/libmodules__hal_nordic__nrfx.a(nrfx_clock.c.obj)
                0x0000000000004094                nrfx_power_clock_irq_handler
 .text.nrfx_gpiote_channel_free
                0x00000000000040fc       0x40 ../modules/hal_nordic/nrfx/libmodules__hal_nordic__nrfx.a(nrfx_gpiote.c.obj)
                0x00000000000040fc                nrfx_gpiote_channel_free
 .text.nrfx_gpiote_channel_alloc
                0x000000000000413c       0x70 ../modules/hal_nordic/nrfx/libmodules__hal_nordic__nrfx.a(nrfx_gpiote.c.obj)
                0x000000000000413c                nrfx_gpiote_channel_alloc
 .text.nrfx_spi_init
                0x00000000000041ac      0x148 ../modules/hal_nordic/nrfx/libmodules__hal_nordic__nrfx.a(nrfx_spi.c.obj)
                0x00000000000041ac                nrfx_spi_init
 .text.nrfx_spi_xfer
                0x00000000000042f4      0x11c ../modules/hal_nordic/nrfx/libmodules__hal_nordic__nrfx.a(nrfx_spi.c.obj)
                0x00000000000042f4                nrfx_spi_xfer
 .text.nrfx_spi_1_irq_handler
                0x0000000000004410       0x4c ../modules/hal_nordic/nrfx/libmodules__hal_nordic__nrfx.a(nrfx_spi.c.obj)
                0x0000000000004410                nrfx_spi_1_irq_handler
 .text.z_sys_init_run_level
                0x000000000000445c       0x40 kernel/libkernel.a(device.c.obj)
                0x000000000000445c                z_sys_init_run_level
 .text.z_impl_device_get_binding
                0x000000000000449c       0x54 kernel/libkernel.a(device.c.obj)
                0x000000000000449c                z_impl_device_get_binding
 .text.k_sys_fatal_error_handler
                0x00000000000044f0       0x30 kernel/libkernel.a(fatal.c.obj)
                0x00000000000044f0                k_sys_fatal_error_handler
 .text.z_fatal_error
                0x0000000000004520       0xbc kernel/libkernel.a(fatal.c.obj)
                0x0000000000004520                z_fatal_error
 .text.idle     0x00000000000045dc       0x2c kernel/libkernel.a(idle.c.obj)
                0x00000000000045dc                idle
 .text.z_bss_zero
                0x0000000000004608       0x14 kernel/libkernel.a(init.c.obj)
                0x0000000000004608                z_bss_zero
 .text.bg_thread_main
                0x000000000000461c       0x34 kernel/libkernel.a(init.c.obj)
 .text.z_cstart
                0x0000000000004650      0x10c kernel/libkernel.a(init.c.obj)
                0x0000000000004650                z_cstart
 .text.init_mem_slab_module
                0x000000000000475c       0x44 kernel/libkernel.a(mem_slab.c.obj)
 .text.k_mem_slab_alloc
                0x00000000000047a0       0x60 kernel/libkernel.a(mem_slab.c.obj)
                0x00000000000047a0                k_mem_slab_alloc
 .text.k_mem_slab_free
                0x0000000000004800       0x54 kernel/libkernel.a(mem_slab.c.obj)
                0x0000000000004800                k_mem_slab_free
 .text.z_impl_k_mutex_lock
                0x0000000000004854       0xe4 kernel/libkernel.a(mutex.c.obj)
                0x0000000000004854                z_impl_k_mutex_lock
 .text.z_impl_k_mutex_unlock
                0x0000000000004938       0x84 kernel/libkernel.a(mutex.c.obj)
                0x0000000000004938                z_impl_k_mutex_unlock
 .text.z_reset_time_slice
                0x00000000000049bc       0x2c kernel/libkernel.a(sched.c.obj)
                0x00000000000049bc                z_reset_time_slice
 .text.k_sched_time_slice_set
                0x00000000000049e8       0x60 kernel/libkernel.a(sched.c.obj)
                0x00000000000049e8                k_sched_time_slice_set
 .text.z_reschedule
                0x0000000000004a48       0x24 kernel/libkernel.a(sched.c.obj)
                0x0000000000004a48                z_reschedule
 .text.k_sched_lock
                0x0000000000004a6c       0x28 kernel/libkernel.a(sched.c.obj)
                0x0000000000004a6c                k_sched_lock
 .text.update_cache
                0x0000000000004a94       0x3c kernel/libkernel.a(sched.c.obj)
 .text.unready_thread
                0x0000000000004ad0       0x30 kernel/libkernel.a(sched.c.obj)
 .text.pend     0x0000000000004b00       0x4c kernel/libkernel.a(sched.c.obj)
 .text.z_pend_curr
                0x0000000000004b4c       0x28 kernel/libkernel.a(sched.c.obj)
                0x0000000000004b4c                z_pend_curr
 .text.z_impl_k_thread_suspend
                0x0000000000004b74       0x64 kernel/libkernel.a(sched.c.obj)
                0x0000000000004b74                z_impl_k_thread_suspend
 .text.k_sched_unlock
                0x0000000000004bd8       0x38 kernel/libkernel.a(sched.c.obj)
                0x0000000000004bd8                k_sched_unlock
 .text.move_thread_to_end_of_prio_q
                0x0000000000004c10       0x74 kernel/libkernel.a(sched.c.obj)
 .text.z_time_slice
                0x0000000000004c84       0x80 kernel/libkernel.a(sched.c.obj)
                0x0000000000004c84                z_time_slice
 .text.ready_thread
                0x0000000000004d04       0x6c kernel/libkernel.a(sched.c.obj)
 .text.z_sched_start
                0x0000000000004d70       0x3c kernel/libkernel.a(sched.c.obj)
                0x0000000000004d70                z_sched_start
 .text.z_set_prio
                0x0000000000004dac       0x90 kernel/libkernel.a(sched.c.obj)
                0x0000000000004dac                z_set_prio
 .text.z_sched_init
                0x0000000000004e3c       0x18 kernel/libkernel.a(sched.c.obj)
                0x0000000000004e3c                z_sched_init
 .text.z_impl_k_yield
                0x0000000000004e54       0xa0 kernel/libkernel.a(sched.c.obj)
                0x0000000000004e54                z_impl_k_yield
 .text.z_tick_sleep
                0x0000000000004ef4       0x78 kernel/libkernel.a(sched.c.obj)
 .text.z_impl_k_sleep
                0x0000000000004f6c       0x34 kernel/libkernel.a(sched.c.obj)
                0x0000000000004f6c                z_impl_k_sleep
 .text.z_impl_k_current_get
                0x0000000000004fa0        0xc kernel/libkernel.a(sched.c.obj)
                0x0000000000004fa0                z_impl_k_current_get
 .text.z_thread_abort
                0x0000000000004fac       0xa4 kernel/libkernel.a(sched.c.obj)
                0x0000000000004fac                z_thread_abort
 .text.z_impl_k_sem_give
                0x0000000000005050       0x40 kernel/libkernel.a(sem.c.obj)
                0x0000000000005050                z_impl_k_sem_give
 .text.z_impl_k_sem_take
                0x0000000000005090       0x50 kernel/libkernel.a(sem.c.obj)
                0x0000000000005090                z_impl_k_sem_take
 .text.z_setup_new_thread
                0x00000000000050e0       0x60 kernel/libkernel.a(thread.c.obj)
                0x00000000000050e0                z_setup_new_thread
 .text.z_impl_k_thread_create
                0x0000000000005140       0x58 kernel/libkernel.a(thread.c.obj)
                0x0000000000005140                z_impl_k_thread_create
 .text.z_init_static_threads
                0x0000000000005198       0xb8 kernel/libkernel.a(thread.c.obj)
                0x0000000000005198                z_init_static_threads
 .text.boot_banner
                0x0000000000005250       0x18 kernel/libkernel.a(banner.c.obj)
                0x0000000000005250                boot_banner
 .text.z_data_copy
                0x0000000000005268       0x34 kernel/libkernel.a(xip.c.obj)
                0x0000000000005268                z_data_copy
 .text.elapsed  0x000000000000529c       0x14 kernel/libkernel.a(timeout.c.obj)
 .text.next_timeout
                0x00000000000052b0       0x50 kernel/libkernel.a(timeout.c.obj)
 .text.remove_timeout
                0x0000000000005300       0x34 kernel/libkernel.a(timeout.c.obj)
 .text.z_add_timeout
                0x0000000000005334      0x108 kernel/libkernel.a(timeout.c.obj)
                0x0000000000005334                z_add_timeout
 .text.sys_clock_announce
                0x000000000000543c       0xb8 kernel/libkernel.a(timeout.c.obj)
                0x000000000000543c                sys_clock_announce
 .text.sys_clock_tick_get
                0x00000000000054f4       0x30 kernel/libkernel.a(timeout.c.obj)
                0x00000000000054f4                sys_clock_tick_get
 .text.z_timer_expiration_handler
                0x0000000000005524       0x54 kernel/libkernel.a(timer.c.obj)
                0x0000000000005524                z_timer_expiration_handler
 .text.z_impl_k_timer_start
                0x0000000000005578       0xa0 kernel/libkernel.a(timer.c.obj)
                0x0000000000005578                z_impl_k_timer_start
 .text.dwt_writetodevice
                0x0000000000005618       0x44 ../app/libapp.a(deca_device.c.obj)
                0x0000000000005618                dwt_writetodevice
 .text.dwt_writetxdata
                0x000000000000565c       0x20 ../app/libapp.a(deca_device.c.obj)
                0x000000000000565c                dwt_writetxdata
 .text.dwt_readfromdevice
                0x000000000000567c       0x40 ../app/libapp.a(deca_device.c.obj)
                0x000000000000567c                dwt_readfromdevice
 .text.dwt_readrxdata
                0x00000000000056bc       0x12 ../app/libapp.a(deca_device.c.obj)
                0x00000000000056bc                dwt_readrxdata
 .text.dwt_readrxtimestamp
                0x00000000000056ce        0xc ../app/libapp.a(deca_device.c.obj)
                0x00000000000056ce                dwt_readrxtimestamp
 .text.dwt_read32bitoffsetreg
                0x00000000000056da       0x22 ../app/libapp.a(deca_device.c.obj)
                0x00000000000056da                dwt_read32bitoffsetreg
 .text.dwt_readdevid
                0x00000000000056fc        0x8 ../app/libapp.a(deca_device.c.obj)
                0x00000000000056fc                dwt_readdevid
 .text.dwt_read16bitoffsetreg
                0x0000000000005704       0x22 ../app/libapp.a(deca_device.c.obj)
                0x0000000000005704                dwt_read16bitoffsetreg
 .text.dwt_read8bitoffsetreg
                0x0000000000005726       0x1a ../app/libapp.a(deca_device.c.obj)
                0x0000000000005726                dwt_read8bitoffsetreg
 .text.dwt_write8bitoffsetreg
                0x0000000000005740       0x1a ../app/libapp.a(deca_device.c.obj)
                0x0000000000005740                dwt_write8bitoffsetreg
 .text.dwt_write16bitoffsetreg
                0x000000000000575a       0x1e ../app/libapp.a(deca_device.c.obj)
                0x000000000000575a                dwt_write16bitoffsetreg
 .text.dwt_setrxantennadelay
                0x0000000000005778        0xc ../app/libapp.a(deca_device.c.obj)
                0x0000000000005778                dwt_setrxantennadelay
 .text.dwt_settxantennadelay
                0x0000000000005784        0xa ../app/libapp.a(deca_device.c.obj)
                0x0000000000005784                dwt_settxantennadelay
 .text.dwt_write32bitoffsetreg
                0x000000000000578e       0x2a ../app/libapp.a(deca_device.c.obj)
                0x000000000000578e                dwt_write32bitoffsetreg
 .text._dwt_otpread
                0x00000000000057b8       0x2c ../app/libapp.a(deca_device.c.obj)
                0x00000000000057b8                _dwt_otpread
 .text._dwt_aonarrayupload
                0x00000000000057e4       0x1a ../app/libapp.a(deca_device.c.obj)
                0x00000000000057e4                _dwt_aonarrayupload
 .text._dwt_configlde
                0x00000000000057fe       0x2a ../app/libapp.a(deca_device.c.obj)
                0x00000000000057fe                _dwt_configlde
 .text._dwt_enableclocks
                0x0000000000005828       0xd4 ../app/libapp.a(deca_device.c.obj)
                0x0000000000005828                _dwt_enableclocks
 .text._dwt_loaducodefromrom
                0x00000000000058fc       0x24 ../app/libapp.a(deca_device.c.obj)
                0x00000000000058fc                _dwt_loaducodefromrom
 .text._dwt_disablesequencing
                0x0000000000005920       0x16 ../app/libapp.a(deca_device.c.obj)
                0x0000000000005920                _dwt_disablesequencing
 .text.dwt_setdelayedtrxtime
                0x0000000000005936        0xa ../app/libapp.a(deca_device.c.obj)
                0x0000000000005936                dwt_setdelayedtrxtime
 .text.dwt_syncrxbufptrs
                0x0000000000005940       0x22 ../app/libapp.a(deca_device.c.obj)
                0x0000000000005940                dwt_syncrxbufptrs
 .text.dwt_rxenable
                0x0000000000005962       0x4e ../app/libapp.a(deca_device.c.obj)
                0x0000000000005962                dwt_rxenable
 .text.dwt_rxreset
                0x00000000000059b0       0x1a ../app/libapp.a(deca_device.c.obj)
                0x00000000000059b0                dwt_rxreset
 .text.dwt_setxtaltrim
                0x00000000000059ca       0x10 ../app/libapp.a(deca_device.c.obj)
                0x00000000000059ca                dwt_setxtaltrim
 .text.usleep   0x00000000000059da       0x4e ../app/libapp.a(port.c.obj)
                0x00000000000059da                usleep
 .text.Sleep    0x0000000000005a28       0x18 ../app/libapp.a(port.c.obj)
                0x0000000000005a28                Sleep
 .text.reset_DW1000
                0x0000000000005a40       0x1a ../app/libapp.a(port.c.obj)
                0x0000000000005a40                reset_DW1000
 .text.setup_DW1000RSTnIRQ
                0x0000000000005a5a       0x12 ../app/libapp.a(port.c.obj)
                0x0000000000005a5a                setup_DW1000RSTnIRQ
 .text.port_wakeup_dw1000
                0x0000000000005a6c        0xc ../app/libapp.a(port.c.obj)
                0x0000000000005a6c                port_wakeup_dw1000
 .text.port_set_dw1000_slowrate
                0x0000000000005a78        0xc ../app/libapp.a(port.c.obj)
                0x0000000000005a78                port_set_dw1000_slowrate
 .text.port_set_dw1000_fastrate
                0x0000000000005a84        0xc ../app/libapp.a(port.c.obj)
                0x0000000000005a84                port_set_dw1000_fastrate
 .text.port_DisableEXT_IRQ
                0x0000000000005a90        0xc ../app/libapp.a(port.c.obj)
                0x0000000000005a90                port_DisableEXT_IRQ
 .text.port_EnableEXT_IRQ
                0x0000000000005a9c        0xc ../app/libapp.a(port.c.obj)
                0x0000000000005a9c                port_EnableEXT_IRQ
 .text.port_GetEXT_IRQStatus
                0x0000000000005aa8        0xe ../app/libapp.a(port.c.obj)
                0x0000000000005aa8                port_GetEXT_IRQStatus
 .text.k_msleep
                0x0000000000005ab6       0x26 ../app/libapp.a(port.c.obj)
 .text.decamutexon
                0x0000000000005adc       0x12 ../app/libapp.a(deca_mutex.c.obj)
                0x0000000000005adc                decamutexon
 .text.decamutexoff
                0x0000000000005aee        0x8 ../app/libapp.a(deca_mutex.c.obj)
                0x0000000000005aee                decamutexoff
 .text.deca_sleep
                0x0000000000005af6        0x4 ../app/libapp.a(deca_sleep.c.obj)
                0x0000000000005af6                deca_sleep
 .text.sys_notify_validate
                0x0000000000005afa       0x22 libzephyr.a(notify.c.obj)
                0x0000000000005afa                sys_notify_validate
 .text.sys_notify_finalize
                0x0000000000005b1c       0x1a libzephyr.a(notify.c.obj)
                0x0000000000005b1c                sys_notify_finalize
 .text.arch_printk_char_out
                0x0000000000005b36        0x4 libzephyr.a(printk.c.obj)
                0x0000000000005b36                arch_printk_char_out
 .text.str_out  0x0000000000005b3a       0x26 libzephyr.a(printk.c.obj)
 .text.printk   0x0000000000005b60       0x1a libzephyr.a(printk.c.obj)
                0x0000000000005b60                printk
 .text.snprintk
                0x0000000000005b7a       0x1a libzephyr.a(printk.c.obj)
                0x0000000000005b7a                snprintk
 .text.process_recheck
                0x0000000000005b94       0x38 libzephyr.a(onoff.c.obj)
 .text.notify_one
                0x0000000000005bcc       0x2c libzephyr.a(onoff.c.obj)
 .text.transition_complete
                0x0000000000005bf8       0x1c libzephyr.a(onoff.c.obj)
 .text.validate_args
                0x0000000000005c14       0x1e libzephyr.a(onoff.c.obj)
 .text.onoff_manager_init
                0x0000000000005c32       0x26 libzephyr.a(onoff.c.obj)
                0x0000000000005c32                onoff_manager_init
 .text.onoff_request
                0x0000000000005c58       0x92 libzephyr.a(onoff.c.obj)
                0x0000000000005c58                onoff_request
 .text.z_thread_entry
                0x0000000000005cea       0x14 libzephyr.a(thread_entry.c.obj)
                0x0000000000005cea                z_thread_entry
 .text.encode_uint
                0x0000000000005cfe       0x8c libzephyr.a(cbprintf_complete.c.obj)
 .text.outs     0x0000000000005d8a       0x2c libzephyr.a(cbprintf_complete.c.obj)
 .text._ConfigAbsSyms
                0x0000000000005db6        0x2 libzephyr.a(configs.c.obj)
                0x0000000000005db6                _ConfigAbsSyms
 .text.log_list_init
                0x0000000000005db8        0x8 libzephyr.a(log_list.c.obj)
                0x0000000000005db8                log_list_init
 .text.log_list_add_tail
                0x0000000000005dc0       0x14 libzephyr.a(log_list.c.obj)
                0x0000000000005dc0                log_list_add_tail
 .text.log_list_head_peek
                0x0000000000005dd4        0x4 libzephyr.a(log_list.c.obj)
                0x0000000000005dd4                log_list_head_peek
 .text.log_list_head_get
                0x0000000000005dd8        0xc libzephyr.a(log_list.c.obj)
                0x0000000000005dd8                log_list_head_get
 .text.z_log_msg_std_alloc
                0x0000000000005de4       0x12 libzephyr.a(log_core.c.obj)
 .text.k_cycle_get_32_wrapper
                0x0000000000005df6        0x4 libzephyr.a(log_core.c.obj)
 .text.dummy_timestamp
                0x0000000000005dfa        0x4 libzephyr.a(log_core.c.obj)
 .text.z_log_get_s_mask
                0x0000000000005dfe       0x40 libzephyr.a(log_core.c.obj)
                0x0000000000005dfe                z_log_get_s_mask
 .text.log_0    0x0000000000005e3e       0x1a libzephyr.a(log_core.c.obj)
                0x0000000000005e3e                log_0
 .text.log_1    0x0000000000005e58       0x28 libzephyr.a(log_core.c.obj)
                0x0000000000005e58                log_1
 .text.log_2    0x0000000000005e80       0x32 libzephyr.a(log_core.c.obj)
                0x0000000000005e80                log_2
 .text.log_3    0x0000000000005eb2       0x38 libzephyr.a(log_core.c.obj)
                0x0000000000005eb2                log_3
 .text.log_printk
                0x0000000000005eea       0x30 libzephyr.a(log_core.c.obj)
                0x0000000000005eea                log_printk
 .text.log_msg_hexdump_data_op
                0x0000000000005f1a       0xac libzephyr.a(log_msg.c.obj)
 .text.log_msg_get
                0x0000000000005fc6       0x1a libzephyr.a(log_msg.c.obj)
                0x0000000000005fc6                log_msg_get
 .text.log_msg_nargs_get
                0x0000000000005fe0        0x6 libzephyr.a(log_msg.c.obj)
                0x0000000000005fe0                log_msg_nargs_get
 .text.log_msg_arg_get
                0x0000000000005fe6       0x3e libzephyr.a(log_msg.c.obj)
                0x0000000000005fe6                log_msg_arg_get
 .text.log_msg_put
                0x0000000000006024       0x26 libzephyr.a(log_msg.c.obj)
                0x0000000000006024                log_msg_put
 .text.log_msg_str_get
                0x000000000000604a        0x4 libzephyr.a(log_msg.c.obj)
                0x000000000000604a                log_msg_str_get
 .text.log_msg_hexdump_create
                0x000000000000604e       0xa8 libzephyr.a(log_msg.c.obj)
                0x000000000000604e                log_msg_hexdump_create
 .text.log_msg_hexdump_data_get
                0x00000000000060f6        0xe libzephyr.a(log_msg.c.obj)
                0x00000000000060f6                log_msg_hexdump_data_get
 .text.buffer_write
                0x0000000000006104       0x1a libzephyr.a(log_output.c.obj)
 .text.std_print
                0x000000000000611e      0x2ba libzephyr.a(log_output.c.obj)
 .text.log_output_flush
                0x00000000000063d8       0x1a libzephyr.a(log_output.c.obj)
                0x00000000000063d8                log_output_flush
 .text.out_func
                0x00000000000063f2       0x36 libzephyr.a(log_output.c.obj)
 .text.pm_policy_next_state
                0x0000000000006428        0x8 libzephyr.a(policy_residency.c.obj)
                0x0000000000006428                pm_policy_next_state
 .text.get_status
                0x0000000000006430       0x12 libzephyr.a(clock_control_nrf.c.obj)
 .text.set_on_state
                0x0000000000006442       0x26 libzephyr.a(clock_control_nrf.c.obj)
 .text.stop     0x0000000000006468       0x54 libzephyr.a(clock_control_nrf.c.obj)
 .text.api_stop
                0x00000000000064bc        0x6 libzephyr.a(clock_control_nrf.c.obj)
 .text.async_start
                0x00000000000064c2       0x60 libzephyr.a(clock_control_nrf.c.obj)
 .text.api_start
                0x0000000000006522        0xe libzephyr.a(clock_control_nrf.c.obj)
 .text.onoff_started_callback
                0x0000000000006530       0x12 libzephyr.a(clock_control_nrf.c.obj)
 .text.lfclk_stop
                0x0000000000006542        0x6 libzephyr.a(clock_control_nrf.c.obj)
 .text.blocking_start_callback
                0x0000000000006548        0x6 libzephyr.a(clock_control_nrf.c.obj)
 .text.sys_clock_isr
                0x000000000000654e        0x2 libzephyr.a(sys_clock_init.c.obj)
                0x000000000000654e                sys_clock_isr
 .text.sys_clock_idle_exit
                0x0000000000006550        0x2 libzephyr.a(sys_clock_init.c.obj)
                0x0000000000006550                sys_clock_idle_exit
 .text._GetAvailWriteSpace
                0x0000000000006552       0x12 libzephyr.a(SEGGER_RTT.c.obj)
 .text._WriteNoCheck
                0x0000000000006564       0x38 libzephyr.a(SEGGER_RTT.c.obj)
 .text._WriteBlocking
                0x000000000000659c       0x52 libzephyr.a(SEGGER_RTT.c.obj)
 .text.SEGGER_RTT_Init
                0x00000000000065ee        0x4 libzephyr.a(SEGGER_RTT.c.obj)
                0x00000000000065ee                SEGGER_RTT_Init
 .text.rtt_init
                0x00000000000065f2        0xa libzephyr.a(SEGGER_RTT_zephyr.c.obj)
 .text.z_irq_spurious
                0x00000000000065fc        0x8 arch/arch/arm/core/aarch32/libarch__arm__core__aarch32.a(irq_manage.c.obj)
                0x00000000000065fc                z_irq_spurious
 .text.z_do_kernel_oops
                0x0000000000006604        0x8 arch/arch/arm/core/aarch32/libarch__arm__core__aarch32.a(fatal.c.obj)
                0x0000000000006604                z_do_kernel_oops
 .text.z_arm_nmi
                0x000000000000660c        0xe arch/arch/arm/core/aarch32/libarch__arm__core__aarch32.a(nmi.c.obj)
                0x000000000000660c                z_arm_nmi
 .text.strcpy   0x000000000000661a       0x14 lib/libc/minimal/liblib__libc__minimal.a(string.c.obj)
                0x000000000000661a                strcpy
 .text.strncpy  0x000000000000662e       0x24 lib/libc/minimal/liblib__libc__minimal.a(string.c.obj)
                0x000000000000662e                strncpy
 .text.strlen   0x0000000000006652        0xe lib/libc/minimal/liblib__libc__minimal.a(string.c.obj)
                0x0000000000006652                strlen
 .text.strnlen  0x0000000000006660       0x12 lib/libc/minimal/liblib__libc__minimal.a(string.c.obj)
                0x0000000000006660                strnlen
 .text.strcmp   0x0000000000006672       0x18 lib/libc/minimal/liblib__libc__minimal.a(string.c.obj)
                0x0000000000006672                strcmp
 .text.memcpy   0x000000000000668a       0x56 lib/libc/minimal/liblib__libc__minimal.a(string.c.obj)
                0x000000000000668a                memcpy
 .text.memset   0x00000000000066e0       0x46 lib/libc/minimal/liblib__libc__minimal.a(string.c.obj)
                0x00000000000066e0                memset
 .text._stdout_hook_default
                0x0000000000006726        0x6 lib/libc/minimal/liblib__libc__minimal.a(stdout_console.c.obj)
 .text.z_platform_init
                0x000000000000672c        0x4 soc/arm/nordic_nrf/nrf52/libsoc__arm__nordic_nrf__nrf52.a(soc.c.obj)
                0x000000000000672c                z_platform_init
 .text.pm_power_state_set
                0x0000000000006730       0x26 soc/arm/nordic_nrf/nrf52/libsoc__arm__nordic_nrf__nrf52.a(power.c.obj)
                0x0000000000006730                pm_power_state_set
 .text.pm_power_state_exit_post_ops
                0x0000000000006756       0x16 soc/arm/nordic_nrf/nrf52/libsoc__arm__nordic_nrf__nrf52.a(power.c.obj)
                0x0000000000006756                pm_power_state_exit_post_ops
 .text.nrf_gpio_cfg_sense_set
                0x000000000000676c       0x1c drivers/gpio/libdrivers__gpio.a(gpio_nrfx.c.obj)
 .text.gpio_nrfx_port_get_raw
                0x0000000000006788        0xe drivers/gpio/libdrivers__gpio.a(gpio_nrfx.c.obj)
 .text.gpio_nrfx_port_set_masked_raw
                0x0000000000006796       0x16 drivers/gpio/libdrivers__gpio.a(gpio_nrfx.c.obj)
 .text.gpio_nrfx_port_set_bits_raw
                0x00000000000067ac        0xc drivers/gpio/libdrivers__gpio.a(gpio_nrfx.c.obj)
 .text.gpio_nrfx_port_clear_bits_raw
                0x00000000000067b8        0xc drivers/gpio/libdrivers__gpio.a(gpio_nrfx.c.obj)
 .text.gpio_nrfx_port_toggle_bits
                0x00000000000067c4       0x12 drivers/gpio/libdrivers__gpio.a(gpio_nrfx.c.obj)
 .text.gpio_nrfx_manage_callback
                0x00000000000067d6       0x54 drivers/gpio/libdrivers__gpio.a(gpio_nrfx.c.obj)
 .text.gpio_pin_set.isra.0
                0x000000000000682a       0x20 drivers/spi/libdrivers__spi.a(spi_nrfx_spi.c.obj)
 .text._spi_context_cs_control
                0x000000000000684a       0x4a drivers/spi/libdrivers__spi.a(spi_nrfx_spi.c.obj)
 .text.spi_context_unlock_unconditionally
                0x0000000000006894       0x20 drivers/spi/libdrivers__spi.a(spi_nrfx_spi.c.obj)
 .text.spi_nrfx_release
                0x00000000000068b4       0x24 drivers/spi/libdrivers__spi.a(spi_nrfx_spi.c.obj)
 .text.uart_nrfx_config_get
                0x00000000000068d8       0x10 drivers/serial/libdrivers__serial.a(uart_nrfx_uart.c.obj)
 .text.nrf52_errata_12
                0x00000000000068e8       0x1c ../modules/hal_nordic/nrfx/libmodules__hal_nordic__nrfx.a(system_nrf52.c.obj)
 .text.nrfx_isr
                0x0000000000006904        0x2 ../modules/hal_nordic/nrfx/libmodules__hal_nordic__nrfx.a(nrfx_glue.c.obj)
                0x0000000000006904                nrfx_isr
 .text.nrfx_busy_wait
                0x0000000000006906        0x4 ../modules/hal_nordic/nrfx/libmodules__hal_nordic__nrfx.a(nrfx_glue.c.obj)
                0x0000000000006906                nrfx_busy_wait
 .text.nrfx_clock_enable
                0x000000000000690a       0x14 ../modules/hal_nordic/nrfx/libmodules__hal_nordic__nrfx.a(nrfx_clock.c.obj)
                0x000000000000690a                nrfx_clock_enable
 .text.transfer_byte
                0x000000000000691e       0x66 ../modules/hal_nordic/nrfx/libmodules__hal_nordic__nrfx.a(nrfx_spi.c.obj)
 .text.z_device_state_init
                0x0000000000006984        0x2 kernel/libkernel.a(device.c.obj)
                0x0000000000006984                z_device_state_init
 .text.z_device_ready
                0x0000000000006986       0x12 kernel/libkernel.a(device.c.obj)
                0x0000000000006986                z_device_ready
 .text.arch_system_halt
                0x0000000000006998       0x12 kernel/libkernel.a(fatal.c.obj)
                0x0000000000006998                arch_system_halt
 .text.z_pm_save_idle_exit
                0x00000000000069aa        0xe kernel/libkernel.a(idle.c.obj)
                0x00000000000069aa                z_pm_save_idle_exit
 .text.k_mem_slab_init
                0x00000000000069b8       0x36 kernel/libkernel.a(mem_slab.c.obj)
                0x00000000000069b8                k_mem_slab_init
 .text.adjust_owner_prio.isra.0
                0x00000000000069ee       0x10 kernel/libkernel.a(mutex.c.obj)
 .text.sys_dlist_remove
                0x00000000000069fe       0x10 kernel/libkernel.a(sched.c.obj)
 .text.unpend_thread_no_timeout
                0x0000000000006a0e       0x14 kernel/libkernel.a(sched.c.obj)
 .text.z_unpend_thread_no_timeout
                0x0000000000006a22       0x20 kernel/libkernel.a(sched.c.obj)
                0x0000000000006a22                z_unpend_thread_no_timeout
 .text.z_reschedule_irqlock
                0x0000000000006a42       0x18 kernel/libkernel.a(sched.c.obj)
                0x0000000000006a42                z_reschedule_irqlock
 .text.z_reschedule_unlocked
                0x0000000000006a5a       0x14 kernel/libkernel.a(sched.c.obj)
 .text.z_priq_dumb_best
                0x0000000000006a6e        0xc kernel/libkernel.a(sched.c.obj)
                0x0000000000006a6e                z_priq_dumb_best
 .text.add_to_waitq_locked
                0x0000000000006a7a       0x54 kernel/libkernel.a(sched.c.obj)
 .text.z_ready_thread
                0x0000000000006ace       0x20 kernel/libkernel.a(sched.c.obj)
                0x0000000000006ace                z_ready_thread
 .text.z_thread_timeout
                0x0000000000006aee       0x44 kernel/libkernel.a(sched.c.obj)
                0x0000000000006aee                z_thread_timeout
 .text.z_unpend1_no_timeout
                0x0000000000006b32       0x2a kernel/libkernel.a(sched.c.obj)
                0x0000000000006b32                z_unpend1_no_timeout
 .text.z_unpend_first_thread
                0x0000000000006b5c       0x30 kernel/libkernel.a(sched.c.obj)
                0x0000000000006b5c                z_unpend_first_thread
 .text.k_is_in_isr
                0x0000000000006b8c        0xc kernel/libkernel.a(thread.c.obj)
                0x0000000000006b8c                k_is_in_isr
 .text.z_impl_k_busy_wait
                0x0000000000006b98        0x8 kernel/libkernel.a(thread.c.obj)
                0x0000000000006b98                z_impl_k_busy_wait
 .text.z_impl_k_thread_name_set
                0x0000000000006ba0        0x6 kernel/libkernel.a(thread.c.obj)
                0x0000000000006ba0                z_impl_k_thread_name_set
 .text.k_thread_name_get
                0x0000000000006ba6        0x4 kernel/libkernel.a(thread.c.obj)
                0x0000000000006ba6                k_thread_name_get
 .text.z_abort_timeout
                0x0000000000006baa       0x2c kernel/libkernel.a(timeout.c.obj)
                0x0000000000006baa                z_abort_timeout
 .text.z_get_next_timeout_expiry
                0x0000000000006bd6       0x20 kernel/libkernel.a(timeout.c.obj)
                0x0000000000006bd6                z_get_next_timeout_expiry
 .text.z_set_timeout_expiry
                0x0000000000006bf6       0x34 kernel/libkernel.a(timeout.c.obj)
                0x0000000000006bf6                z_set_timeout_expiry
 .text.sys_clock_tick_get_32
                0x0000000000006c2a        0x8 kernel/libkernel.a(timeout.c.obj)
                0x0000000000006c2a                sys_clock_tick_get_32
 .text.k_timer_init
                0x0000000000006c32       0x18 kernel/libkernel.a(timer.c.obj)
                0x0000000000006c32                k_timer_init
 .text.z_impl_k_timer_stop
                0x0000000000006c4a       0x3a kernel/libkernel.a(timer.c.obj)
                0x0000000000006c4a                z_impl_k_timer_stop
 .text._OffsetAbsSyms
                0x0000000000006c84        0x2 CMakeFiles/offsets.dir/arch/arm/core/offsets/offsets.c.obj
                0x0000000000006c84                _OffsetAbsSyms
 *(SORT_BY_ALIGNMENT(.TEXT.*))
 *(SORT_BY_ALIGNMENT(.gnu.linkonce.t.*))
 *(SORT_BY_ALIGNMENT(.glue_7t))
 .glue_7t       0x0000000000006c86        0x0 linker stubs
 *(SORT_BY_ALIGNMENT(.glue_7))
 .glue_7        0x0000000000006c86        0x0 linker stubs
 *(SORT_BY_ALIGNMENT(.vfp11_veneer))
 .vfp11_veneer  0x0000000000006c86        0x0 linker stubs
 *(SORT_BY_ALIGNMENT(.v4_bx))
 .v4_bx         0x0000000000006c86        0x0 linker stubs
                0x0000000000006c86                _image_text_end = .

.ARM.exidx      0x0000000000006c88        0x8
                0x0000000000006c88                __exidx_start = .
 *(SORT_BY_ALIGNMENT(.ARM.exidx*) SORT_BY_ALIGNMENT(gnu.linkonce.armexidx.*))
 .ARM.exidx     0x0000000000006c88        0x8 /home/ggory15/zephyr-sdk-0.12.4/arm-zephyr-eabi/bin/../lib/gcc/arm-zephyr-eabi/10.2.0/thumb/v7e-m/nofp/libgcc.a(_udivmoddi4.o)
                0x0000000000006c90                __exidx_end = .
                0x0000000000006c90                _image_rodata_start = .

initlevel       0x0000000000006c90       0x60
                0x0000000000006c90                __init_start = .
                0x0000000000006c90                __init_PRE_KERNEL_1_start = .
 *(SORT_BY_NAME(SORT_BY_ALIGNMENT(.init_PRE_KERNEL_1[0-9]_*)))
 .init_PRE_KERNEL_10_
                0x0000000000006c90        0x8 soc/arm/nordic_nrf/nrf52/libsoc__arm__nordic_nrf__nrf52.a(soc.c.obj)
 *(SORT_BY_NAME(SORT_BY_ALIGNMENT(.init_PRE_KERNEL_1[1-9][0-9]_*)))
 .init_PRE_KERNEL_130_
                0x0000000000006c98        0x8 libzephyr.a(SEGGER_RTT_zephyr.c.obj)
 .init_PRE_KERNEL_130_
                0x0000000000006ca0        0x8 kernel/libkernel.a(mem_slab.c.obj)
 .init_PRE_KERNEL_140_
                0x0000000000006ca8        0x8 libzephyr.a(rtt_console.c.obj)
 .init_PRE_KERNEL_140_
                0x0000000000006cb0        0x8 arch/arch/arm/core/aarch32/cortex_m/mpu/libarch__arm__core__aarch32__cortex_m__mpu.a(arm_mpu.c.obj)
 .init_PRE_KERNEL_150_
                0x0000000000006cb8        0x8 libzephyr.a(clock_control_nrf.c.obj)
 .init_PRE_KERNEL_150_
                0x0000000000006cc0        0x8 drivers/serial/libdrivers__serial.a(uart_nrfx_uart.c.obj)
 .init_PRE_KERNEL_160_
                0x0000000000006cc8        0x8 libzephyr.a(uart_console.c.obj)
                0x0000000000006cd0                __init_PRE_KERNEL_2_start = .
 *(SORT_BY_NAME(SORT_BY_ALIGNMENT(.init_PRE_KERNEL_2[0-9]_*)))
 .init_PRE_KERNEL_20_
                0x0000000000006cd0        0x8 libzephyr.a(sys_clock_init.c.obj)
 *(SORT_BY_NAME(SORT_BY_ALIGNMENT(.init_PRE_KERNEL_2[1-9][0-9]_*)))
                0x0000000000006cd8                __init_POST_KERNEL_start = .
 *(SORT_BY_NAME(SORT_BY_ALIGNMENT(.init_POST_KERNEL[0-9]_*)))
 .init_POST_KERNEL0_
                0x0000000000006cd8        0x8 libzephyr.a(log_core.c.obj)
 *(SORT_BY_NAME(SORT_BY_ALIGNMENT(.init_POST_KERNEL[1-9][0-9]_*)))
 .init_POST_KERNEL40_
                0x0000000000006ce0        0x8 drivers/gpio/libdrivers__gpio.a(gpio_nrfx.c.obj)
 .init_POST_KERNEL70_
                0x0000000000006ce8        0x8 drivers/spi/libdrivers__spi.a(spi_nrfx_spi.c.obj)
                0x0000000000006cf0                __init_APPLICATION_start = .
 *(SORT_BY_NAME(SORT_BY_ALIGNMENT(.init_APPLICATION[0-9]_*)))
 *(SORT_BY_NAME(SORT_BY_ALIGNMENT(.init_APPLICATION[1-9][0-9]_*)))
                0x0000000000006cf0                __init_SMP_start = .
 *(SORT_BY_NAME(SORT_BY_ALIGNMENT(.init_SMP[0-9]_*)))
 *(SORT_BY_NAME(SORT_BY_ALIGNMENT(.init_SMP[1-9][0-9]_*)))
                0x0000000000006cf0                __init_end = .

sw_isr_table    0x0000000000006cf0      0x138
                0x0000000000006cf0                . = ALIGN (0x0)
 *(SORT_BY_ALIGNMENT(.gnu.linkonce.sw_isr_table*))
 .gnu.linkonce.sw_isr_table
                0x0000000000006cf0      0x138 arch/common/libisr_tables.a(isr_tables.c.obj)
                0x0000000000006cf0                _sw_isr_table

initlevel_error
                0x0000000000006c90        0x0
 *(SORT_BY_NAME(SORT_BY_ALIGNMENT(.init_[_A-Z0-9]*)))
                0x0000000000000001                ASSERT ((SIZEOF (initlevel_error) == 0x0), Undefined initialization levels used.)

app_shmem_regions
                0x0000000000006e28        0x0
                0x0000000000006e28                __app_shmem_regions_start = .
 *(SORT_BY_NAME(SORT_BY_ALIGNMENT(.app_regions.*)))
                0x0000000000006e28                __app_shmem_regions_end = .

bt_l2cap_fixed_chan_area
                0x0000000000006e28        0x0
                0x0000000000006e28                _bt_l2cap_fixed_chan_list_start = .
 *(SORT_BY_NAME(SORT_BY_ALIGNMENT(._bt_l2cap_fixed_chan.static.*)))
                0x0000000000006e28                _bt_l2cap_fixed_chan_list_end = .

bt_gatt_service_static_area
                0x0000000000006e28        0x0
                0x0000000000006e28                _bt_gatt_service_static_list_start = .
 *(SORT_BY_NAME(SORT_BY_ALIGNMENT(._bt_gatt_service_static.static.*)))
                0x0000000000006e28                _bt_gatt_service_static_list_end = .

k_p4wq_initparam_area
                0x0000000000006e28        0x0
                0x0000000000006e28                _k_p4wq_initparam_list_start = .
 *(SORT_BY_NAME(SORT_BY_ALIGNMENT(._k_p4wq_initparam.static.*)))
                0x0000000000006e28                _k_p4wq_initparam_list_end = .

log_const_sections
                0x0000000000006e28       0x40
                0x0000000000006e28                __log_const_start = .
 *(SORT_BY_NAME(SORT_BY_ALIGNMENT(.log_const_*)))
 .log_const_clock_control
                0x0000000000006e28        0x8 libzephyr.a(clock_control_nrf.c.obj)
                0x0000000000006e28                log_const_clock_control
 .log_const_deca_spi
                0x0000000000006e30        0x8 ../app/libapp.a(deca_spi.c.obj)
                0x0000000000006e30                log_const_deca_spi
 .log_const_log
                0x0000000000006e38        0x8 libzephyr.a(log_core.c.obj)
                0x0000000000006e38                log_const_log
 .log_const_mpu
                0x0000000000006e40        0x8 arch/arch/arm/core/aarch32/cortex_m/mpu/libarch__arm__core__aarch32__cortex_m__mpu.a(arm_core_mpu.c.obj)
                0x0000000000006e40                log_const_mpu
 .log_const_os  0x0000000000006e48        0x8 kernel/libkernel.a(init.c.obj)
                0x0000000000006e48                log_const_os
 .log_const_power
                0x0000000000006e50        0x8 libzephyr.a(power.c.obj)
                0x0000000000006e50                log_const_power
 .log_const_soc
                0x0000000000006e58        0x8 soc/arm/nordic_nrf/nrf52/libsoc__arm__nordic_nrf__nrf52.a(soc.c.obj)
                0x0000000000006e58                log_const_soc
 .log_const_spi_nrfx_spi
                0x0000000000006e60        0x8 drivers/spi/libdrivers__spi.a(spi_nrfx_spi.c.obj)
                0x0000000000006e60                log_const_spi_nrfx_spi
                0x0000000000006e68                __log_const_end = .

log_backends_sections
                0x0000000000006e68       0x20
                0x0000000000006e68                __log_backends_start = .
 *(SORT_BY_ALIGNMENT(._log_backend.*))
 ._log_backend.static.log_backend_uart
                0x0000000000006e68       0x10 libzephyr.a(log_backend_uart.c.obj)
 ._log_backend.static.log_backend_rtt
                0x0000000000006e78       0x10 libzephyr.a(log_backend_rtt.c.obj)
                0x0000000000006e88                __log_backends_end = .

shell_area      0x0000000000006e88        0x0
                0x0000000000006e88                _shell_list_start = .
 *(SORT_BY_NAME(SORT_BY_ALIGNMENT(._shell.static.*)))
                0x0000000000006e88                _shell_list_end = .

shell_root_cmds_sections
                0x0000000000006e88        0x0
                0x0000000000006e88                __shell_root_cmds_start = .
 *(SORT_BY_NAME(SORT_BY_ALIGNMENT(.shell_root_cmd_*)))
                0x0000000000006e88                __shell_root_cmds_end = .

font_entry_sections
                0x0000000000006e88        0x0
                0x0000000000006e88                __font_entry_start = .
 *(SORT_BY_NAME(SORT_BY_ALIGNMENT(._cfb_font.*)))
                0x0000000000006e88                __font_entry_end = .

tracing_backend_area
                0x0000000000006e88        0x0
                0x0000000000006e88                _tracing_backend_list_start = .
 *(SORT_BY_NAME(SORT_BY_ALIGNMENT(._tracing_backend.static.*)))
                0x0000000000006e88                _tracing_backend_list_end = .

zephyr_dbg_info
 *(SORT_BY_ALIGNMENT(.dbg_thread_info))

device_handles  0x0000000000006e88       0x2e
                0x0000000000006e88                __device_handles_start = .
 *(SORT_BY_NAME(SORT_BY_ALIGNMENT(.__device_handles_pass1*)))
 .__device_handles_pass1
                0x0000000000006e88        0xa libzephyr.a(clock_control_nrf.c.obj)
                0x0000000000006e88                __devicehdl_DT_N_S_soc_S_clock_40000000
 .__device_handles_pass1
                0x0000000000006e92        0x6 libzephyr.a(sys_clock_init.c.obj)
                0x0000000000006e92                __devicehdl_sys_init_sys_clock_driver_init0
 .__device_handles_pass1
                0x0000000000006e98        0x8 drivers/gpio/libdrivers__gpio.a(gpio_nrfx.c.obj)
                0x0000000000006e98                __devicehdl_DT_N_S_soc_S_gpio_50000000
 .__device_handles_pass1
                0x0000000000006ea0        0xc drivers/spi/libdrivers__spi.a(spi_nrfx_spi.c.obj)
                0x0000000000006ea0                __devicehdl_DT_N_S_soc_S_spi_40004000
 .__device_handles_pass1
                0x0000000000006eac        0xa drivers/serial/libdrivers__serial.a(uart_nrfx_uart.c.obj)
                0x0000000000006eac                __devicehdl_DT_N_S_soc_S_uart_40002000
                0x0000000000006eb6                __device_handles_end = .

rodata          0x0000000000006ec0      0xa64
 *(SORT_BY_ALIGNMENT(.rodata))
 *(SORT_BY_ALIGNMENT(.rodata.*))
 .rodata.delay_machine_code.0
                0x0000000000006ec0        0x6 soc/arm/nordic_nrf/nrf52/libsoc__arm__nordic_nrf__nrf52.a(soc.c.obj)
 *fill*         0x0000000000006ec6        0x2 
 .rodata.agc_config
                0x0000000000006ec8        0x8 ../app/libapp.a(deca_params_init.c.obj)
                0x0000000000006ec8                agc_config
 .rodata.digital_bb_config
                0x0000000000006ed0       0x20 ../app/libapp.a(deca_params_init.c.obj)
                0x0000000000006ed0                digital_bb_config
 .rodata.fs_pll_cfg
                0x0000000000006ef0       0x18 ../app/libapp.a(deca_params_init.c.obj)
                0x0000000000006ef0                fs_pll_cfg
 .rodata.tx_config
                0x0000000000006f08       0x18 ../app/libapp.a(deca_params_init.c.obj)
                0x0000000000006f08                tx_config
 .rodata.colors
                0x0000000000006f20       0x14 libzephyr.a(log_output.c.obj)
 .rodata.severity
                0x0000000000006f34       0x14 libzephyr.a(log_output.c.obj)
 .rodata.log_backend_uart_api
                0x0000000000006f48       0x18 libzephyr.a(log_backend_uart.c.obj)
                0x0000000000006f48                log_backend_uart_api
 .rodata.log_output_uart
                0x0000000000006f60       0x10 libzephyr.a(log_backend_uart.c.obj)
 .rodata.log_backend_rtt_api
                0x0000000000006f70       0x18 libzephyr.a(log_backend_rtt.c.obj)
                0x0000000000006f70                log_backend_rtt_api
 .rodata.log_output_rtt
                0x0000000000006f88       0x10 libzephyr.a(log_backend_rtt.c.obj)
 .rodata.clock_control_api
                0x0000000000006f98       0x14 libzephyr.a(clock_control_nrf.c.obj)
 .rodata.config
                0x0000000000006fac       0x18 libzephyr.a(clock_control_nrf.c.obj)
 .rodata.transitions.0
                0x0000000000006fc4        0xc libzephyr.a(clock_control_nrf.c.obj)
 .rodata.static_regions
                0x0000000000006fd0        0xc arch/arch/arm/core/aarch32/cortex_m/mpu/libarch__arm__core__aarch32__cortex_m__mpu.a(arm_core_mpu.c.obj)
 .rodata.mpu_config
                0x0000000000006fdc        0x8 soc/arm/common/cortex_m/libsoc__arm__common__cortex_m.a(arm_mpu_regions.c.obj)
                0x0000000000006fdc                mpu_config
 .rodata.mpu_regions
                0x0000000000006fe4       0x18 soc/arm/common/cortex_m/libsoc__arm__common__cortex_m.a(arm_mpu_regions.c.obj)
 .rodata.gpio_nrfx_drv_api_funcs
                0x0000000000006ffc       0x24 drivers/gpio/libdrivers__gpio.a(gpio_nrfx.c.obj)
 .rodata.gpio_nrfx_p0_cfg
                0x0000000000007020        0xc drivers/gpio/libdrivers__gpio.a(gpio_nrfx.c.obj)
 .rodata.spi_1z_config
                0x000000000000702c       0x18 drivers/spi/libdrivers__spi.a(spi_nrfx_spi.c.obj)
 .rodata.spi_nrfx_driver_api
                0x0000000000007044        0x8 drivers/spi/libdrivers__spi.a(spi_nrfx_spi.c.obj)
 .rodata.uart_nrfx_uart_driver_api
                0x000000000000704c       0x14 drivers/serial/libdrivers__serial.a(uart_nrfx_uart.c.obj)
 .rodata.levels.0
                0x0000000000007060       0x14 kernel/libkernel.a(device.c.obj)
 .rodata._k_neg_eagain
                0x0000000000007074        0x4 kernel/libkernel.a(errno.c.obj)
                0x0000000000007074                _k_neg_eagain
 .rodata.CSWTCH.17
                0x0000000000007078       0x14 kernel/libkernel.a(fatal.c.obj)
 .rodata.dtune1
                0x000000000000708c        0x4 ../app/libapp.a(deca_params_init.c.obj)
                0x000000000000708c                dtune1
 .rodata.lde_replicaCoeff
                0x0000000000007090       0x32 ../app/libapp.a(deca_params_init.c.obj)
                0x0000000000007090                lde_replicaCoeff
 .rodata.sftsh  0x00000000000070c2        0xc ../app/libapp.a(deca_params_init.c.obj)
                0x00000000000070c2                sftsh
 .rodata.main.str1.1
                0x00000000000070ce       0x1e ../app/libapp.a(main.c.obj)
 .rodata.chan_idx
                0x00000000000070ec        0x8 ../app/libapp.a(deca_params_init.c.obj)
                0x00000000000070ec                chan_idx
 .rodata.dwnsSFDlen
                0x00000000000070f4        0x3 ../app/libapp.a(deca_params_init.c.obj)
                0x00000000000070f4                dwnsSFDlen
 .rodata.fs_pll_tune
                0x00000000000070f7        0x6 ../app/libapp.a(deca_params_init.c.obj)
                0x00000000000070f7                fs_pll_tune
 .rodata.rx_config
                0x00000000000070fd        0x2 ../app/libapp.a(deca_params_init.c.obj)
                0x00000000000070fd                rx_config
 .rodata.openspi.str1.1
                0x00000000000070ff       0x40 ../app/libapp.a(deca_spi.c.obj)
 .rodata.str1.1
                0x000000000000713f        0x9 ../app/libapp.a(deca_spi.c.obj)
 .rodata.__func__.0
                0x0000000000007148        0x8 ../app/libapp.a(deca_spi.c.obj)
 .rodata.cbvprintf.str1.1
                0x0000000000007150        0x6 libzephyr.a(cbprintf_complete.c.obj)
 .rodata.enable_logger.str1.1
                0x0000000000007156        0x8 libzephyr.a(log_core.c.obj)
 .rodata.log_strdup.str1.1
                0x000000000000715e       0x1a libzephyr.a(log_core.c.obj)
 .rodata.z_impl_log_process.str1.1
                0x0000000000007178       0x3f libzephyr.a(log_core.c.obj)
 .rodata.str1.1
                0x00000000000071b7        0x4 libzephyr.a(log_core.c.obj)
 .rodata.hexdump_line_print.str1.1
                0x00000000000071bb       0x12 libzephyr.a(log_output.c.obj)
                                         0x16 (size before relaxing)
 .rodata.prefix_print.str1.1
                0x00000000000071cd       0x39 libzephyr.a(log_output.c.obj)
                                         0x3c (size before relaxing)
 .rodata.log_output_msg_process.str1.1
                0x0000000000007206        0x2 libzephyr.a(log_output.c.obj)
 .rodata.log_output_dropped_process.str1.1
                0x0000000000007208        0x2 libzephyr.a(log_output.c.obj)
                                          0x3 (size before relaxing)
 .rodata.str1.1
                0x0000000000007208       0x20 libzephyr.a(log_output.c.obj)
 .rodata.postfix.0
                0x0000000000007228       0x18 libzephyr.a(log_output.c.obj)
 .rodata.prefix.1
                0x0000000000007240        0x5 libzephyr.a(log_output.c.obj)
 .rodata.log_backend_uart_init.str1.1
                0x0000000000007245        0x7 libzephyr.a(log_backend_uart.c.obj)
 .rodata.str1.1
                0x000000000000724c       0x11 libzephyr.a(log_backend_uart.c.obj)
 .rodata.str1.1
                0x000000000000725d       0x10 libzephyr.a(log_backend_rtt.c.obj)
 .rodata.str1.1
                0x000000000000726d        0x6 libzephyr.a(power.c.obj)
 .rodata.uart_console_init.str1.1
                0x0000000000007273        0x7 libzephyr.a(uart_console.c.obj)
 .rodata.str1.1
                0x0000000000007273       0x20 libzephyr.a(clock_control_nrf.c.obj)
 .rodata.str1.1
                0x0000000000007293        0xa libzephyr.a(sys_clock_init.c.obj)
 .rodata._DoInit.str1.1
                0x000000000000729d       0x14 libzephyr.a(SEGGER_RTT.c.obj)
 .rodata.z_arm_fatal_error.str1.1
                0x00000000000072b1       0x9b arch/arch/arm/core/aarch32/libarch__arm__core__aarch32.a(fatal.c.obj)
 .rodata.usage_fault.constprop.0.str1.1
                0x000000000000734c       0xcd arch/arch/arm/core/aarch32/cortex_m/libarch__arm__core__aarch32__cortex_m.a(fault.c.obj)
 .rodata.bus_fault.constprop.0.str1.1
                0x0000000000007419       0xca arch/arch/arm/core/aarch32/cortex_m/libarch__arm__core__aarch32__cortex_m.a(fault.c.obj)
 .rodata.mem_manage_fault.constprop.0.str1.1
                0x00000000000074e3       0x96 arch/arch/arm/core/aarch32/cortex_m/libarch__arm__core__aarch32__cortex_m.a(fault.c.obj)
 .rodata.z_arm_fault.str1.1
                0x0000000000007579       0xe7 arch/arch/arm/core/aarch32/cortex_m/libarch__arm__core__aarch32__cortex_m.a(fault.c.obj)
 .rodata.str1.1
                0x0000000000007660        0x4 arch/arch/arm/core/aarch32/cortex_m/mpu/libarch__arm__core__aarch32__cortex_m__mpu.a(arm_core_mpu.c.obj)
 .rodata.mpu_configure_regions.str1.1
                0x0000000000007664       0x49 arch/arch/arm/core/aarch32/cortex_m/mpu/libarch__arm__core__aarch32__cortex_m__mpu.a(arm_mpu.c.obj)
 .rodata.str1.1
                0x00000000000076ad        0xf soc/arm/common/cortex_m/libsoc__arm__common__cortex_m.a(arm_mpu_regions.c.obj)
 .rodata.str1.1
                0x00000000000076bc        0x4 soc/arm/nordic_nrf/nrf52/libsoc__arm__nordic_nrf__nrf52.a(soc.c.obj)
 .rodata.str1.1
                0x00000000000076c0        0x7 drivers/gpio/libdrivers__gpio.a(gpio_nrfx.c.obj)
 .rodata.spi_1_init.str1.1
                0x00000000000076c0       0x20 drivers/spi/libdrivers__spi.a(spi_nrfx_spi.c.obj)
 .rodata.event_handler.str1.1
                0x00000000000076e0       0x1e drivers/spi/libdrivers__spi.a(spi_nrfx_spi.c.obj)
 .rodata.spi_nrfx_transceive.str1.1
                0x00000000000076fe       0xea drivers/spi/libdrivers__spi.a(spi_nrfx_spi.c.obj)
 .rodata.str1.1
                0x00000000000077e8        0xd drivers/spi/libdrivers__spi.a(spi_nrfx_spi.c.obj)
                                         0x13 (size before relaxing)
 .rodata.str1.1
                0x00000000000077f5        0x7 drivers/serial/libdrivers__serial.a(uart_nrfx_uart.c.obj)
 .rodata.CSWTCH.14
                0x00000000000077f5        0x4 ../modules/hal_nordic/nrfx/libmodules__hal_nordic__nrfx.a(system_nrf52.c.obj)
 .rodata.CSWTCH.18
                0x00000000000077f9        0x4 ../modules/hal_nordic/nrfx/libmodules__hal_nordic__nrfx.a(system_nrf52.c.obj)
 .rodata.CSWTCH.4
                0x00000000000077fd        0x4 ../modules/hal_nordic/nrfx/libmodules__hal_nordic__nrfx.a(system_nrf52.c.obj)
 .rodata.k_sys_fatal_error_handler.str1.1
                0x0000000000007801        0xf kernel/libkernel.a(fatal.c.obj)
 .rodata.z_fatal_error.str1.1
                0x0000000000007810       0x77 kernel/libkernel.a(fatal.c.obj)
 .rodata.str1.1
                0x0000000000007887       0x4a kernel/libkernel.a(fatal.c.obj)
 .rodata.z_cstart.str1.1
                0x00000000000078d1        0x5 kernel/libkernel.a(init.c.obj)
 .rodata.str1.1
                0x00000000000078d6        0x3 kernel/libkernel.a(init.c.obj)
 .rodata.boot_banner.str1.1
                0x00000000000078d9       0x48 kernel/libkernel.a(banner.c.obj)
                                         0x49 (size before relaxing)
 *(SORT_BY_ALIGNMENT(.gnu.linkonce.r.*))
                0x0000000000007924                . = ALIGN (0x4)
 *fill*         0x0000000000007921        0x3 
                0x0000000000007924                _image_rodata_end = .
                0x0000000000007940                . = ALIGN (_region_min_align)
                0x0000000000008000                . = ALIGN ((0x1 << LOG2CEIL ((_image_rodata_end - _image_rom_start))))
                0x0000000000008000                _image_rom_end = .
                0x0000000020000000                . = 0x20000000
                0x0000000020000000                . = ALIGN (_region_min_align)
                0x0000000020000000                _image_ram_start = .

.ramfunc        0x0000000020000000        0x0 load address 0x0000000000007924
                0x0000000020000000                . = ALIGN (_region_min_align)
                0x0000000020000000                . = ALIGN ((0x1 << LOG2CEIL (_ramfunc_ram_size)))
                0x0000000020000000                _ramfunc_ram_start = .
 *(SORT_BY_ALIGNMENT(.ramfunc))
 *(SORT_BY_ALIGNMENT(.ramfunc.*))
                0x0000000020000000                . = ALIGN (_region_min_align)
                0x0000000020000000                . = ALIGN ((0x1 << LOG2CEIL (_ramfunc_ram_size)))
                0x0000000020000000                _ramfunc_ram_end = .
                0x0000000000000000                _ramfunc_ram_size = (_ramfunc_ram_end - _ramfunc_ram_start)
                0x0000000000007924                _ramfunc_rom_start = LOADADDR (.ramfunc)

datas           0x0000000020000000       0xa4 load address 0x0000000000007924
                0x0000000020000000                __data_ram_start = .
 *(SORT_BY_ALIGNMENT(.data))
 *(SORT_BY_ALIGNMENT(.data.*))
 .data.my_id    0x0000000020000000        0x4 ../app/libapp.a(main.c.obj)
                0x0000000020000000                my_id
 .data.pdw1000local
                0x0000000020000004        0x4 ../app/libapp.a(deca_device.c.obj)
 .data._char_out
                0x0000000020000008        0x4 libzephyr.a(printk.c.obj)
                0x0000000020000008                _char_out
 .data.timestamp_func
                0x000000002000000c        0x4 libzephyr.a(log_core.c.obj)
 .data.post_ops_done
                0x0000000020000010        0x4 libzephyr.a(power.c.obj)
 .data._stdout_hook
                0x0000000020000014        0x4 lib/libc/minimal/liblib__libc__minimal.a(stdout_console.c.obj)
 .data.spi_1_data
                0x0000000020000018       0x58 drivers/spi/libdrivers__spi.a(spi_nrfx_spi.c.obj)
 .data.uart_nrfx_uart0_data
                0x0000000020000070        0x8 drivers/serial/libdrivers__serial.a(uart_nrfx_uart.c.obj)
 .data.SystemCoreClock
                0x0000000020000078        0x4 ../modules/hal_nordic/nrfx/libmodules__hal_nordic__nrfx.a(system_nrf52.c.obj)
                0x0000000020000078                SystemCoreClock
 .data.timeout_list
                0x000000002000007c        0x8 kernel/libkernel.a(timeout.c.obj)
 .data.config   0x0000000020000084        0xc ../app/libapp.a(main.c.obj)
 .data.tx_resp_msg
                0x0000000020000090       0x14 ../app/libapp.a(main.c.obj)
 *(SORT_BY_ALIGNMENT(.kernel.*))
                0x0000000000007924                __data_rom_start = LOADADDR (datas)

devices         0x00000000200000a4       0x78 load address 0x00000000000079c8
                0x00000000200000a4                __device_start = .
                0x00000000200000a4                __device_PRE_KERNEL_1_start = .
 *(SORT_BY_NAME(SORT_BY_ALIGNMENT(.device_PRE_KERNEL_1[0-9]_*)))
 *(SORT_BY_NAME(SORT_BY_ALIGNMENT(.device_PRE_KERNEL_1[1-9][0-9]_*)))
 .device_PRE_KERNEL_150_
                0x00000000200000a4       0x18 libzephyr.a(clock_control_nrf.c.obj)
                0x00000000200000a4                __device_dts_ord_20
 .device_PRE_KERNEL_150_
                0x00000000200000bc       0x18 drivers/serial/libdrivers__serial.a(uart_nrfx_uart.c.obj)
                0x00000000200000bc                __device_dts_ord_43
                0x00000000200000d4                __device_PRE_KERNEL_2_start = .
 *(SORT_BY_NAME(SORT_BY_ALIGNMENT(.device_PRE_KERNEL_2[0-9]_*)))
 .device_PRE_KERNEL_20_
                0x00000000200000d4       0x18 libzephyr.a(sys_clock_init.c.obj)
 *(SORT_BY_NAME(SORT_BY_ALIGNMENT(.device_PRE_KERNEL_2[1-9][0-9]_*)))
                0x00000000200000ec                __device_POST_KERNEL_start = .
 *(SORT_BY_NAME(SORT_BY_ALIGNMENT(.device_POST_KERNEL[0-9]_*)))
 *(SORT_BY_NAME(SORT_BY_ALIGNMENT(.device_POST_KERNEL[1-9][0-9]_*)))
 .device_POST_KERNEL40_
                0x00000000200000ec       0x18 drivers/gpio/libdrivers__gpio.a(gpio_nrfx.c.obj)
                0x00000000200000ec                __device_dts_ord_8
 .device_POST_KERNEL70_
                0x0000000020000104       0x18 drivers/spi/libdrivers__spi.a(spi_nrfx_spi.c.obj)
                0x0000000020000104                __device_dts_ord_35
                0x000000002000011c                __device_APPLICATION_start = .
 *(SORT_BY_NAME(SORT_BY_ALIGNMENT(.device_APPLICATION[0-9]_*)))
 *(SORT_BY_NAME(SORT_BY_ALIGNMENT(.device_APPLICATION[1-9][0-9]_*)))
                0x000000002000011c                __device_SMP_start = .
 *(SORT_BY_NAME(SORT_BY_ALIGNMENT(.device_SMP[0-9]_*)))
 *(SORT_BY_NAME(SORT_BY_ALIGNMENT(.device_SMP[1-9][0-9]_*)))
                0x000000002000011c                __device_end = .

initshell       0x000000002000011c        0x0 load address 0x0000000000007a40
                0x000000002000011c                __shell_module_start = .
 *(SORT_BY_ALIGNMENT(.shell_module_*))
                0x000000002000011c                __shell_module_end = .
                0x000000002000011c                __shell_cmd_start = .
 *(SORT_BY_ALIGNMENT(.shell_cmd_*))
                0x000000002000011c                __shell_cmd_end = .

log_dynamic_sections
                0x000000002000011c        0x0 load address 0x0000000000007a40
                0x000000002000011c                __log_dynamic_start = .
 *(SORT_BY_NAME(SORT_BY_ALIGNMENT(.log_dynamic_*)))
                0x000000002000011c                __log_dynamic_end = .

_static_thread_data_area
                0x000000002000011c        0x0 load address 0x0000000000007a40
                0x000000002000011c                __static_thread_data_list_start = .
 *(SORT_BY_NAME(SORT_BY_ALIGNMENT(.__static_thread_data.static.*)))
                0x000000002000011c                __static_thread_data_list_end = .

k_timer_area    0x000000002000011c        0x0 load address 0x0000000000007a40
                0x000000002000011c                _k_timer_list_start = .
 *(SORT_BY_NAME(SORT_BY_ALIGNMENT(._k_timer.static.*)))
                0x000000002000011c                _k_timer_list_end = .

k_mem_slab_area
                0x000000002000011c        0x0 load address 0x0000000000007a40
                0x000000002000011c                _k_mem_slab_list_start = .
 *(SORT_BY_NAME(SORT_BY_ALIGNMENT(._k_mem_slab.static.*)))
                0x000000002000011c                _k_mem_slab_list_end = .

k_mem_pool_area
                0x000000002000011c        0x0 load address 0x0000000000007a40
                0x000000002000011c                _k_mem_pool_list_start = .
 *(SORT_BY_NAME(SORT_BY_ALIGNMENT(._k_mem_pool.static.*)))
                0x000000002000011c                _k_mem_pool_list_end = .

k_heap_area     0x000000002000011c        0x0 load address 0x0000000000007a40
                0x000000002000011c                _k_heap_list_start = .
 *(SORT_BY_NAME(SORT_BY_ALIGNMENT(._k_heap.static.*)))
                0x000000002000011c                _k_heap_list_end = .

k_mutex_area    0x000000002000011c       0x14 load address 0x0000000000007a40
                0x000000002000011c                _k_mutex_list_start = .
 *(SORT_BY_NAME(SORT_BY_ALIGNMENT(._k_mutex.static.*)))
 ._k_mutex.static.rtt_term_mutex
                0x000000002000011c       0x14 libzephyr.a(SEGGER_RTT_zephyr.c.obj)
                0x000000002000011c                rtt_term_mutex
                0x0000000020000130                _k_mutex_list_end = .

k_stack_area    0x0000000020000130        0x0 load address 0x0000000000007a54
                0x0000000020000130                _k_stack_list_start = .
 *(SORT_BY_NAME(SORT_BY_ALIGNMENT(._k_stack.static.*)))
                0x0000000020000130                _k_stack_list_end = .

k_msgq_area     0x0000000020000130        0x0 load address 0x0000000000007a54
                0x0000000020000130                _k_msgq_list_start = .
 *(SORT_BY_NAME(SORT_BY_ALIGNMENT(._k_msgq.static.*)))
                0x0000000020000130                _k_msgq_list_end = .

k_mbox_area     0x0000000020000130        0x0 load address 0x0000000000007a54
                0x0000000020000130                _k_mbox_list_start = .
 *(SORT_BY_NAME(SORT_BY_ALIGNMENT(._k_mbox.static.*)))
                0x0000000020000130                _k_mbox_list_end = .

k_pipe_area     0x0000000020000130        0x0 load address 0x0000000000007a54
                0x0000000020000130                _k_pipe_list_start = .
 *(SORT_BY_NAME(SORT_BY_ALIGNMENT(._k_pipe.static.*)))
                0x0000000020000130                _k_pipe_list_end = .

k_sem_area      0x0000000020000130       0x10 load address 0x0000000000007a54
                0x0000000020000130                _k_sem_list_start = .
 *(SORT_BY_NAME(SORT_BY_ALIGNMENT(._k_sem.static.*)))
 ._k_sem.static.log_process_thread_sem
                0x0000000020000130       0x10 libzephyr.a(log_core.c.obj)
                0x0000000020000130                log_process_thread_sem
                0x0000000020000140                _k_sem_list_end = .

k_queue_area    0x0000000020000140        0x0 load address 0x0000000000007a64
                0x0000000020000140                _k_queue_list_start = .
 *(SORT_BY_NAME(SORT_BY_ALIGNMENT(._k_queue.static.*)))
                0x0000000020000140                _k_queue_list_end = .

k_condvar_area  0x0000000020000140        0x0 load address 0x0000000000007a64
                0x0000000020000140                _k_condvar_list_start = .
 *(SORT_BY_NAME(SORT_BY_ALIGNMENT(._k_condvar.static.*)))
                0x0000000020000140                _k_condvar_list_end = .

_net_buf_pool_area
                0x0000000020000140        0x0 load address 0x0000000000007a64
                0x0000000020000140                _net_buf_pool_list = .
 *(SORT_BY_NAME(SORT_BY_ALIGNMENT(._net_buf_pool.static.*)))
                0x0000000020000140                __data_ram_end = .

bss             0x0000000020000140      0xb59
                0x0000000020000140                . = ALIGN (0x4)
                0x0000000020000140                __bss_start = .
                0x0000000020000140                __kernel_ram_start = .
 *(SORT_BY_ALIGNMENT(.bss))
 *(SORT_BY_ALIGNMENT(.bss.*))
 .bss.poll_rx_ts
                0x0000000020000140        0x8 ../app/libapp.a(main.c.obj)
 .bss.resp_tx_ts
                0x0000000020000148        0x8 ../app/libapp.a(main.c.obj)
 .bss.log_process_thread_timer
                0x0000000020000150       0x38 libzephyr.a(log_core.c.obj)
 .bss.logging_thread
                0x0000000020000188       0x80 libzephyr.a(log_core.c.obj)
                0x0000000020000188                logging_thread
 .bss.z_idle_threads
                0x0000000020000208       0x80 kernel/libkernel.a(init.c.obj)
                0x0000000020000208                z_idle_threads
 .bss.z_main_thread
                0x0000000020000288       0x80 kernel/libkernel.a(init.c.obj)
                0x0000000020000288                z_main_thread
 .bss.curr_tick
                0x0000000020000308        0x8 kernel/libkernel.a(timeout.c.obj)
 .bss.dw1000local
                0x0000000020000310       0x38 ../app/libapp.a(deca_device.c.obj)
 .bss.bufs      0x0000000020000348       0x10 ../app/libapp.a(deca_spi.c.obj)
                0x0000000020000348                bufs
 .bss.cs_ctrl   0x0000000020000358        0xc ../app/libapp.a(deca_spi.c.obj)
 .bss.rx        0x0000000020000364        0x8 ../app/libapp.a(deca_spi.c.obj)
                0x0000000020000364                rx
 .bss.spi       0x000000002000036c        0x4 ../app/libapp.a(deca_spi.c.obj)
                0x000000002000036c                spi
 .bss.spi_cfg   0x0000000020000370        0x4 ../app/libapp.a(deca_spi.c.obj)
                0x0000000020000370                spi_cfg
 .bss.spi_cfgs  0x0000000020000374       0x30 ../app/libapp.a(deca_spi.c.obj)
                0x0000000020000374                spi_cfgs
 .bss.tx        0x00000000200003a4        0x8 ../app/libapp.a(deca_spi.c.obj)
                0x00000000200003a4                tx
 .bss.buffered_cnt
                0x00000000200003ac        0x4 libzephyr.a(log_core.c.obj)
 .bss.dropped_cnt
                0x00000000200003b0        0x4 libzephyr.a(log_core.c.obj)
 .bss.initialized
                0x00000000200003b4        0x4 libzephyr.a(log_core.c.obj)
 .bss.list      0x00000000200003b8        0x8 libzephyr.a(log_core.c.obj)
 .bss.log_strdup_pool
                0x00000000200003c0       0x1c libzephyr.a(log_core.c.obj)
                0x00000000200003c0                log_strdup_pool
 .bss.proc_tid  0x00000000200003dc        0x4 libzephyr.a(log_core.c.obj)
 .bss.log_msg_pool
                0x00000000200003e0       0x1c libzephyr.a(log_msg.c.obj)
                0x00000000200003e0                log_msg_pool
 .bss.freq      0x00000000200003fc        0x4 libzephyr.a(log_output.c.obj)
 .bss.timestamp_div
                0x0000000020000400        0x4 libzephyr.a(log_output.c.obj)
 .bss.backend_cb_log_backend_uart
                0x0000000020000404        0x8 libzephyr.a(log_backend_uart.c.obj)
 .bss.log_output_uart_control_block
                0x000000002000040c        0xc libzephyr.a(log_backend_uart.c.obj)
 .bss.uart_dev  0x0000000020000418        0x4 libzephyr.a(log_backend_uart.c.obj)
 .bss.backend_cb_log_backend_rtt
                0x000000002000041c        0x8 libzephyr.a(log_backend_rtt.c.obj)
 .bss.log_output_rtt_control_block
                0x0000000020000424        0xc libzephyr.a(log_backend_rtt.c.obj)
 .bss.pm_notifiers
                0x0000000020000430        0x8 libzephyr.a(power.c.obj)
 .bss.z_power_state
                0x0000000020000438        0x8 libzephyr.a(power.c.obj)
 .bss.uart_console_dev
                0x0000000020000440        0x4 libzephyr.a(uart_console.c.obj)
 .bss.__devstate_dts_ord_20
                0x0000000020000444        0x4 libzephyr.a(clock_control_nrf.c.obj)
 .bss.cli.2     0x0000000020000448       0x10 libzephyr.a(clock_control_nrf.c.obj)
 .bss.data      0x0000000020000458       0x50 libzephyr.a(clock_control_nrf.c.obj)
 .bss.hfclk_users
                0x00000000200004a8        0x4 libzephyr.a(clock_control_nrf.c.obj)
 .bss.on.3      0x00000000200004ac        0x4 libzephyr.a(clock_control_nrf.c.obj)
 .bss.__devstate_sys_init_sys_clock_driver_init0
                0x00000000200004b0        0x4 libzephyr.a(sys_clock_init.c.obj)
 .bss.cc_data   0x00000000200004b4        0x8 libzephyr.a(nrf_rtc_timer.c.obj)
 .bss.int_mask  0x00000000200004bc        0x4 libzephyr.a(nrf_rtc_timer.c.obj)
 .bss.last_count
                0x00000000200004c0        0x4 libzephyr.a(nrf_rtc_timer.c.obj)
 .bss._SEGGER_RTT
                0x00000000200004c4       0xa8 libzephyr.a(SEGGER_RTT.c.obj)
                0x00000000200004c4                _SEGGER_RTT
 .bss.__devstate_dts_ord_8
                0x000000002000056c        0x4 drivers/gpio/libdrivers__gpio.a(gpio_nrfx.c.obj)
 .bss.gpio_nrfx_p0_data
                0x0000000020000570       0x1c drivers/gpio/libdrivers__gpio.a(gpio_nrfx.c.obj)
 .bss.__devstate_dts_ord_35
                0x000000002000058c        0x4 drivers/spi/libdrivers__spi.a(spi_nrfx_spi.c.obj)
 .bss.__devstate_dts_ord_43
                0x0000000020000590        0x4 drivers/serial/libdrivers__serial.a(uart_nrfx_uart.c.obj)
 .bss.poll_out_lock.0
                0x0000000020000594        0x4 drivers/serial/libdrivers__serial.a(uart_nrfx_uart.c.obj)
 .bss.m_clock_cb
                0x0000000020000598        0x8 ../modules/hal_nordic/nrfx/libmodules__hal_nordic__nrfx.a(nrfx_clock.c.obj)
 .bss.m_cb      0x00000000200005a0       0x50 ../modules/hal_nordic/nrfx/libmodules__hal_nordic__nrfx.a(nrfx_gpiote.c.obj)
 .bss.m_cb      0x00000000200005f0       0x28 ../modules/hal_nordic/nrfx/libmodules__hal_nordic__nrfx.a(nrfx_spi.c.obj)