Archive member included to satisfy reference by file (symbol)

../app/libapp.a(main.c.obj)   (--whole-archive)
../app/libapp.a(ble_init.c.obj)
                              (--whole-archive)
../app/libapp.a(ss_init.c.obj)
                              (--whole-archive)
../app/libapp.a(deca_device.c.obj)
                              (--whole-archive)
../app/libapp.a(deca_params_init.c.obj)
                              (--whole-archive)
../app/libapp.a(port.c.obj)   (--whole-archive)
../app/libapp.a(deca_mutex.c.obj)
                              (--whole-archive)
../app/libapp.a(deca_range_tables.c.obj)
                              (--whole-archive)
../app/libapp.a(deca_sleep.c.obj)
                              (--whole-archive)
../app/libapp.a(deca_spi.c.obj)
                              (--whole-archive)
libzephyr.a(cbprintf.c.obj)   (--whole-archive)
libzephyr.a(cbprintf_packaged.c.obj)
                              (--whole-archive)
libzephyr.a(crc32c_sw.c.obj)  (--whole-archive)
libzephyr.a(crc32_sw.c.obj)   (--whole-archive)
libzephyr.a(crc16_sw.c.obj)   (--whole-archive)
libzephyr.a(crc8_sw.c.obj)    (--whole-archive)
libzephyr.a(crc7_sw.c.obj)    (--whole-archive)
libzephyr.a(dec.c.obj)        (--whole-archive)
libzephyr.a(fdtable.c.obj)    (--whole-archive)
libzephyr.a(hex.c.obj)        (--whole-archive)
libzephyr.a(notify.c.obj)     (--whole-archive)
libzephyr.a(printk.c.obj)     (--whole-archive)
libzephyr.a(onoff.c.obj)      (--whole-archive)
libzephyr.a(rb.c.obj)         (--whole-archive)
libzephyr.a(sem.c.obj)        (--whole-archive)
libzephyr.a(thread_entry.c.obj)
                              (--whole-archive)
libzephyr.a(timeutil.c.obj)   (--whole-archive)
libzephyr.a(heap.c.obj)       (--whole-archive)
libzephyr.a(heap-validate.c.obj)
                              (--whole-archive)
libzephyr.a(cbprintf_complete.c.obj)
                              (--whole-archive)
libzephyr.a(configs.c.obj)    (--whole-archive)
libzephyr.a(validate_base_addresses.c.obj)
                              (--whole-archive)
libzephyr.a(validate_enabled_instances.c.obj)
                              (--whole-archive)
libzephyr.a(log_list.c.obj)   (--whole-archive)
libzephyr.a(log_core.c.obj)   (--whole-archive)
libzephyr.a(log_msg.c.obj)    (--whole-archive)
libzephyr.a(log_output.c.obj)
                              (--whole-archive)
libzephyr.a(log_backend_uart.c.obj)
                              (--whole-archive)
libzephyr.a(log_backend_rtt.c.obj)
                              (--whole-archive)
libzephyr.a(dis.c.obj)        (--whole-archive)
libzephyr.a(bas.c.obj)        (--whole-archive)
libzephyr.a(addr_utils.c.obj)
                              (--whole-archive)
libzephyr.a(power.c.obj)      (--whole-archive)
libzephyr.a(pm_ctrl.c.obj)    (--whole-archive)
libzephyr.a(policy_residency.c.obj)
                              (--whole-archive)
libzephyr.a(uart_console.c.obj)
                              (--whole-archive)
libzephyr.a(rtt_console.c.obj)
                              (--whole-archive)
libzephyr.a(clock_control_nrf.c.obj)
                              (--whole-archive)
libzephyr.a(sys_clock_init.c.obj)
                              (--whole-archive)
libzephyr.a(nrf_rtc_timer.c.obj)
                              (--whole-archive)
libzephyr.a(SEGGER_RTT.c.obj)
                              (--whole-archive)
libzephyr.a(SEGGER_RTT_zephyr.c.obj)
                              (--whole-archive)
libzephyr.a(utils.c.obj)      (--whole-archive)
libzephyr.a(ecc_dh.c.obj)     (--whole-archive)
libzephyr.a(ecc.c.obj)        (--whole-archive)
libzephyr.a(aes_decrypt.c.obj)
                              (--whole-archive)
libzephyr.a(aes_encrypt.c.obj)
                              (--whole-archive)
libzephyr.a(cmac_mode.c.obj)  (--whole-archive)
arch/common/libarch__common.a(sw_isr_common.c.obj)
                              (--whole-archive)
arch/arch/arm/core/aarch32/libarch__arm__core__aarch32.a(swap.c.obj)
                              (--whole-archive)
arch/arch/arm/core/aarch32/libarch__arm__core__aarch32.a(swap_helper.S.obj)
                              (--whole-archive)
arch/arch/arm/core/aarch32/libarch__arm__core__aarch32.a(irq_manage.c.obj)
                              (--whole-archive)
arch/arch/arm/core/aarch32/libarch__arm__core__aarch32.a(thread.c.obj)
                              (--whole-archive)
arch/arch/arm/core/aarch32/libarch__arm__core__aarch32.a(cpu_idle.S.obj)
                              (--whole-archive)
arch/arch/arm/core/aarch32/libarch__arm__core__aarch32.a(fatal.c.obj)
                              (--whole-archive)
arch/arch/arm/core/aarch32/libarch__arm__core__aarch32.a(nmi.c.obj)
                              (--whole-archive)
arch/arch/arm/core/aarch32/libarch__arm__core__aarch32.a(nmi_on_reset.S.obj)
                              (--whole-archive)
arch/arch/arm/core/aarch32/libarch__arm__core__aarch32.a(prep_c.c.obj)
                              (--whole-archive)
[...]
Memory Configuration

Name             Origin             Length             Attributes
FLASH            0x0000000000000000 0x0000000000080000 xr
SRAM             0x0000000020000000 0x0000000000010000 xw
IDT_LIST         0x0000000020010000 0x0000000000000800 xw
*default*        0x0000000000000000 0xffffffffffffffff

Linker script and memory map

LOAD CMakeFiles/zephyr_prebuilt.dir/misc/empty_file.c.obj
                0x0000000000000020                _region_min_align = 0x20

.rel.plt        0x0000000000000000        0x0
 *(SORT_BY_ALIGNMENT(.rel.plt))
                [!provide]                        PROVIDE (__rel_iplt_start = .)
 *(SORT_BY_ALIGNMENT(.rel.iplt))
 .rel.iplt      0x0000000000000000        0x0 ../app/libapp.a(main.c.obj)
                [!provide]                        PROVIDE (__rel_iplt_end = .)

.rela.plt       0x0000000000000000        0x0
 *(SORT_BY_ALIGNMENT(.rela.plt))
                [!provide]                        PROVIDE (__rela_iplt_start = .)
 *(SORT_BY_ALIGNMENT(.rela.iplt))
                [!provide]                        PROVIDE (__rela_iplt_end = .)

.rel.dyn
 *(SORT_BY_ALIGNMENT(.rel.*))

.rela.dyn
 *(SORT_BY_ALIGNMENT(.rela.*))

/DISCARD/
 *(SORT_BY_ALIGNMENT(.plt))
 *(SORT_BY_ALIGNMENT(.iplt))
 *(SORT_BY_ALIGNMENT(.got.plt))
 *(SORT_BY_ALIGNMENT(.igot.plt))
 *(SORT_BY_ALIGNMENT(.got))
 *(SORT_BY_ALIGNMENT(.igot))
 *(SORT_BY_ALIGNMENT(.note.GNU-stack))
                0x0000000000000000                _image_rom_start = 0x0

rom_start       0x0000000000000000       0xdc
                0x0000000000000000                . = 0x0
                0x0000000000000000                . = ALIGN (0x4)
                0x0000000000000000                . = ALIGN (0x80)
                0x0000000000000000                . = ALIGN (0x100)
                0x0000000000000000                _vector_start = .
 *(SORT_BY_ALIGNMENT(.exc_vector_table))
 *(SORT_BY_ALIGNMENT(.exc_vector_table.*))
 .exc_vector_table._vector_table_section
                0x0000000000000000       0x40 arch/arch/arm/core/aarch32/cortex_m/libarch__arm__core__aarch32__cortex_m.a(vector_table.S.obj)
                0x0000000000000000                _vector_table
 *(SORT_BY_ALIGNMENT(.gnu.linkonce.irq_vector_table*))
 .gnu.linkonce.irq_vector_table
                0x0000000000000040       0x9c arch/common/libisr_tables.a(isr_tables.c.obj)
                0x0000000000000040                _irq_vector_table
 *(SORT_BY_ALIGNMENT(.vectors))
                0x00000000000000dc                _vector_end = .

text            0x00000000000000e0    0x222e2
                0x00000000000000e0                _image_text_start = .
 *(SORT_BY_ALIGNMENT(.text))
 .text          0x00000000000000e0      0x378 /home/ggory15/zephyr-sdk-0.12.4/arm-zephyr-eabi/bin/../lib/gcc/arm-zephyr-eabi/10.2.0/thumb/v7e-m+fp/hard/libgcc.a(_arm_addsubdf3.o)
                0x00000000000000e0                __aeabi_drsub
                0x00000000000000e8                __aeabi_dsub
                0x00000000000000e8                __subdf3
                0x00000000000000ec                __adddf3
                0x00000000000000ec                __aeabi_dadd
                0x0000000000000364                __aeabi_ui2d
                0x0000000000000364                __floatunsidf
                0x0000000000000384                __floatsidf
                0x0000000000000384                __aeabi_i2d
                0x00000000000003a8                __extendsfdf2
                0x00000000000003a8                __aeabi_f2d
                0x00000000000003ec                __aeabi_ul2d
                0x00000000000003ec                __floatundidf
                0x00000000000003fc                __floatdidf
                0x00000000000003fc                __aeabi_l2d
 .text          0x0000000000000458      0x424 /home/ggory15/zephyr-sdk-0.12.4/arm-zephyr-eabi/bin/../lib/gcc/arm-zephyr-eabi/10.2.0/thumb/v7e-m+fp/hard/libgcc.a(_arm_muldivdf3.o)
                0x0000000000000458                __aeabi_dmul
                0x0000000000000458                __muldf3
                0x00000000000006ac                __aeabi_ddiv
                0x00000000000006ac                __divdf3
 .text          0x000000000000087c      0x110 /home/ggory15/zephyr-sdk-0.12.4/arm-zephyr-eabi/bin/../lib/gcc/arm-zephyr-eabi/10.2.0/thumb/v7e-m+fp/hard/libgcc.a(_arm_cmpdf2.o)
                0x000000000000087c                __gtdf2
                0x000000000000087c                __gedf2
                0x0000000000000884                __ltdf2
                0x0000000000000884                __ledf2
                0x000000000000088c                __cmpdf2
                0x000000000000088c                __eqdf2
                0x000000000000088c                __nedf2
                0x0000000000000908                __aeabi_cdrcmple
                0x0000000000000918                __aeabi_cdcmple
                0x0000000000000918                __aeabi_cdcmpeq
                0x0000000000000928                __aeabi_dcmpeq
                0x000000000000093c                __aeabi_dcmplt
                0x0000000000000950                __aeabi_dcmple
                0x0000000000000964                __aeabi_dcmpge
                0x0000000000000978                __aeabi_dcmpgt
 .text          0x000000000000098c       0x50 /home/ggory15/zephyr-sdk-0.12.4/arm-zephyr-eabi/bin/../lib/gcc/arm-zephyr-eabi/10.2.0/thumb/v7e-m+fp/hard/libgcc.a(_arm_fixdfsi.o)
                0x000000000000098c                __fixdfsi
                0x000000000000098c                __aeabi_d2iz
 .text          0x00000000000009dc       0xa0 /home/ggory15/zephyr-sdk-0.12.4/arm-zephyr-eabi/bin/../lib/gcc/arm-zephyr-eabi/10.2.0/thumb/v7e-m+fp/hard/libgcc.a(_arm_truncdfsf2.o)
                0x00000000000009dc                __aeabi_d2f
                0x00000000000009dc                __truncdfsf2
 .text          0x0000000000000a7c       0x30 /home/ggory15/zephyr-sdk-0.12.4/arm-zephyr-eabi/bin/../lib/gcc/arm-zephyr-eabi/10.2.0/thumb/v7e-m+fp/hard/libgcc.a(_aeabi_uldivmod.o)
                0x0000000000000a7c                __aeabi_uldivmod
 .text          0x0000000000000aac      0x2d8 /home/ggory15/zephyr-sdk-0.12.4/arm-zephyr-eabi/bin/../lib/gcc/arm-zephyr-eabi/10.2.0/thumb/v7e-m+fp/hard/libgcc.a(_udivmoddi4.o)
                0x0000000000000aac                __udivmoddi4
 .text          0x0000000000000d84        0x4 /home/ggory15/zephyr-sdk-0.12.4/arm-zephyr-eabi/bin/../lib/gcc/arm-zephyr-eabi/10.2.0/thumb/v7e-m+fp/hard/libgcc.a(_dvmd_tls.o)
                0x0000000000000d84                __aeabi_ldiv0
                0x0000000000000d84                __aeabi_idiv0
 *(SORT_BY_ALIGNMENT(.text.*))
 .text.ble_notify
                0x0000000000000d88      0x15c ../app/libapp.a(ble_init.c.obj)
                0x0000000000000d88                ble_notify
 *fill*         0x0000000000000ee4        0x4 
 .text.dw_main  0x0000000000000ee8      0x198 ../app/libapp.a(ss_init.c.obj)
                0x0000000000000ee8                dw_main
 .text.cbvprintf
                0x0000000000001080      0xd04 libzephyr.a(cbprintf_complete.c.obj)
                0x0000000000001080                cbvprintf
 *fill*         0x0000000000001d84        0x4 
 .text.bt_init  0x0000000000001d88      0x4e8 subsys/bluetooth/host/libsubsys__bluetooth__host.a(hci_core.c.obj)
 .text.hci_init
                0x0000000000002270       0x48 subsys/bluetooth/controller/libsubsys__bluetooth__controller.a(hci.c.obj)
                0x0000000000002270                hci_init
 .text.ull_drift_ticks_get
                0x00000000000022b8       0x8c subsys/bluetooth/controller/libsubsys__bluetooth__controller.a(ull.c.obj)
                0x00000000000022b8                ull_drift_ticks_get
 *fill*         0x0000000000002344        0x4 
 .text.ll_adv_enable
                0x0000000000002348      0x478 subsys/bluetooth/controller/libsubsys__bluetooth__controller.a(ull_adv.c.obj)
                0x0000000000002348                ll_adv_enable
 .text.event_conn_upd_prep
                0x00000000000027c0      0x564 subsys/bluetooth/controller/libsubsys__bluetooth__controller.a(ull_conn.c.obj)
 *fill*         0x0000000000002d24        0x4 
 .text.ull_conn_llcp
                0x0000000000002d28     0x1670 subsys/bluetooth/controller/libsubsys__bluetooth__controller.a(ull_conn.c.obj)
                0x0000000000002d28                ull_conn_llcp
 .text.ull_slave_setup
                0x0000000000004398      0x450 subsys/bluetooth/controller/libsubsys__bluetooth__controller.a(ull_slave.c.obj)
                0x0000000000004398                ull_slave_setup
 .text.ull_filter_reset
                0x00000000000047e8      0x100 subsys/bluetooth/controller/libsubsys__bluetooth__controller.a(ull_filter.c.obj)
                0x00000000000047e8                ull_filter_reset
 .text.work_queue_main
                0x00000000000048e8      0x134 kernel/libkernel.a(work.c.obj)
 .text.disconnected
                0x0000000000004a1c        0xc ../app/libapp.a(main.c.obj)
 .text.connected
                0x0000000000004a28       0x18 ../app/libapp.a(main.c.obj)
 .text.ble_init
                0x0000000000004a40       0x78 ../app/libapp.a(main.c.obj)
                0x0000000000004a40                ble_init
 .text.main     0x0000000000004ab8      0x144 ../app/libapp.a(main.c.obj)
                0x0000000000004ab8                main
 .text.read_vnd
                0x0000000000004bfc       0x34 ../app/libapp.a(ble_init.c.obj)
 .text.dw_init  0x0000000000004c30       0x70 ../app/libapp.a(ss_init.c.obj)
                0x0000000000004c30                dw_init
 .text.dwt_writetxfctrl
                0x0000000000004ca0       0x1c ../app/libapp.a(deca_device.c.obj)
                0x0000000000004ca0                dwt_writetxfctrl
 .text.dwt_configure
                0x0000000000004cbc      0x204 ../app/libapp.a(deca_device.c.obj)
                0x0000000000004cbc                dwt_configure
 .text.dwt_setleds
                0x0000000000004ec0       0x7c ../app/libapp.a(deca_device.c.obj)
                0x0000000000004ec0                dwt_setleds
 .text.dwt_starttx
                0x0000000000004f3c       0x6c ../app/libapp.a(deca_device.c.obj)
                0x0000000000004f3c                dwt_starttx
 .text.dwt_setrxtimeout
                0x0000000000004fa8       0x4c ../app/libapp.a(deca_device.c.obj)
                0x0000000000004fa8                dwt_setrxtimeout
 .text.dwt_softreset
                0x0000000000004ff4       0x48 ../app/libapp.a(deca_device.c.obj)
                0x0000000000004ff4                dwt_softreset
 .text.dwt_initialise
                0x000000000000503c       0xe4 ../app/libapp.a(deca_device.c.obj)
                0x000000000000503c                dwt_initialise
 .text.openspi  0x0000000000005120       0xc0 ../app/libapp.a(deca_spi.c.obj)
                0x0000000000005120                openspi
 .text.set_spi_speed_slow
                0x00000000000051e0       0x40 ../app/libapp.a(deca_spi.c.obj)
                0x00000000000051e0                set_spi_speed_slow
 .text.set_spi_speed_fast
                0x0000000000005220       0x44 ../app/libapp.a(deca_spi.c.obj)
                0x0000000000005220                set_spi_speed_fast
 .text.writetospi
                0x0000000000005264       0x6c ../app/libapp.a(deca_spi.c.obj)
                0x0000000000005264                writetospi
 .text.readfromspi
                0x00000000000052d0       0x80 ../app/libapp.a(deca_spi.c.obj)
                0x00000000000052d0                readfromspi
 .text.__printk_hook_install
                0x0000000000005350        0xc libzephyr.a(printk.c.obj)
                0x0000000000005350                __printk_hook_install
 .text.vsnprintk
                0x000000000000535c       0x28 libzephyr.a(printk.c.obj)
                0x000000000000535c                vsnprintk
 .text.process_event
                0x0000000000005384      0x1c8 libzephyr.a(onoff.c.obj)
 .text.enable_logger
                0x000000000000554c       0x5c libzephyr.a(log_core.c.obj)
 .text.log_process_thread_timer_expiry_fn
                0x00000000000055a8        0xc libzephyr.a(log_core.c.obj)
 .text.log_core_init
                0x00000000000055b4       0x40 libzephyr.a(log_core.c.obj)
                0x00000000000055b4                log_core_init
 .text.dropped_notify
                0x00000000000055f4       0x4c libzephyr.a(log_core.c.obj)
                0x00000000000055f4                dropped_notify
 .text.log_dropped
                0x0000000000005640       0x20 libzephyr.a(log_core.c.obj)
                0x0000000000005640                log_dropped
 .text.log_source_name_get
                0x0000000000005660       0x1c libzephyr.a(log_core.c.obj)
                0x0000000000005660                log_source_name_get
 .text.log_backend_enable
                0x000000000000567c       0x34 libzephyr.a(log_core.c.obj)
                0x000000000000567c                log_backend_enable
 .text.log_init
                0x00000000000056b0       0x54 libzephyr.a(log_core.c.obj)
                0x00000000000056b0                log_init
 .text.log_strdup
                0x0000000000005704       0x6c libzephyr.a(log_core.c.obj)
                0x0000000000005704                log_strdup
 .text.log_is_strdup
                0x0000000000005770       0x20 libzephyr.a(log_core.c.obj)
                0x0000000000005770                log_is_strdup
 .text.z_impl_log_process
                0x0000000000005790      0x174 libzephyr.a(log_core.c.obj)
                0x0000000000005790                z_impl_log_process
 .text.log_process_thread_func
                0x0000000000005904       0x48 libzephyr.a(log_core.c.obj)
 .text.msg_finalize
                0x000000000000594c       0xc4 libzephyr.a(log_core.c.obj)
 .text.z_impl_log_panic
                0x0000000000005a10       0x48 libzephyr.a(log_core.c.obj)
                0x0000000000005a10                z_impl_log_panic
 .text.log_free
                0x0000000000005a58       0x34 libzephyr.a(log_core.c.obj)
                0x0000000000005a58                log_free
 .text.log_msg_pool_init
                0x0000000000005a8c       0x14 libzephyr.a(log_msg.c.obj)
                0x0000000000005a8c                log_msg_pool_init
 .text.log_msg_no_space_handle
                0x0000000000005aa0       0x30 libzephyr.a(log_msg.c.obj)
                0x0000000000005aa0                log_msg_no_space_handle
 .text.log_msg_chunk_alloc
                0x0000000000005ad0       0x28 libzephyr.a(log_msg.c.obj)
                0x0000000000005ad0                log_msg_chunk_alloc
 .text.msg_free
                0x0000000000005af8       0x7c libzephyr.a(log_msg.c.obj)
 .text.print_formatted
                0x0000000000005b74       0x24 libzephyr.a(log_output.c.obj)
 .text.hexdump_line_print
                0x0000000000005b98       0xdc libzephyr.a(log_output.c.obj)
 .text.prefix_print
                0x0000000000005c74      0x11c libzephyr.a(log_output.c.obj)
 .text.postfix_print
                0x0000000000005d90       0x3c libzephyr.a(log_output.c.obj)
 .text.log_output_msg_process
                0x0000000000005dcc       0xf8 libzephyr.a(log_output.c.obj)
                0x0000000000005dcc                log_output_msg_process
 .text.log_output_dropped_process
                0x0000000000005ec4       0x58 libzephyr.a(log_output.c.obj)
                0x0000000000005ec4                log_output_dropped_process
 .text.log_output_timestamp_freq_set
                0x0000000000005f1c       0x30 libzephyr.a(log_output.c.obj)
                0x0000000000005f1c                log_output_timestamp_freq_set
 .text.char_out
                0x0000000000005f4c       0x24 libzephyr.a(log_backend_uart.c.obj)
 .text.panic    0x0000000000005f70        0xc libzephyr.a(log_backend_uart.c.obj)
 .text.dropped  0x0000000000005f7c        0xc libzephyr.a(log_backend_uart.c.obj)
 .text.log_backend_uart_init
                0x0000000000005f88       0x18 libzephyr.a(log_backend_uart.c.obj)
 .text.put      0x0000000000005fa0       0x24 libzephyr.a(log_backend_uart.c.obj)
 .text.log_backend_rtt_init
                0x0000000000005fc4        0xc libzephyr.a(log_backend_rtt.c.obj)
 .text.panic    0x0000000000005fd0       0x14 libzephyr.a(log_backend_rtt.c.obj)
 .text.dropped  0x0000000000005fe4        0xc libzephyr.a(log_backend_rtt.c.obj)
 .text.put      0x0000000000005ff0       0x24 libzephyr.a(log_backend_rtt.c.obj)
 .text.on_failed_write.part.0
                0x0000000000006014       0x1c libzephyr.a(log_backend_rtt.c.obj)
 .text.data_out_block_mode
                0x0000000000006030       0x9c libzephyr.a(log_backend_rtt.c.obj)
 .text.blvl_ccc_cfg_changed
                0x00000000000060cc       0x34 libzephyr.a(bas.c.obj)
 .text.read_blvl
                0x0000000000006100       0x28 libzephyr.a(bas.c.obj)
 .text.pm_state_notify
                0x0000000000006128       0x44 libzephyr.a(power.c.obj)
 .text.pm_system_resume
                0x000000000000616c       0x2c libzephyr.a(power.c.obj)
                0x000000000000616c                pm_system_resume
 .text.pm_system_suspend
                0x0000000000006198       0x48 libzephyr.a(power.c.obj)
                0x0000000000006198                pm_system_suspend
 .text.uart_console_init
                0x00000000000061e0       0x28 libzephyr.a(uart_console.c.obj)
 .text.console_out
                0x0000000000006208       0x28 libzephyr.a(uart_console.c.obj)
 .text.rtt_console_init
                0x0000000000006230       0x18 libzephyr.a(rtt_console.c.obj)
 .text.rtt_console_out
                0x0000000000006248       0x6c libzephyr.a(rtt_console.c.obj)
 .text.onoff_stop
                0x00000000000062b4       0x30 libzephyr.a(clock_control_nrf.c.obj)
 .text.onoff_start
                0x00000000000062e4       0x44 libzephyr.a(clock_control_nrf.c.obj)
 .text.clk_init
                0x0000000000006328       0x60 libzephyr.a(clock_control_nrf.c.obj)
 .text.clkstarted_handle.constprop.0
                0x0000000000006388       0x3c libzephyr.a(clock_control_nrf.c.obj)
 .text.clock_event_handler
                0x00000000000063c4       0x1c libzephyr.a(clock_control_nrf.c.obj)
 .text.generic_hfclk_start
                0x00000000000063e0       0x64 libzephyr.a(clock_control_nrf.c.obj)
 .text.api_blocking_start
                0x0000000000006444       0x3c libzephyr.a(clock_control_nrf.c.obj)
 .text.lfclk_start
                0x0000000000006480       0x24 libzephyr.a(clock_control_nrf.c.obj)
 .text.generic_hfclk_stop
                0x00000000000064a4       0x2c libzephyr.a(clock_control_nrf.c.obj)
 .text.z_nrf_clock_control_get_onoff
                0x00000000000064d0       0x10 libzephyr.a(clock_control_nrf.c.obj)
                0x00000000000064d0                z_nrf_clock_control_get_onoff
 .text.z_nrf_clock_bt_ctlr_hf_request
                0x00000000000064e0       0x2c libzephyr.a(clock_control_nrf.c.obj)
                0x00000000000064e0                z_nrf_clock_bt_ctlr_hf_request
 .text.z_nrf_clock_bt_ctlr_hf_release
                0x000000000000650c       0x2c libzephyr.a(clock_control_nrf.c.obj)
                0x000000000000650c                z_nrf_clock_bt_ctlr_hf_release
 .text.z_nrf_clock_control_lf_on
                0x0000000000006538      0x100 libzephyr.a(clock_control_nrf.c.obj)
                0x0000000000006538                z_nrf_clock_control_lf_on
 .text.sys_clock_timeout_handler
                0x0000000000006638       0x18 libzephyr.a(nrf_rtc_timer.c.obj)
 .text.set_absolute_alarm
                0x0000000000006650       0x94 libzephyr.a(nrf_rtc_timer.c.obj)
 .text.rtc_nrf_isr
                0x00000000000066e4       0x50 libzephyr.a(nrf_rtc_timer.c.obj)
                0x00000000000066e4                rtc_nrf_isr
 .text.sys_clock_driver_init
                0x0000000000006734       0x4c libzephyr.a(nrf_rtc_timer.c.obj)
                0x0000000000006734                sys_clock_driver_init
 .text.sys_clock_set_timeout
                0x0000000000006780       0x64 libzephyr.a(nrf_rtc_timer.c.obj)
                0x0000000000006780                sys_clock_set_timeout
 .text.sys_clock_elapsed
                0x00000000000067e4       0x34 libzephyr.a(nrf_rtc_timer.c.obj)
                0x00000000000067e4                sys_clock_elapsed
 .text.sys_clock_cycle_get_32
                0x0000000000006818       0x34 libzephyr.a(nrf_rtc_timer.c.obj)
                0x0000000000006818                sys_clock_cycle_get_32
 .text._DoInit  0x000000000000684c       0x5c libzephyr.a(SEGGER_RTT.c.obj)
 .text.SEGGER_RTT_WriteSkipNoLock
                0x00000000000068a8       0x98 libzephyr.a(SEGGER_RTT.c.obj)
                0x00000000000068a8                SEGGER_RTT_WriteSkipNoLock
 .text.SEGGER_RTT_WriteNoLock
                0x0000000000006940       0x60 libzephyr.a(SEGGER_RTT.c.obj)
                0x0000000000006940                SEGGER_RTT_WriteNoLock
 .text.SEGGER_RTT_HasDataUp
                0x00000000000069a0       0x14 libzephyr.a(SEGGER_RTT.c.obj)
                0x00000000000069a0                SEGGER_RTT_HasDataUp
 .text.uECC_get_rng
                0x00000000000069b4        0xc libzephyr.a(ecc.c.obj)
                0x00000000000069b4                uECC_get_rng
 .text.vli_mmod_fast_secp256r1
                0x00000000000069c0      0x188 libzephyr.a(ecc.c.obj)
                0x00000000000069c0                vli_mmod_fast_secp256r1
 .text.sub_bytes
                0x0000000000006b48       0x18 libzephyr.a(aes_encrypt.c.obj)
 .text.tc_aes128_set_encrypt_key
                0x0000000000006b60       0xa4 libzephyr.a(aes_encrypt.c.obj)
                0x0000000000006b60                tc_aes128_set_encrypt_key
 .text.arch_swap
                0x0000000000006c04       0x34 arch/arch/arm/core/aarch32/libarch__arm__core__aarch32.a(swap.c.obj)
                0x0000000000006c04                arch_swap
 .text.z_arm_pendsv
                0x0000000000006c38       0xa4 arch/arch/arm/core/aarch32/libarch__arm__core__aarch32.a(swap_helper.S.obj)
                0x0000000000006c38                z_arm_pendsv
 .text.z_arm_svc
                0x0000000000006cdc       0x20 arch/arch/arm/core/aarch32/libarch__arm__core__aarch32.a(swap_helper.S.obj)
                0x0000000000006cdc                z_arm_svc
 .text.arch_irq_enable
                0x0000000000006cfc       0x20 arch/arch/arm/core/aarch32/libarch__arm__core__aarch32.a(irq_manage.c.obj)
                0x0000000000006cfc                arch_irq_enable
 .text.arch_irq_disable
                0x0000000000006d1c       0x28 arch/arch/arm/core/aarch32/libarch__arm__core__aarch32.a(irq_manage.c.obj)
                0x0000000000006d1c                arch_irq_disable
 .text.arch_irq_is_enabled
                0x0000000000006d44       0x1c arch/arch/arm/core/aarch32/libarch__arm__core__aarch32.a(irq_manage.c.obj)
                0x0000000000006d44                arch_irq_is_enabled
 .text.z_arm_irq_priority_set
                0x0000000000006d60       0x30 arch/arch/arm/core/aarch32/libarch__arm__core__aarch32.a(irq_manage.c.obj)
                0x0000000000006d60                z_arm_irq_priority_set
 .text._arch_isr_direct_pm
                0x0000000000006d90       0x1c arch/arch/arm/core/aarch32/libarch__arm__core__aarch32.a(irq_manage.c.obj)
                0x0000000000006d90                _arch_isr_direct_pm
 .text.arch_new_thread
                0x0000000000006dac       0x3c arch/arch/arm/core/aarch32/libarch__arm__core__aarch32.a(thread.c.obj)
                0x0000000000006dac                arch_new_thread
 .text.arch_switch_to_main_thread
                0x0000000000006de8       0x44 arch/arch/arm/core/aarch32/libarch__arm__core__aarch32.a(thread.c.obj)
                0x0000000000006de8                arch_switch_to_main_thread
 .text.z_arm_cpu_idle_init
                0x0000000000006e2c        0xc arch/arch/arm/core/aarch32/libarch__arm__core__aarch32.a(cpu_idle.S.obj)
                0x0000000000006e2c                z_arm_cpu_idle_init
 .text.arch_cpu_idle
                0x0000000000006e38       0x1c arch/arch/arm/core/aarch32/libarch__arm__core__aarch32.a(cpu_idle.S.obj)
                0x0000000000006e38                arch_cpu_idle
 .text.arch_cpu_atomic_idle
                0x0000000000006e54       0x14 arch/arch/arm/core/aarch32/libarch__arm__core__aarch32.a(cpu_idle.S.obj)
                0x0000000000006e54                arch_cpu_atomic_idle
 .text.z_arm_fatal_error
                0x0000000000006e68       0xe8 arch/arch/arm/core/aarch32/libarch__arm__core__aarch32.a(fatal.c.obj)
                0x0000000000006e68                z_arm_fatal_error
 .text.z_SysNmiOnReset
                0x0000000000006f50        0x8 arch/arch/arm/core/aarch32/libarch__arm__core__aarch32.a(nmi_on_reset.S.obj)
                0x0000000000006f50                z_SysNmiOnReset
 .text.z_arm_prep_c
                0x0000000000006f58       0x5c arch/arch/arm/core/aarch32/libarch__arm__core__aarch32.a(prep_c.c.obj)
                0x0000000000006f58                z_arm_prep_c
 .text._isr_wrapper
                0x0000000000006fb4       0x40 arch/arch/arm/core/aarch32/libarch__arm__core__aarch32.a(isr_wrapper.S.obj)
                0x0000000000006fb4                _isr_wrapper
 .text._reset_section
                0x0000000000006ff4       0x30 arch/arch/arm/core/aarch32/cortex_m/libarch__arm__core__aarch32__cortex_m.a(reset.S.obj)
                0x0000000000006ff4                z_arm_reset
                0x0000000000006ff4                __start
 .text.__fault  0x0000000000007024       0x14 arch/arch/arm/core/aarch32/cortex_m/libarch__arm__core__aarch32__cortex_m.a(fault_s.S.obj)
                0x0000000000007024                z_arm_bus_fault
                0x0000000000007024                z_arm_usage_fault
                0x0000000000007024                z_arm_mpu_fault
                0x0000000000007024                z_arm_exc_spurious
                0x0000000000007024                z_arm_debug_monitor
                0x0000000000007024                z_arm_hard_fault
 .text.usage_fault.constprop.0
                0x0000000000007038       0xb8 arch/arch/arm/core/aarch32/cortex_m/libarch__arm__core__aarch32__cortex_m.a(fault.c.obj)
 .text.bus_fault.constprop.0
                0x00000000000070f0       0xdc arch/arch/arm/core/aarch32/cortex_m/libarch__arm__core__aarch32__cortex_m.a(fault.c.obj)
 .text.mem_manage_fault.constprop.0
                0x00000000000071cc       0xd0 arch/arch/arm/core/aarch32/cortex_m/libarch__arm__core__aarch32__cortex_m.a(fault.c.obj)
 .text.z_arm_fault
                0x000000000000729c      0x194 arch/arch/arm/core/aarch32/cortex_m/libarch__arm__core__aarch32__cortex_m.a(fault.c.obj)
                0x000000000000729c                z_arm_fault
 .text.z_arm_fault_init
                0x0000000000007430       0x10 arch/arch/arm/core/aarch32/cortex_m/libarch__arm__core__aarch32__cortex_m.a(fault.c.obj)
                0x0000000000007430                z_arm_fault_init
 .text._HandlerModeExit
                0x0000000000007440       0x1c arch/arch/arm/core/aarch32/cortex_m/libarch__arm__core__aarch32__cortex_m.a(exc_exit.S.obj)
                0x0000000000007440                z_arm_exc_exit
                0x0000000000007440                z_arm_int_exit
 .text.z_arm_interrupt_init
                0x000000000000745c       0x18 arch/arch/arm/core/aarch32/cortex_m/libarch__arm__core__aarch32__cortex_m.a(irq_init.c.obj)
                0x000000000000745c                z_arm_interrupt_init
 .text.z_impl_k_thread_abort
                0x0000000000007474       0x24 arch/arch/arm/core/aarch32/cortex_m/libarch__arm__core__aarch32__cortex_m.a(thread_abort.c.obj)
                0x0000000000007474                z_impl_k_thread_abort
 .text.z_arm_configure_static_mpu_regions
                0x0000000000007498       0x18 arch/arch/arm/core/aarch32/cortex_m/mpu/libarch__arm__core__aarch32__cortex_m__mpu.a(arm_core_mpu.c.obj)
                0x0000000000007498                z_arm_configure_static_mpu_regions
 .text.mpu_configure_regions
                0x00000000000074b0       0xc0 arch/arch/arm/core/aarch32/cortex_m/mpu/libarch__arm__core__aarch32__cortex_m__mpu.a(arm_mpu.c.obj)
 .text.arm_core_mpu_enable
                0x0000000000007570       0x18 arch/arch/arm/core/aarch32/cortex_m/mpu/libarch__arm__core__aarch32__cortex_m__mpu.a(arm_mpu.c.obj)
                0x0000000000007570                arm_core_mpu_enable
 .text.arm_core_mpu_disable
                0x0000000000007588       0x14 arch/arch/arm/core/aarch32/cortex_m/mpu/libarch__arm__core__aarch32__cortex_m__mpu.a(arm_mpu.c.obj)
                0x0000000000007588                arm_core_mpu_disable
 .text.arm_mpu_init
                0x000000000000759c       0x60 arch/arch/arm/core/aarch32/cortex_m/mpu/libarch__arm__core__aarch32__cortex_m__mpu.a(arm_mpu.c.obj)
 .text.arm_core_mpu_configure_static_mpu_regions
                0x00000000000075fc       0x14 arch/arch/arm/core/aarch32/cortex_m/mpu/libarch__arm__core__aarch32__cortex_m__mpu.a(arm_mpu.c.obj)
                0x00000000000075fc                arm_core_mpu_configure_static_mpu_regions
 .text.__stdout_hook_install
                0x0000000000007610        0xc lib/libc/minimal/liblib__libc__minimal.a(stdout_console.c.obj)
                0x0000000000007610                __stdout_hook_install
 .text.nordicsemi_nrf52_init
                0x000000000000761c       0x30 soc/arm/nordic_nrf/nrf52/libsoc__arm__nordic_nrf__nrf52.a(soc.c.obj)
 .text.arch_busy_wait
                0x000000000000764c       0x14 soc/arm/nordic_nrf/nrf52/libsoc__arm__nordic_nrf__nrf52.a(soc.c.obj)
                0x000000000000764c                arch_busy_wait
 .text.bt_hex_real
                0x0000000000007660       0x44 subsys/bluetooth/common/libsubsys__bluetooth__common.a(log.c.obj)
                0x0000000000007660                bt_hex_real
 .text.bt_addr_le_str_real
                0x00000000000076a4       0x7c subsys/bluetooth/common/libsubsys__bluetooth__common.a(log.c.obj)
                0x00000000000076a4                bt_addr_le_str_real
 .text.le_gen_dhkey
                0x0000000000007720       0x98 subsys/bluetooth/host/libsubsys__bluetooth__host.a(hci_ecc.c.obj)
 .text.ecc_thread
                0x00000000000077b8      0x1d8 subsys/bluetooth/host/libsubsys__bluetooth__host.a(hci_ecc.c.obj)
 .text.bt_hci_ecc_send
                0x0000000000007990       0xe0 subsys/bluetooth/host/libsubsys__bluetooth__host.a(hci_ecc.c.obj)
                0x0000000000007990                bt_hci_ecc_send
 .text.bt_hci_ecc_init
                0x0000000000007a70       0x48 subsys/bluetooth/host/libsubsys__bluetooth__host.a(hci_ecc.c.obj)
                0x0000000000007a70                bt_hci_ecc_init
 .text.uuid_to_uuid128
                0x0000000000007ab8       0x6c subsys/bluetooth/host/libsubsys__bluetooth__host.a(uuid.c.obj)
 .text.bt_buf_get_rx
                0x0000000000007b24       0x20 subsys/bluetooth/host/libsubsys__bluetooth__host.a(buf.c.obj)
                0x0000000000007b24                bt_buf_get_rx
 .text.bt_buf_get_cmd_complete
                0x0000000000007b44       0x4c subsys/bluetooth/host/libsubsys__bluetooth__host.a(buf.c.obj)
                0x0000000000007b44                bt_buf_get_cmd_complete
 .text.bt_buf_get_evt
                0x0000000000007b90       0x54 subsys/bluetooth/host/libsubsys__bluetooth__host.a(buf.c.obj)
                0x0000000000007b90                bt_buf_get_evt
 .text.ver_str  0x0000000000007be4       0x38 subsys/bluetooth/host/libsubsys__bluetooth__host.a(hci_core.c.obj)
 .text.hci_data_buf_overflow
                0x0000000000007c1c       0x24 subsys/bluetooth/host/libsubsys__bluetooth__host.a(hci_core.c.obj)
 .text.le_data_len_change
                0x0000000000007c40       0x44 subsys/bluetooth/host/libsubsys__bluetooth__host.a(hci_core.c.obj)
 .text.hci_disconn_complete_prio
                0x0000000000007c84       0x58 subsys/bluetooth/host/libsubsys__bluetooth__host.a(hci_core.c.obj)
 .text.hci_disconn_complete
                0x0000000000007cdc       0x5c subsys/bluetooth/host/libsubsys__bluetooth__host.a(hci_core.c.obj)
 .text.hci_hardware_error
                0x0000000000007d38       0x30 subsys/bluetooth/host/libsubsys__bluetooth__host.a(hci_core.c.obj)
 .text.hci_vendor_event
                0x0000000000007d68       0x38 subsys/bluetooth/host/libsubsys__bluetooth__host.a(hci_core.c.obj)
 .text.le_conn_update_complete
                0x0000000000007da0       0xb8 subsys/bluetooth/host/libsubsys__bluetooth__host.a(hci_core.c.obj)
 .text.handle_event
                0x0000000000007e58       0x88 subsys/bluetooth/host/libsubsys__bluetooth__host.a(hci_core.c.obj)
 .text.hci_le_meta_event
                0x0000000000007ee0       0x20 subsys/bluetooth/host/libsubsys__bluetooth__host.a(hci_core.c.obj)
 .text.find_pending_connect.part.0
                0x0000000000007f00       0x40 subsys/bluetooth/host/libsubsys__bluetooth__host.a(hci_core.c.obj)
 .text.hci_cmd_done
                0x0000000000007f40      0x128 subsys/bluetooth/host/libsubsys__bluetooth__host.a(hci_core.c.obj)
 .text.hci_cmd_status
                0x0000000000008068       0x2c subsys/bluetooth/host/libsubsys__bluetooth__host.a(hci_core.c.obj)
 .text.hci_cmd_complete
                0x0000000000008094       0x30 subsys/bluetooth/host/libsubsys__bluetooth__host.a(hci_core.c.obj)
 .text.hci_tx_thread
                0x00000000000080c4      0x188 subsys/bluetooth/host/libsubsys__bluetooth__host.a(hci_core.c.obj)
 .text.hci_num_completed_packets
                0x000000000000824c      0x108 subsys/bluetooth/host/libsubsys__bluetooth__host.a(hci_core.c.obj)
 .text.bt_hci_cmd_state_set_init
                0x0000000000008354       0x24 subsys/bluetooth/host/libsubsys__bluetooth__host.a(hci_core.c.obj)
                0x0000000000008354                bt_hci_cmd_state_set_init
 .text.bt_hci_cmd_create
                0x0000000000008378       0x74 subsys/bluetooth/host/libsubsys__bluetooth__host.a(hci_core.c.obj)
                0x0000000000008378                bt_hci_cmd_create
 .text.bt_hci_cmd_send
                0x00000000000083ec       0x64 subsys/bluetooth/host/libsubsys__bluetooth__host.a(hci_core.c.obj)
                0x00000000000083ec                bt_hci_cmd_send
 .text.le_ltk_request
                0x0000000000008450       0xc8 subsys/bluetooth/host/libsubsys__bluetooth__host.a(hci_core.c.obj)
 .text.le_conn_param_neg_reply
                0x0000000000008518       0x54 subsys/bluetooth/host/libsubsys__bluetooth__host.a(hci_core.c.obj)
 .text.le_conn_param_req
                0x000000000000856c       0xd0 subsys/bluetooth/host/libsubsys__bluetooth__host.a(hci_core.c.obj)
 .text.bt_hci_cmd_send_sync
                0x000000000000863c       0xf4 subsys/bluetooth/host/libsubsys__bluetooth__host.a(hci_core.c.obj)
                0x000000000000863c                bt_hci_cmd_send_sync
 .text.hci_le_read_max_data_len
                0x0000000000008730       0x54 subsys/bluetooth/host/libsubsys__bluetooth__host.a(hci_core.c.obj)
 .text.conn_auto_initiate
                0x0000000000008784      0x100 subsys/bluetooth/host/libsubsys__bluetooth__host.a(hci_core.c.obj)
 .text.le_phy_update_complete
                0x0000000000008884       0x74 subsys/bluetooth/host/libsubsys__bluetooth__host.a(hci_core.c.obj)
 .text.le_remote_feat_complete
                0x00000000000088f8       0x68 subsys/bluetooth/host/libsubsys__bluetooth__host.a(hci_core.c.obj)
 .text.enh_conn_complete
                0x0000000000008960      0x1ec subsys/bluetooth/host/libsubsys__bluetooth__host.a(hci_core.c.obj)
 .text.bt_security_err_get
                0x0000000000008b4c       0x10 subsys/bluetooth/host/libsubsys__bluetooth__host.a(hci_core.c.obj)
                0x0000000000008b4c                bt_security_err_get
 .text.hci_encrypt_key_refresh_complete
                0x0000000000008b5c       0xa8 subsys/bluetooth/host/libsubsys__bluetooth__host.a(hci_core.c.obj)
 .text.hci_encrypt_change
                0x0000000000008c04       0xb0 subsys/bluetooth/host/libsubsys__bluetooth__host.a(hci_core.c.obj)
 .text.hci_event_prio
                0x0000000000008cb4       0xa4 subsys/bluetooth/host/libsubsys__bluetooth__host.a(hci_core.c.obj)
                0x0000000000008cb4                hci_event_prio
 .text.bt_recv  0x0000000000008d58      0x148 subsys/bluetooth/host/libsubsys__bluetooth__host.a(hci_core.c.obj)
                0x0000000000008d58                bt_recv
 .text.bt_recv_prio
                0x0000000000008ea0       0x3c subsys/bluetooth/host/libsubsys__bluetooth__host.a(hci_core.c.obj)
                0x0000000000008ea0                bt_recv_prio
 .text.bt_hci_driver_register
                0x0000000000008edc       0x28 subsys/bluetooth/host/libsubsys__bluetooth__host.a(hci_core.c.obj)
                0x0000000000008edc                bt_hci_driver_register
 .text.bt_finalize_init
                0x0000000000008f04       0xdc subsys/bluetooth/host/libsubsys__bluetooth__host.a(hci_core.c.obj)
                0x0000000000008f04                bt_finalize_init
 .text.init_work
                0x0000000000008fe0       0x18 subsys/bluetooth/host/libsubsys__bluetooth__host.a(hci_core.c.obj)
 .text.bt_enable
                0x0000000000008ff8       0xe0 subsys/bluetooth/host/libsubsys__bluetooth__host.a(hci_core.c.obj)
                0x0000000000008ff8                bt_enable
 .text.bt_get_name
                0x00000000000090d8        0x8 subsys/bluetooth/host/libsubsys__bluetooth__host.a(hci_core.c.obj)
                0x00000000000090d8                bt_get_name
 .text.id_find  0x00000000000090e0       0x34 subsys/bluetooth/host/libsubsys__bluetooth__host.a(id.c.obj)
 .text.set_random_address
                0x0000000000009114       0x5c subsys/bluetooth/host/libsubsys__bluetooth__host.a(id.c.obj)
 .text.id_create.constprop.0
                0x0000000000009170       0x58 subsys/bluetooth/host/libsubsys__bluetooth__host.a(id.c.obj)
 .text.bt_id_pending_keys_update
                0x00000000000091c8       0x34 subsys/bluetooth/host/libsubsys__bluetooth__host.a(id.c.obj)
                0x00000000000091c8                bt_id_pending_keys_update
 .text.bt_id_add
                0x00000000000091fc      0x1ac subsys/bluetooth/host/libsubsys__bluetooth__host.a(id.c.obj)
                0x00000000000091fc                bt_id_add
 .text.bt_id_del
                0x00000000000093a8      0x144 subsys/bluetooth/host/libsubsys__bluetooth__host.a(id.c.obj)
                0x00000000000093a8                bt_id_del
 .text.bt_id_create
                0x00000000000094ec       0xb0 subsys/bluetooth/host/libsubsys__bluetooth__host.a(id.c.obj)
                0x00000000000094ec                bt_id_create
 .text.bt_id_read_public_addr
                0x000000000000959c       0x9c subsys/bluetooth/host/libsubsys__bluetooth__host.a(id.c.obj)
                0x000000000000959c                bt_id_read_public_addr
 .text.bt_setup_public_id_addr
                0x0000000000009638       0x20 subsys/bluetooth/host/libsubsys__bluetooth__host.a(id.c.obj)
                0x0000000000009638                bt_setup_public_id_addr
 .text.bt_read_static_addr
                0x0000000000009658       0xb4 subsys/bluetooth/host/libsubsys__bluetooth__host.a(id.c.obj)
                0x0000000000009658                bt_read_static_addr
 .text.bt_setup_random_id_addr
                0x000000000000970c       0x5c subsys/bluetooth/host/libsubsys__bluetooth__host.a(id.c.obj)
                0x000000000000970c                bt_setup_random_id_addr
 .text.bt_id_set_adv_own_addr
                0x0000000000009768       0xa4 subsys/bluetooth/host/libsubsys__bluetooth__host.a(id.c.obj)
                0x0000000000009768                bt_id_set_adv_own_addr
 .text.bt_id_init
                0x000000000000980c       0x68 subsys/bluetooth/host/libsubsys__bluetooth__host.a(id.c.obj)
                0x000000000000980c                bt_id_init
 .text.valid_adv_param
                0x0000000000009874       0x88 subsys/bluetooth/host/libsubsys__bluetooth__host.a(adv.c.obj)
 .text.hci_set_ad
                0x00000000000098fc       0xe4 subsys/bluetooth/host/libsubsys__bluetooth__host.a(adv.c.obj)
 .text.bt_le_ext_adv_foreach
                0x00000000000099e0        0xc subsys/bluetooth/host/libsubsys__bluetooth__host.a(adv.c.obj)
                0x00000000000099e0                bt_le_ext_adv_foreach
 .text.le_adv_start_add_conn
                0x00000000000099ec       0xac subsys/bluetooth/host/libsubsys__bluetooth__host.a(adv.c.obj)
 .text.bt_le_adv_lookup_legacy
                0x0000000000009a98        0x8 subsys/bluetooth/host/libsubsys__bluetooth__host.a(adv.c.obj)
                0x0000000000009a98                bt_le_adv_lookup_legacy
 .text.bt_le_adv_start_legacy
                0x0000000000009aa0      0x24c subsys/bluetooth/host/libsubsys__bluetooth__host.a(adv.c.obj)
                0x0000000000009aa0                bt_le_adv_start_legacy
 .text.bt_le_adv_start
                0x0000000000009cec       0x1c subsys/bluetooth/host/libsubsys__bluetooth__host.a(adv.c.obj)
                0x0000000000009cec                bt_le_adv_start
 .text.bt_le_adv_resume
                0x0000000000009d08       0x80 subsys/bluetooth/host/libsubsys__bluetooth__host.a(adv.c.obj)
                0x0000000000009d08                bt_le_adv_resume
 .text.bt_pub_key_is_debug
                0x0000000000009d88       0x18 subsys/bluetooth/host/libsubsys__bluetooth__host.a(ecc.c.obj)
                0x0000000000009d88                bt_pub_key_is_debug
 .text.bt_pub_key_gen
                0x0000000000009da0      0x134 subsys/bluetooth/host/libsubsys__bluetooth__host.a(ecc.c.obj)
                0x0000000000009da0                bt_pub_key_gen
 .text.bt_pub_key_get
                0x0000000000009ed4       0x20 subsys/bluetooth/host/libsubsys__bluetooth__host.a(ecc.c.obj)
                0x0000000000009ed4                bt_pub_key_get
 .text.bt_dh_key_gen
                0x0000000000009ef4       0xac subsys/bluetooth/host/libsubsys__bluetooth__host.a(ecc.c.obj)
                0x0000000000009ef4                bt_dh_key_gen
 .text.bt_hci_evt_le_pkey_complete
                0x0000000000009fa0       0x84 subsys/bluetooth/host/libsubsys__bluetooth__host.a(ecc.c.obj)
                0x0000000000009fa0                bt_hci_evt_le_pkey_complete
 .text.bt_hci_evt_le_dhkey_complete
                0x000000000000a024       0x1c subsys/bluetooth/host/libsubsys__bluetooth__host.a(ecc.c.obj)
                0x000000000000a024                bt_hci_evt_le_dhkey_complete
 .text.tx_free  0x000000000000a040       0x14 subsys/bluetooth/host/libsubsys__bluetooth__host.a(conn.c.obj)
 .text.notify_connected
                0x000000000000a054       0x2c subsys/bluetooth/host/libsubsys__bluetooth__host.a(conn.c.obj)
 .text.send_frag
                0x000000000000a080      0x134 subsys/bluetooth/host/libsubsys__bluetooth__host.a(conn.c.obj)
 .text.bt_conn_get_pkts
                0x000000000000a1b4        0x8 subsys/bluetooth/host/libsubsys__bluetooth__host.a(conn.c.obj)
                0x000000000000a1b4                bt_conn_get_pkts
 .text.notify_le_param_updated
                0x000000000000a1bc       0x60 subsys/bluetooth/host/libsubsys__bluetooth__host.a(conn.c.obj)
                0x000000000000a1bc                notify_le_param_updated
 .text.le_param_req
                0x000000000000a21c       0x40 subsys/bluetooth/host/libsubsys__bluetooth__host.a(conn.c.obj)
                0x000000000000a21c                le_param_req
 .text.bt_conn_identity_resolved
                0x000000000000a25c       0x34 subsys/bluetooth/host/libsubsys__bluetooth__host.a(conn.c.obj)
                0x000000000000a25c                bt_conn_identity_resolved
 .text.bt_conn_security_changed
                0x000000000000a290       0x2c subsys/bluetooth/host/libsubsys__bluetooth__host.a(conn.c.obj)
                0x000000000000a290                bt_conn_security_changed
 .text.bt_conn_cb_register
                0x000000000000a2bc       0x10 subsys/bluetooth/host/libsubsys__bluetooth__host.a(conn.c.obj)
                0x000000000000a2bc                bt_conn_cb_register
 .text.conn_cleanup
                0x000000000000a2cc       0x44 subsys/bluetooth/host/libsubsys__bluetooth__host.a(conn.c.obj)
 .text.bt_conn_recv
                0x000000000000a310      0x10c subsys/bluetooth/host/libsubsys__bluetooth__host.a(conn.c.obj)
                0x000000000000a310                bt_conn_recv
 .text.bt_conn_send_cb
                0x000000000000a41c       0xd8 subsys/bluetooth/host/libsubsys__bluetooth__host.a(conn.c.obj)
                0x000000000000a41c                bt_conn_send_cb
 .text.bt_conn_prepare_events
                0x000000000000a4f4       0x6c subsys/bluetooth/host/libsubsys__bluetooth__host.a(conn.c.obj)
                0x000000000000a4f4                bt_conn_prepare_events
 .text.bt_conn_add_le
                0x000000000000a560       0x54 subsys/bluetooth/host/libsubsys__bluetooth__host.a(conn.c.obj)
                0x000000000000a560                bt_conn_add_le
 .text.bt_conn_lookup_handle
                0x000000000000a5b4       0x10 subsys/bluetooth/host/libsubsys__bluetooth__host.a(conn.c.obj)
                0x000000000000a5b4                bt_conn_lookup_handle
 .text.bt_conn_set_state
                0x000000000000a5c4      0x1e4 subsys/bluetooth/host/libsubsys__bluetooth__host.a(conn.c.obj)
                0x000000000000a5c4                bt_conn_set_state
 .text.bt_conn_lookup_addr_le
                0x000000000000a7a8       0x40 subsys/bluetooth/host/libsubsys__bluetooth__host.a(conn.c.obj)
                0x000000000000a7a8                bt_conn_lookup_addr_le
 .text.bt_conn_exists_le
                0x000000000000a7e8       0x4c subsys/bluetooth/host/libsubsys__bluetooth__host.a(conn.c.obj)
                0x000000000000a7e8                bt_conn_exists_le
 .text.bt_conn_lookup_state_le
                0x000000000000a834       0x48 subsys/bluetooth/host/libsubsys__bluetooth__host.a(conn.c.obj)
                0x000000000000a834                bt_conn_lookup_state_le
 .text.send_conn_le_param_update
                0x000000000000a87c       0x60 subsys/bluetooth/host/libsubsys__bluetooth__host.a(conn.c.obj)
 .text.deferred_work
                0x000000000000a8dc       0xa8 subsys/bluetooth/host/libsubsys__bluetooth__host.a(conn.c.obj)
 .text.bt_conn_create_pdu_timeout
                0x000000000000a984       0x48 subsys/bluetooth/host/libsubsys__bluetooth__host.a(conn.c.obj)
                0x000000000000a984                bt_conn_create_pdu_timeout
 .text.bt_conn_create_frag_timeout
                0x000000000000a9cc        0xc subsys/bluetooth/host/libsubsys__bluetooth__host.a(conn.c.obj)
                0x000000000000a9cc                bt_conn_create_frag_timeout
 .text.create_frag
                0x000000000000a9d8       0x6c subsys/bluetooth/host/libsubsys__bluetooth__host.a(conn.c.obj)
 .text.bt_conn_process_tx
                0x000000000000aa44       0xc0 subsys/bluetooth/host/libsubsys__bluetooth__host.a(conn.c.obj)
                0x000000000000aa44                bt_conn_process_tx
 .text.bt_conn_index
                0x000000000000ab04       0x18 subsys/bluetooth/host/libsubsys__bluetooth__host.a(conn.c.obj)
                0x000000000000ab04                bt_conn_index
 .text.bt_conn_init
                0x000000000000ab1c       0x40 subsys/bluetooth/host/libsubsys__bluetooth__host.a(conn.c.obj)
                0x000000000000ab1c                bt_conn_init
 .text.l2cap_accept
                0x000000000000ab5c       0x44 subsys/bluetooth/host/libsubsys__bluetooth__host.a(l2cap.c.obj)
 .text.l2cap_create_le_sig_pdu.constprop.0
                0x000000000000aba0       0x50 subsys/bluetooth/host/libsubsys__bluetooth__host.a(l2cap.c.obj)
 .text.l2cap_rtx_timeout
                0x000000000000abf0       0x3c subsys/bluetooth/host/libsubsys__bluetooth__host.a(l2cap.c.obj)
 .text.bt_l2cap_connected
                0x000000000000ac2c       0xb8 subsys/bluetooth/host/libsubsys__bluetooth__host.a(l2cap.c.obj)
                0x000000000000ac2c                bt_l2cap_connected
 .text.l2cap_recv
                0x000000000000ace4       0xe4 subsys/bluetooth/host/libsubsys__bluetooth__host.a(l2cap.c.obj)
 .text.bt_l2cap_recv
                0x000000000000adc8       0x70 subsys/bluetooth/host/libsubsys__bluetooth__host.a(l2cap.c.obj)
                0x000000000000adc8                bt_l2cap_recv
 .text.bt_l2cap_update_conn_param
                0x000000000000ae38       0x5c subsys/bluetooth/host/libsubsys__bluetooth__host.a(l2cap.c.obj)
                0x000000000000ae38                bt_l2cap_update_conn_param
 .text.att_cfm_sent
                0x000000000000ae94       0x10 subsys/bluetooth/host/libsubsys__bluetooth__host.a(att.c.obj)
 .text.att_rsp_sent
                0x000000000000aea4       0x10 subsys/bluetooth/host/libsubsys__bluetooth__host.a(att.c.obj)
 .text.att_req_sent
                0x000000000000aeb4       0x10 subsys/bluetooth/host/libsubsys__bluetooth__host.a(att.c.obj)
 .text.att_get  0x000000000000aec4       0x80 subsys/bluetooth/host/libsubsys__bluetooth__host.a(att.c.obj)
 .text.bt_att_released
                0x000000000000af44       0x18 subsys/bluetooth/host/libsubsys__bluetooth__host.a(att.c.obj)
 .text.find_type_cb
                0x000000000000af5c      0x164 subsys/bluetooth/host/libsubsys__bluetooth__host.a(att.c.obj)
 .text.bt_att_accept
                0x000000000000b0c0       0xc8 subsys/bluetooth/host/libsubsys__bluetooth__host.a(att.c.obj)
 .text.chan_req_sent
                0x000000000000b188       0x1c subsys/bluetooth/host/libsubsys__bluetooth__host.a(att.c.obj)
 .text.read_group_cb
                0x000000000000b1a4       0xac subsys/bluetooth/host/libsubsys__bluetooth__host.a(att.c.obj)
 .text.chan_send
                0x000000000000b250       0xdc subsys/bluetooth/host/libsubsys__bluetooth__host.a(att.c.obj)
 .text.bt_att_chan_send_rsp.constprop.0
                0x000000000000b32c       0x24 subsys/bluetooth/host/libsubsys__bluetooth__host.a(att.c.obj)
 .text.read_type_cb
                0x000000000000b350       0xa8 subsys/bluetooth/host/libsubsys__bluetooth__host.a(att.c.obj)
 .text.bt_att_connected
                0x000000000000b3f8       0x5c subsys/bluetooth/host/libsubsys__bluetooth__host.a(att.c.obj)
 .text.bt_att_chan_create_pdu
                0x000000000000b454       0x88 subsys/bluetooth/host/libsubsys__bluetooth__host.a(att.c.obj)
                0x000000000000b454                bt_att_chan_create_pdu
 .text.bt_att_recv
                0x000000000000b4dc      0x160 subsys/bluetooth/host/libsubsys__bluetooth__host.a(att.c.obj)
 .text.att_write_rsp.constprop.0
                0x000000000000b63c       0xc4 subsys/bluetooth/host/libsubsys__bluetooth__host.a(att.c.obj)
 .text.bt_att_create_pdu
                0x000000000000b700       0x78 subsys/bluetooth/host/libsubsys__bluetooth__host.a(att.c.obj)
                0x000000000000b700                bt_att_create_pdu
 .text.att_read_group_req
                0x000000000000b778      0x104 subsys/bluetooth/host/libsubsys__bluetooth__host.a(att.c.obj)
 .text.att_read_mult_req
                0x000000000000b87c       0x84 subsys/bluetooth/host/libsubsys__bluetooth__host.a(att.c.obj)
 .text.att_read_rsp
                0x000000000000b900       0x90 subsys/bluetooth/host/libsubsys__bluetooth__host.a(att.c.obj)
 .text.att_read_type_req
                0x000000000000b990       0xc0 subsys/bluetooth/host/libsubsys__bluetooth__host.a(att.c.obj)
 .text.att_find_type_req
                0x000000000000ba50       0xd4 subsys/bluetooth/host/libsubsys__bluetooth__host.a(att.c.obj)
 .text.att_find_info_req
                0x000000000000bb24       0x70 subsys/bluetooth/host/libsubsys__bluetooth__host.a(att.c.obj)
 .text.bt_att_req_alloc
                0x000000000000bb94       0x2c subsys/bluetooth/host/libsubsys__bluetooth__host.a(att.c.obj)
                0x000000000000bb94                bt_att_req_alloc
 .text.bt_att_req_free
                0x000000000000bbc0       0x24 subsys/bluetooth/host/libsubsys__bluetooth__host.a(att.c.obj)
                0x000000000000bbc0                bt_att_req_free
 .text.att_handle_rsp
                0x000000000000bbe4       0x98 subsys/bluetooth/host/libsubsys__bluetooth__host.a(att.c.obj)
 .text.bt_att_disconnected
                0x000000000000bc7c       0xb0 subsys/bluetooth/host/libsubsys__bluetooth__host.a(att.c.obj)
 .text.att_timeout
                0x000000000000bd2c       0x30 subsys/bluetooth/host/libsubsys__bluetooth__host.a(att.c.obj)
 .text.find_cf_cfg
                0x000000000000bd5c       0x44 subsys/bluetooth/host/libsubsys__bluetooth__host.a(gatt.c.obj)
 .text.gatt_indicate
                0x000000000000bda0       0xac subsys/bluetooth/host/libsubsys__bluetooth__host.a(gatt.c.obj)
 .text.cf_write
                0x000000000000be4c       0xac subsys/bluetooth/host/libsubsys__bluetooth__host.a(gatt.c.obj)
 .text.gatt_notify
                0x000000000000bef8       0x74 subsys/bluetooth/host/libsubsys__bluetooth__host.a(gatt.c.obj)
 .text.bt_gatt_attr_write_ccc
                0x000000000000bf6c       0xcc subsys/bluetooth/host/libsubsys__bluetooth__host.a(gatt.c.obj)
                0x000000000000bf6c                bt_gatt_attr_write_ccc
 .text.find_sc_cfg
                0x000000000000c038       0x44 subsys/bluetooth/host/libsubsys__bluetooth__host.a(gatt.c.obj)
 .text.sc_save  0x000000000000c07c       0x70 subsys/bluetooth/host/libsubsys__bluetooth__host.a(gatt.c.obj)
 .text.notify_cb
                0x000000000000c0ec       0xf4 subsys/bluetooth/host/libsubsys__bluetooth__host.a(gatt.c.obj)
 .text.disconnected_cb
                0x000000000000c1e0       0xbc subsys/bluetooth/host/libsubsys__bluetooth__host.a(gatt.c.obj)
 .text.sc_indicate_rsp
                0x000000000000c29c       0x60 subsys/bluetooth/host/libsubsys__bluetooth__host.a(gatt.c.obj)
 .text.bt_gatt_init
                0x000000000000c2fc       0xa8 subsys/bluetooth/host/libsubsys__bluetooth__host.a(gatt.c.obj)
                0x000000000000c2fc                bt_gatt_init
 .text.bt_gatt_attr_get_handle
                0x000000000000c3a4       0x64 subsys/bluetooth/host/libsubsys__bluetooth__host.a(gatt.c.obj)
                0x000000000000c3a4                bt_gatt_attr_get_handle
 .text.bt_gatt_foreach_attr_type
                0x000000000000c408       0xb4 subsys/bluetooth/host/libsubsys__bluetooth__host.a(gatt.c.obj)
                0x000000000000c408                bt_gatt_foreach_attr_type
 .text.db_hash_gen.constprop.0
                0x000000000000c4bc       0x90 subsys/bluetooth/host/libsubsys__bluetooth__host.a(gatt.c.obj)
 .text.bt_gatt_notify_cb
                0x000000000000c54c       0xec subsys/bluetooth/host/libsubsys__bluetooth__host.a(gatt.c.obj)
                0x000000000000c54c                bt_gatt_notify_cb
 .text.bt_gatt_indicate
                0x000000000000c638       0xf4 subsys/bluetooth/host/libsubsys__bluetooth__host.a(gatt.c.obj)
                0x000000000000c638                bt_gatt_indicate
 .text.sc_process
                0x000000000000c72c       0x70 subsys/bluetooth/host/libsubsys__bluetooth__host.a(gatt.c.obj)
 .text.update_ccc
                0x000000000000c79c      0x134 subsys/bluetooth/host/libsubsys__bluetooth__host.a(gatt.c.obj)
 .text.bt_gatt_connected
                0x000000000000c8d0       0x34 subsys/bluetooth/host/libsubsys__bluetooth__host.a(gatt.c.obj)
                0x000000000000c8d0                bt_gatt_connected
 .text.bt_gatt_encrypt_change
                0x000000000000c904       0x20 subsys/bluetooth/host/libsubsys__bluetooth__host.a(gatt.c.obj)
                0x000000000000c904                bt_gatt_encrypt_change
 .text.db_hash_read
                0x000000000000c924       0x5c subsys/bluetooth/host/libsubsys__bluetooth__host.a(gatt.c.obj)
 .text.bt_gatt_disconnected
                0x000000000000c980       0x60 subsys/bluetooth/host/libsubsys__bluetooth__host.a(gatt.c.obj)
                0x000000000000c980                bt_gatt_disconnected
 .text.get_io_capa
                0x000000000000c9e0       0x4c subsys/bluetooth/host/libsubsys__bluetooth__host.a(smp.c.obj)
 .text.smp_chan_get
                0x000000000000ca2c       0x30 subsys/bluetooth/host/libsubsys__bluetooth__host.a(smp.c.obj)
 .text.bt_smp_accept
                0x000000000000ca5c       0x44 subsys/bluetooth/host/libsubsys__bluetooth__host.a(smp.c.obj)
 .text.get_auth.constprop.0
                0x000000000000caa0       0x3c subsys/bluetooth/host/libsubsys__bluetooth__host.a(smp.c.obj)
 .text.smp_send.constprop.0
                0x000000000000cadc       0x30 subsys/bluetooth/host/libsubsys__bluetooth__host.a(smp.c.obj)
 .text.smp_init
                0x000000000000cb0c       0x3c subsys/bluetooth/host/libsubsys__bluetooth__host.a(smp.c.obj)
 .text.smp_dhkey_generate
                0x000000000000cb48       0x4c subsys/bluetooth/host/libsubsys__bluetooth__host.a(smp.c.obj)
 .text.smp_find
                0x000000000000cb94       0x1c subsys/bluetooth/host/libsubsys__bluetooth__host.a(smp.c.obj)
 .text.smp_ident_info
                0x000000000000cbb0       0x70 subsys/bluetooth/host/libsubsys__bluetooth__host.a(smp.c.obj)
 .text.smp_encrypt_info
                0x000000000000cc20       0x70 subsys/bluetooth/host/libsubsys__bluetooth__host.a(smp.c.obj)
 .text.smp_send_pairing_confirm
                0x000000000000cc90       0xa0 subsys/bluetooth/host/libsubsys__bluetooth__host.a(smp.c.obj)
 .text.smp_public_key_slave
                0x000000000000cd30      0x164 subsys/bluetooth/host/libsubsys__bluetooth__host.a(smp.c.obj)
 .text.smp_public_key
                0x000000000000ce94       0xa8 subsys/bluetooth/host/libsubsys__bluetooth__host.a(smp.c.obj)
 .text.smp_pairing_req
                0x000000000000cf3c      0x394 subsys/bluetooth/host/libsubsys__bluetooth__host.a(smp.c.obj)
 .text.compute_and_check_and_send_slave_dhcheck
                0x000000000000d2d0      0x238 subsys/bluetooth/host/libsubsys__bluetooth__host.a(smp.c.obj)
 .text.bt_smp_connected
                0x000000000000d508       0x1c subsys/bluetooth/host/libsubsys__bluetooth__host.a(smp.c.obj)
 .text.smp_pairing_confirm
                0x000000000000d524       0x90 subsys/bluetooth/host/libsubsys__bluetooth__host.a(smp.c.obj)
 .text.smp_pairing_random
                0x000000000000d5b4      0x280 subsys/bluetooth/host/libsubsys__bluetooth__host.a(smp.c.obj)
 .text.bt_smp_start_security
                0x000000000000d834      0x17c subsys/bluetooth/host/libsubsys__bluetooth__host.a(smp.c.obj)
                0x000000000000d834                bt_smp_start_security
 .text.smp_pairing_complete
                0x000000000000d9b0       0xb8 subsys/bluetooth/host/libsubsys__bluetooth__host.a(smp.c.obj)
 .text.bt_smp_recv
                0x000000000000da68      0x118 subsys/bluetooth/host/libsubsys__bluetooth__host.a(smp.c.obj)
 .text.bt_smp_pkey_ready
                0x000000000000db80       0x68 subsys/bluetooth/host/libsubsys__bluetooth__host.a(smp.c.obj)
 .text.smp_ident_addr_info
                0x000000000000dbe8      0x168 subsys/bluetooth/host/libsubsys__bluetooth__host.a(smp.c.obj)
 .text.smp_master_ident
                0x000000000000dd50       0xa8 subsys/bluetooth/host/libsubsys__bluetooth__host.a(smp.c.obj)
 .text.smp_pairing_failed
                0x000000000000ddf8       0x68 subsys/bluetooth/host/libsubsys__bluetooth__host.a(smp.c.obj)
 .text.bt_smp_encrypt_change
                0x000000000000de60      0x234 subsys/bluetooth/host/libsubsys__bluetooth__host.a(smp.c.obj)
 .text.smp_timeout
                0x000000000000e094       0x3c subsys/bluetooth/host/libsubsys__bluetooth__host.a(smp.c.obj)
 .text.bt_smp_update_keys
                0x000000000000e0d0      0x120 subsys/bluetooth/host/libsubsys__bluetooth__host.a(smp.c.obj)
                0x000000000000e0d0                bt_smp_update_keys
 .text.bt_smp_init
                0x000000000000e1f0       0x2c subsys/bluetooth/host/libsubsys__bluetooth__host.a(smp.c.obj)
                0x000000000000e1f0                bt_smp_init
 .text.bt_keys_get_addr
                0x000000000000e21c       0x50 subsys/bluetooth/host/libsubsys__bluetooth__host.a(keys.c.obj)
                0x000000000000e21c                bt_keys_get_addr
 .text.bt_keys_foreach
                0x000000000000e26c       0x20 subsys/bluetooth/host/libsubsys__bluetooth__host.a(keys.c.obj)
                0x000000000000e26c                bt_keys_foreach
 .text.bt_keys_find
                0x000000000000e28c       0x2c subsys/bluetooth/host/libsubsys__bluetooth__host.a(keys.c.obj)
                0x000000000000e28c                bt_keys_find
 .text.bt_keys_find_irk
                0x000000000000e2b8       0x70 subsys/bluetooth/host/libsubsys__bluetooth__host.a(keys.c.obj)
                0x000000000000e2b8                bt_keys_find_irk
 .text.bt_keys_find_addr
                0x000000000000e328       0x20 subsys/bluetooth/host/libsubsys__bluetooth__host.a(keys.c.obj)
                0x000000000000e328                bt_keys_find_addr
 .text.mem_init
                0x000000000000e348       0x60 subsys/bluetooth/controller/libsubsys__bluetooth__controller.a(mem.c.obj)
                0x000000000000e348                mem_init
 .text.mem_acquire
                0x000000000000e3a8       0x34 subsys/bluetooth/controller/libsubsys__bluetooth__controller.a(mem.c.obj)
                0x000000000000e3a8                mem_acquire
 .text.mem_release
                0x000000000000e3dc       0x30 subsys/bluetooth/controller/libsubsys__bluetooth__controller.a(mem.c.obj)
                0x000000000000e3dc                mem_release
 .text.mem_get  0x000000000000e40c        0x8 subsys/bluetooth/controller/libsubsys__bluetooth__controller.a(mem.c.obj)
                0x000000000000e40c                mem_get
 .text.mem_index_get
                0x000000000000e414        0xc subsys/bluetooth/controller/libsubsys__bluetooth__controller.a(mem.c.obj)
                0x000000000000e414                mem_index_get
 .text.mem_rcopy
                0x000000000000e420       0x1c subsys/bluetooth/controller/libsubsys__bluetooth__controller.a(mem.c.obj)
                0x000000000000e420                mem_rcopy
 .text.mem_nz   0x000000000000e43c       0x18 subsys/bluetooth/controller/libsubsys__bluetooth__controller.a(mem.c.obj)
                0x000000000000e43c                mem_nz
 .text.memq_init
                0x000000000000e454        0x8 subsys/bluetooth/controller/libsubsys__bluetooth__controller.a(memq.c.obj)
                0x000000000000e454                memq_init
 .text.memq_deinit
                0x000000000000e45c       0x14 subsys/bluetooth/controller/libsubsys__bluetooth__controller.a(memq.c.obj)
                0x000000000000e45c                memq_deinit
 .text.memq_enqueue
                0x000000000000e470       0x14 subsys/bluetooth/controller/libsubsys__bluetooth__controller.a(memq.c.obj)
                0x000000000000e470                memq_enqueue
 .text.memq_peek
                0x000000000000e484       0x10 subsys/bluetooth/controller/libsubsys__bluetooth__controller.a(memq.c.obj)
                0x000000000000e484                memq_peek
 .text.memq_dequeue
                0x000000000000e494       0x20 subsys/bluetooth/controller/libsubsys__bluetooth__controller.a(memq.c.obj)
                0x000000000000e494                memq_dequeue
 .text.mayfly_init
                0x000000000000e4b4       0x40 subsys/bluetooth/controller/libsubsys__bluetooth__controller.a(mayfly.c.obj)
                0x000000000000e4b4                mayfly_init
 .text.mayfly_enable
                0x000000000000e4f4       0x6c subsys/bluetooth/controller/libsubsys__bluetooth__controller.a(mayfly.c.obj)
                0x000000000000e4f4                mayfly_enable
 .text.mayfly_enqueue
                0x000000000000e560       0xb4 subsys/bluetooth/controller/libsubsys__bluetooth__controller.a(mayfly.c.obj)
                0x000000000000e560                mayfly_enqueue
 .text.mayfly_run
                0x000000000000e614      0x150 subsys/bluetooth/controller/libsubsys__bluetooth__controller.a(mayfly.c.obj)
                0x000000000000e614                mayfly_run
 .text.util_ones_count_get
                0x000000000000e764       0x30 subsys/bluetooth/controller/libsubsys__bluetooth__controller.a(util.c.obj)
                0x000000000000e764                util_ones_count_get
 .text.ticks_to_expire_prep
                0x000000000000e794       0x4c subsys/bluetooth/controller/libsubsys__bluetooth__controller.a(ticker.c.obj)
 .text.ticker_job_list_insert
                0x000000000000e7e0      0x204 subsys/bluetooth/controller/libsubsys__bluetooth__controller.a(ticker.c.obj)
 .text.ticker_worker
                0x000000000000e9e4      0x2dc subsys/bluetooth/controller/libsubsys__bluetooth__controller.a(ticker.c.obj)
                0x000000000000e9e4                ticker_worker
 .text.ticker_job
                0x000000000000ecc0      0x9b8 subsys/bluetooth/controller/libsubsys__bluetooth__controller.a(ticker.c.obj)
                0x000000000000ecc0                ticker_job
 .text.ticker_init
                0x000000000000f678       0x88 subsys/bluetooth/controller/libsubsys__bluetooth__controller.a(ticker.c.obj)
                0x000000000000f678                ticker_init
 .text.ticker_trigger
                0x000000000000f700       0x34 subsys/bluetooth/controller/libsubsys__bluetooth__controller.a(ticker.c.obj)
                0x000000000000f700                ticker_trigger
 .text.ticker_start_ext
                0x000000000000f734       0xac subsys/bluetooth/controller/libsubsys__bluetooth__controller.a(ticker.c.obj)
                0x000000000000f734                ticker_start_ext
 .text.ticker_start
                0x000000000000f7e0       0x38 subsys/bluetooth/controller/libsubsys__bluetooth__controller.a(ticker.c.obj)
                0x000000000000f7e0                ticker_start
 .text.ticker_update_ext
                0x000000000000f818       0xac subsys/bluetooth/controller/libsubsys__bluetooth__controller.a(ticker.c.obj)
                0x000000000000f818                ticker_update_ext
 .text.ticker_update
                0x000000000000f8c4       0x30 subsys/bluetooth/controller/libsubsys__bluetooth__controller.a(ticker.c.obj)
                0x000000000000f8c4                ticker_update
 .text.ticker_stop
                0x000000000000f8f4       0x84 subsys/bluetooth/controller/libsubsys__bluetooth__controller.a(ticker.c.obj)
                0x000000000000f8f4                ticker_stop
 .text.ticker_ticks_now_get
                0x000000000000f978        0x4 subsys/bluetooth/controller/libsubsys__bluetooth__controller.a(ticker.c.obj)
                0x000000000000f978                ticker_ticks_now_get
 .text.ll_addr_get
                0x000000000000f97c       0x40 subsys/bluetooth/controller/libsubsys__bluetooth__controller.a(ll_addr.c.obj)
                0x000000000000f97c                ll_addr_get
 .text.ll_addr_set
                0x000000000000f9bc       0x3c subsys/bluetooth/controller/libsubsys__bluetooth__controller.a(ll_addr.c.obj)
                0x000000000000f9bc                ll_addr_set
 .text.ll_tx_pwr_lvl_get
                0x000000000000f9f8       0x20 subsys/bluetooth/controller/libsubsys__bluetooth__controller.a(ll_tx_pwr.c.obj)
                0x000000000000f9f8                ll_tx_pwr_lvl_get
 .text.ll_tx_pwr_get
                0x000000000000fa18        0x8 subsys/bluetooth/controller/libsubsys__bluetooth__controller.a(ll_tx_pwr.c.obj)
                0x000000000000fa18                ll_tx_pwr_get
 .text.hci_driver_init
                0x000000000000fa20       0x10 subsys/bluetooth/controller/libsubsys__bluetooth__controller.a(hci_driver.c.obj)
 .text.hci_driver_send
                0x000000000000fa30       0xb0 subsys/bluetooth/controller/libsubsys__bluetooth__controller.a(hci_driver.c.obj)
 .text.recv_thread
                0x000000000000fae0       0xf0 subsys/bluetooth/controller/libsubsys__bluetooth__controller.a(hci_driver.c.obj)
 .text.prio_recv_thread
                0x000000000000fbd0       0xc0 subsys/bluetooth/controller/libsubsys__bluetooth__controller.a(hci_driver.c.obj)
 .text.hci_driver_open
                0x000000000000fc90       0xb8 subsys/bluetooth/controller/libsubsys__bluetooth__controller.a(hci_driver.c.obj)
 .text.le_remote_feat_complete
                0x000000000000fd48       0x70 subsys/bluetooth/controller/libsubsys__bluetooth__controller.a(hci.c.obj)
 .text.hci_vendor_cmd_handle_common
                0x000000000000fdb8      0x17c subsys/bluetooth/controller/libsubsys__bluetooth__controller.a(hci.c.obj)
                0x000000000000fdb8                hci_vendor_cmd_handle_common
 .text.hci_cmd_handle
                0x000000000000ff34      0x9c0 subsys/bluetooth/controller/libsubsys__bluetooth__controller.a(hci.c.obj)
                0x000000000000ff34                hci_cmd_handle
 .text.hci_acl_handle
                0x00000000000108f4      0x13c subsys/bluetooth/controller/libsubsys__bluetooth__controller.a(hci.c.obj)
                0x00000000000108f4                hci_acl_handle
 .text.hci_disconn_complete_encode
                0x0000000000010a30       0x40 subsys/bluetooth/controller/libsubsys__bluetooth__controller.a(hci.c.obj)
                0x0000000000010a30                hci_disconn_complete_encode
 .text.hci_disconn_complete_process
                0x0000000000010a70       0x10 subsys/bluetooth/controller/libsubsys__bluetooth__controller.a(hci.c.obj)
                0x0000000000010a70                hci_disconn_complete_process
 .text.hci_acl_encode
                0x0000000000010a80       0x74 subsys/bluetooth/controller/libsubsys__bluetooth__controller.a(hci.c.obj)
                0x0000000000010a80                hci_acl_encode
 .text.hci_evt_encode
                0x0000000000010af4      0x5cc subsys/bluetooth/controller/libsubsys__bluetooth__controller.a(hci.c.obj)
                0x0000000000010af4                hci_evt_encode
 .text.hci_num_cmplt_encode
                0x00000000000110c0       0x30 subsys/bluetooth/controller/libsubsys__bluetooth__controller.a(hci.c.obj)
                0x00000000000110c0                hci_num_cmplt_encode
 .text.hci_get_class
                0x00000000000110f0       0x2c subsys/bluetooth/controller/libsubsys__bluetooth__controller.a(hci.c.obj)
                0x00000000000110f0                hci_get_class
 .text.bt_rand  0x000000000001111c        0x4 subsys/bluetooth/controller/libsubsys__bluetooth__controller.a(crypto.c.obj)
                0x000000000001111c                bt_rand
 .text.bt_encrypt_le
                0x0000000000011120        0xc subsys/bluetooth/controller/libsubsys__bluetooth__controller.a(crypto.c.obj)
                0x0000000000011120                bt_encrypt_le
 .text.perform_lll_reset
                0x000000000001112c       0x94 subsys/bluetooth/controller/libsubsys__bluetooth__controller.a(ull.c.obj)
 .text.ull_ticker_status_give
                0x00000000000111c0        0xc subsys/bluetooth/controller/libsubsys__bluetooth__controller.a(ull.c.obj)
                0x00000000000111c0                ull_ticker_status_give
 .text.disabled_cb
                0x00000000000111cc        0x4 subsys/bluetooth/controller/libsubsys__bluetooth__controller.a(ull.c.obj)
 .text.tx_cmplt_get
                0x00000000000111d0       0xcc subsys/bluetooth/controller/libsubsys__bluetooth__controller.a(ull.c.obj)
 .text.ull_done
                0x000000000001129c      0x114 subsys/bluetooth/controller/libsubsys__bluetooth__controller.a(ull.c.obj)
 .text.rx_alloc
                0x00000000000113b0       0xf8 subsys/bluetooth/controller/libsubsys__bluetooth__controller.a(ull.c.obj)
 .text.init_reset
                0x00000000000114a8      0x14c subsys/bluetooth/controller/libsubsys__bluetooth__controller.a(ull.c.obj)
 .text.rx_demux
                0x00000000000115f4      0x1d4 subsys/bluetooth/controller/libsubsys__bluetooth__controller.a(ull.c.obj)
 .text.ll_init  0x00000000000117c8       0xdc subsys/bluetooth/controller/libsubsys__bluetooth__controller.a(ull.c.obj)
                0x00000000000117c8                ll_init
 .text.ll_reset
                0x00000000000118a4      0x12c subsys/bluetooth/controller/libsubsys__bluetooth__controller.a(ull.c.obj)
                0x00000000000118a4                ll_reset
 .text.ll_rx_get
                0x00000000000119d0      0x1dc subsys/bluetooth/controller/libsubsys__bluetooth__controller.a(ull.c.obj)
                0x00000000000119d0                ll_rx_get
 .text.ll_rx_dequeue
                0x0000000000011bac      0x1a0 subsys/bluetooth/controller/libsubsys__bluetooth__controller.a(ull.c.obj)
                0x0000000000011bac                ll_rx_dequeue
 .text.ll_rx_mem_release
                0x0000000000011d4c      0x184 subsys/bluetooth/controller/libsubsys__bluetooth__controller.a(ull.c.obj)
                0x0000000000011d4c                ll_rx_mem_release
 .text.ll_rx_link_alloc
                0x0000000000011ed0        0xc subsys/bluetooth/controller/libsubsys__bluetooth__controller.a(ull.c.obj)
                0x0000000000011ed0                ll_rx_link_alloc
 .text.ll_rx_link_release
                0x0000000000011edc        0xc subsys/bluetooth/controller/libsubsys__bluetooth__controller.a(ull.c.obj)
                0x0000000000011edc                ll_rx_link_release
 .text.ll_rx_alloc
                0x0000000000011ee8        0xc subsys/bluetooth/controller/libsubsys__bluetooth__controller.a(ull.c.obj)
                0x0000000000011ee8                ll_rx_alloc
 .text.ll_rx_release
                0x0000000000011ef4        0xc subsys/bluetooth/controller/libsubsys__bluetooth__controller.a(ull.c.obj)
                0x0000000000011ef4                ll_rx_release
 .text.ll_rx_put
                0x0000000000011f00       0x14 subsys/bluetooth/controller/libsubsys__bluetooth__controller.a(ull.c.obj)
                0x0000000000011f00                ll_rx_put
 .text.ll_rx_sched
                0x0000000000011f14        0xc subsys/bluetooth/controller/libsubsys__bluetooth__controller.a(ull.c.obj)
                0x0000000000011f14                ll_rx_sched
 .text.ll_pdu_rx_alloc_peek
                0x0000000000011f20       0x3c subsys/bluetooth/controller/libsubsys__bluetooth__controller.a(ull.c.obj)
                0x0000000000011f20                ll_pdu_rx_alloc_peek
 .text.ll_pdu_rx_alloc
                0x0000000000011f5c       0x2c subsys/bluetooth/controller/libsubsys__bluetooth__controller.a(ull.c.obj)
                0x0000000000011f5c                ll_pdu_rx_alloc
 .text.ll_tx_ack_put
                0x0000000000011f88       0x68 subsys/bluetooth/controller/libsubsys__bluetooth__controller.a(ull.c.obj)
                0x0000000000011f88                ll_tx_ack_put
 .text.ull_ticker_status_take
                0x0000000000011ff0       0x50 subsys/bluetooth/controller/libsubsys__bluetooth__controller.a(ull.c.obj)
                0x0000000000011ff0                ull_ticker_status_take
 .text.ull_disable_mark
                0x0000000000012040       0x18 subsys/bluetooth/controller/libsubsys__bluetooth__controller.a(ull.c.obj)
                0x0000000000012040                ull_disable_mark
 .text.ull_disable_unmark
                0x0000000000012058       0x18 subsys/bluetooth/controller/libsubsys__bluetooth__controller.a(ull.c.obj)
                0x0000000000012058                ull_disable_unmark
 .text.ull_disable_mark_get
                0x0000000000012070        0xc subsys/bluetooth/controller/libsubsys__bluetooth__controller.a(ull.c.obj)
                0x0000000000012070                ull_disable_mark_get
 .text.ull_update_mark
                0x000000000001207c       0x18 subsys/bluetooth/controller/libsubsys__bluetooth__controller.a(ull.c.obj)
                0x000000000001207c                ull_update_mark
 .text.ull_update_unmark
                0x0000000000012094       0x18 subsys/bluetooth/controller/libsubsys__bluetooth__controller.a(ull.c.obj)
                0x0000000000012094                ull_update_unmark
 .text.ull_update_mark_get
                0x00000000000120ac        0xc subsys/bluetooth/controller/libsubsys__bluetooth__controller.a(ull.c.obj)
                0x00000000000120ac                ull_update_mark_get
 .text.ull_disable
                0x00000000000120b8       0x7c subsys/bluetooth/controller/libsubsys__bluetooth__controller.a(ull.c.obj)
                0x00000000000120b8                ull_disable
 .text.ull_ticker_stop_with_mark
                0x0000000000012134       0x80 subsys/bluetooth/controller/libsubsys__bluetooth__controller.a(ull.c.obj)
                0x0000000000012134                ull_ticker_stop_with_mark
 .text.ull_pdu_rx_alloc_peek
                0x00000000000121b4       0x3c subsys/bluetooth/controller/libsubsys__bluetooth__controller.a(ull.c.obj)
                0x00000000000121b4                ull_pdu_rx_alloc_peek
 .text.ull_pdu_rx_alloc
                0x00000000000121f0       0x2c subsys/bluetooth/controller/libsubsys__bluetooth__controller.a(ull.c.obj)
                0x00000000000121f0                ull_pdu_rx_alloc
 .text.ull_rx_put
                0x000000000001221c       0x20 subsys/bluetooth/controller/libsubsys__bluetooth__controller.a(ull.c.obj)
                0x000000000001221c                ull_rx_put
 .text.ull_rx_sched
                0x000000000001223c       0x10 subsys/bluetooth/controller/libsubsys__bluetooth__controller.a(ull.c.obj)
                0x000000000001223c                ull_rx_sched
 .text.ull_prepare_enqueue
                0x000000000001224c       0x6c subsys/bluetooth/controller/libsubsys__bluetooth__controller.a(ull.c.obj)
                0x000000000001224c                ull_prepare_enqueue
 .text.ull_prepare_dequeue_get
                0x00000000000122b8       0x1c subsys/bluetooth/controller/libsubsys__bluetooth__controller.a(ull.c.obj)
                0x00000000000122b8                ull_prepare_dequeue_get
 .text.ull_prepare_dequeue_iter
                0x00000000000122d4       0x40 subsys/bluetooth/controller/libsubsys__bluetooth__controller.a(ull.c.obj)
                0x00000000000122d4                ull_prepare_dequeue_iter
 .text.ull_prepare_dequeue
                0x0000000000012314       0xbc subsys/bluetooth/controller/libsubsys__bluetooth__controller.a(ull.c.obj)
                0x0000000000012314                ull_prepare_dequeue
 .text.ull_event_done_extra_get
                0x00000000000123d0       0x20 subsys/bluetooth/controller/libsubsys__bluetooth__controller.a(ull.c.obj)
                0x00000000000123d0                ull_event_done_extra_get
 .text.ull_event_done
                0x00000000000123f0       0x5c subsys/bluetooth/controller/libsubsys__bluetooth__controller.a(ull.c.obj)
                0x00000000000123f0                ull_event_done
 .text.ticker_stop_cb
                0x000000000001244c       0x88 subsys/bluetooth/controller/libsubsys__bluetooth__controller.a(ull_adv.c.obj)
 .text.disabled_cb
                0x00000000000124d4       0x94 subsys/bluetooth/controller/libsubsys__bluetooth__controller.a(ull_adv.c.obj)
 .text.ticker_cb
                0x0000000000012568      0x130 subsys/bluetooth/controller/libsubsys__bluetooth__controller.a(ull_adv.c.obj)
 .text.ticker_op_stop_cb
                0x0000000000012698       0xbc subsys/bluetooth/controller/libsubsys__bluetooth__controller.a(ull_adv.c.obj)
 .text.ticker_op_update_cb
                0x0000000000012754       0x38 subsys/bluetooth/controller/libsubsys__bluetooth__controller.a(ull_adv.c.obj)
 .text.init_set.constprop.0
                0x000000000001278c       0x54 subsys/bluetooth/controller/libsubsys__bluetooth__controller.a(ull_adv.c.obj)
 .text.conn_release.constprop.0
                0x00000000000127e0       0x84 subsys/bluetooth/controller/libsubsys__bluetooth__controller.a(ull_adv.c.obj)
 .text.disable.part.0
                0x0000000000012864      0x148 subsys/bluetooth/controller/libsubsys__bluetooth__controller.a(ull_adv.c.obj)
 .text.ll_adv_params_set
                0x00000000000129ac      0x144 subsys/bluetooth/controller/libsubsys__bluetooth__controller.a(ull_adv.c.obj)
                0x00000000000129ac                ll_adv_params_set
 .text.ll_adv_data_set
                0x0000000000012af0       0x94 subsys/bluetooth/controller/libsubsys__bluetooth__controller.a(ull_adv.c.obj)
                0x0000000000012af0                ll_adv_data_set
 .text.ull_adv_init
                0x0000000000012b84       0x20 subsys/bluetooth/controller/libsubsys__bluetooth__controller.a(ull_adv.c.obj)
                0x0000000000012b84                ull_adv_init
 .text.ull_adv_reset
                0x0000000000012ba4       0x18 subsys/bluetooth/controller/libsubsys__bluetooth__controller.a(ull_adv.c.obj)
                0x0000000000012ba4                ull_adv_reset
 .text.ull_adv_reset_finalize
                0x0000000000012bbc       0x30 subsys/bluetooth/controller/libsubsys__bluetooth__controller.a(ull_adv.c.obj)
                0x0000000000012bbc                ull_adv_reset_finalize
 .text.ull_adv_handle_get
                0x0000000000012bec       0x1c subsys/bluetooth/controller/libsubsys__bluetooth__controller.a(ull_adv.c.obj)
                0x0000000000012bec                ull_adv_handle_get
 .text.ull_adv_lll_handle_get
                0x0000000000012c08       0x1c subsys/bluetooth/controller/libsubsys__bluetooth__controller.a(ull_adv.c.obj)
                0x0000000000012c08                ull_adv_lll_handle_get
 .text.ull_adv_is_enabled_get
                0x0000000000012c24       0x1c subsys/bluetooth/controller/libsubsys__bluetooth__controller.a(ull_adv.c.obj)
                0x0000000000012c24                ull_adv_is_enabled_get
 .text.ull_adv_is_enabled
                0x0000000000012c40       0x18 subsys/bluetooth/controller/libsubsys__bluetooth__controller.a(ull_adv.c.obj)
                0x0000000000012c40                ull_adv_is_enabled
 .text.ull_adv_filter_pol_get
                0x0000000000012c58       0x20 subsys/bluetooth/controller/libsubsys__bluetooth__controller.a(ull_adv.c.obj)
                0x0000000000012c58                ull_adv_filter_pol_get
 .text.ull_scan_rsp_set
                0x0000000000012c78       0x58 subsys/bluetooth/controller/libsubsys__bluetooth__controller.a(ull_adv.c.obj)
                0x0000000000012c78                ull_scan_rsp_set
 .text.ll_adv_scan_rsp_set
                0x0000000000012cd0       0x10 subsys/bluetooth/controller/libsubsys__bluetooth__controller.a(ull_adv.c.obj)
                0x0000000000012cd0                ll_adv_scan_rsp_set
 .text.ull_adv_pdu_update_addrs
                0x0000000000012ce0       0x60 subsys/bluetooth/controller/libsubsys__bluetooth__controller.a(ull_adv.c.obj)
                0x0000000000012ce0                ull_adv_pdu_update_addrs
 .text.init_reset
                0x0000000000012d40       0x7c subsys/bluetooth/controller/libsubsys__bluetooth__controller.a(ull_conn.c.obj)
 .text.ctrl_tx_pause_enqueue
                0x0000000000012dbc       0xdc subsys/bluetooth/controller/libsubsys__bluetooth__controller.a(ull_conn.c.obj)
 .text.tx_lll_flush
                0x0000000000012e98       0xf4 subsys/bluetooth/controller/libsubsys__bluetooth__controller.a(ull_conn.c.obj)
 .text.ctrl_tx_sec_enqueue
                0x0000000000012f8c       0x84 subsys/bluetooth/controller/libsubsys__bluetooth__controller.a(ull_conn.c.obj)
 .text.ticker_op_stop_cb
                0x0000000000013010       0x64 subsys/bluetooth/controller/libsubsys__bluetooth__controller.a(ull_conn.c.obj)
 .text.ticker_start_conn_op_cb
                0x0000000000013074       0x58 subsys/bluetooth/controller/libsubsys__bluetooth__controller.a(ull_conn.c.obj)
 .text.ticker_stop_conn_op_cb
                0x00000000000130cc       0x58 subsys/bluetooth/controller/libsubsys__bluetooth__controller.a(ull_conn.c.obj)
 .text.ticker_update_conn_op_cb
                0x0000000000013124       0x40 subsys/bluetooth/controller/libsubsys__bluetooth__controller.a(ull_conn.c.obj)
 .text.tx_ull_dequeue
                0x0000000000013164       0x84 subsys/bluetooth/controller/libsubsys__bluetooth__controller.a(ull_conn.c.obj)
 .text.reject_ext_ind_send
                0x00000000000131e8       0xd4 subsys/bluetooth/controller/libsubsys__bluetooth__controller.a(ull_conn.c.obj)
 .text.event_len_prep
                0x00000000000132bc      0x1ec subsys/bluetooth/controller/libsubsys__bluetooth__controller.a(ull_conn.c.obj)
 .text.event_phy_upd_ind_prep
                0x00000000000134a8      0x380 subsys/bluetooth/controller/libsubsys__bluetooth__controller.a(ull_conn.c.obj)
 .text.ll_conn_acquire
                0x0000000000013828        0xc subsys/bluetooth/controller/libsubsys__bluetooth__controller.a(ull_conn.c.obj)
                0x0000000000013828                ll_conn_acquire
 .text.ll_conn_release
                0x0000000000013834        0xc subsys/bluetooth/controller/libsubsys__bluetooth__controller.a(ull_conn.c.obj)
                0x0000000000013834                ll_conn_release
 .text.ll_conn_handle_get
                0x0000000000013840       0x10 subsys/bluetooth/controller/libsubsys__bluetooth__controller.a(ull_conn.c.obj)
                0x0000000000013840                ll_conn_handle_get
 .text.ll_conn_get
                0x0000000000013850       0x10 subsys/bluetooth/controller/libsubsys__bluetooth__controller.a(ull_conn.c.obj)
                0x0000000000013850                ll_conn_get
 .text.ll_connected_get
                0x0000000000013860       0x24 subsys/bluetooth/controller/libsubsys__bluetooth__controller.a(ull_conn.c.obj)
                0x0000000000013860                ll_connected_get
 .text.ll_tx_mem_acquire
                0x0000000000013884        0xc subsys/bluetooth/controller/libsubsys__bluetooth__controller.a(ull_conn.c.obj)
                0x0000000000013884                ll_tx_mem_acquire
 .text.ll_tx_mem_release
                0x0000000000013890        0xc subsys/bluetooth/controller/libsubsys__bluetooth__controller.a(ull_conn.c.obj)
                0x0000000000013890                ll_tx_mem_release
 .text.ll_tx_mem_enqueue
                0x000000000001389c       0x98 subsys/bluetooth/controller/libsubsys__bluetooth__controller.a(ull_conn.c.obj)
                0x000000000001389c                ll_tx_mem_enqueue
 .text.ll_conn_update
                0x0000000000013934      0x128 subsys/bluetooth/controller/libsubsys__bluetooth__controller.a(ull_conn.c.obj)
                0x0000000000013934                ll_conn_update
 .text.ll_chm_get
                0x0000000000013a5c       0x40 subsys/bluetooth/controller/libsubsys__bluetooth__controller.a(ull_conn.c.obj)
                0x0000000000013a5c                ll_chm_get
 .text.ll_terminate_ind_send
                0x0000000000013a9c       0x84 subsys/bluetooth/controller/libsubsys__bluetooth__controller.a(ull_conn.c.obj)
                0x0000000000013a9c                ll_terminate_ind_send
 .text.ll_feature_req_send
                0x0000000000013b20       0x4c subsys/bluetooth/controller/libsubsys__bluetooth__controller.a(ull_conn.c.obj)
                0x0000000000013b20                ll_feature_req_send
 .text.ll_version_ind_send
                0x0000000000013b6c       0x4c subsys/bluetooth/controller/libsubsys__bluetooth__controller.a(ull_conn.c.obj)
                0x0000000000013b6c                ll_version_ind_send
 .text.ll_length_req_send
                0x0000000000013bb8       0xa8 subsys/bluetooth/controller/libsubsys__bluetooth__controller.a(ull_conn.c.obj)
                0x0000000000013bb8                ll_length_req_send
 .text.ll_length_default_get
                0x0000000000013c60       0x18 subsys/bluetooth/controller/libsubsys__bluetooth__controller.a(ull_conn.c.obj)
                0x0000000000013c60                ll_length_default_get
 .text.ll_length_default_set
                0x0000000000013c78       0x14 subsys/bluetooth/controller/libsubsys__bluetooth__controller.a(ull_conn.c.obj)
                0x0000000000013c78                ll_length_default_set
 .text.ll_length_max_get
                0x0000000000013c8c       0x18 subsys/bluetooth/controller/libsubsys__bluetooth__controller.a(ull_conn.c.obj)
                0x0000000000013c8c                ll_length_max_get
 .text.ll_phy_get
                0x0000000000013ca4       0x3c subsys/bluetooth/controller/libsubsys__bluetooth__controller.a(ull_conn.c.obj)
                0x0000000000013ca4                ll_phy_get
 .text.ll_phy_default_set
                0x0000000000013ce0       0x14 subsys/bluetooth/controller/libsubsys__bluetooth__controller.a(ull_conn.c.obj)
                0x0000000000013ce0                ll_phy_default_set
 .text.ll_phy_req_send
                0x0000000000013cf4       0xa4 subsys/bluetooth/controller/libsubsys__bluetooth__controller.a(ull_conn.c.obj)
                0x0000000000013cf4                ll_phy_req_send
 .text.ll_apto_get
                0x0000000000013d98       0x48 subsys/bluetooth/controller/libsubsys__bluetooth__controller.a(ull_conn.c.obj)
                0x0000000000013d98                ll_apto_get
 .text.ll_apto_set
                0x0000000000013de0       0x44 subsys/bluetooth/controller/libsubsys__bluetooth__controller.a(ull_conn.c.obj)
                0x0000000000013de0                ll_apto_set
 .text.ull_conn_init
                0x0000000000013e24        0x4 subsys/bluetooth/controller/libsubsys__bluetooth__controller.a(ull_conn.c.obj)
                0x0000000000013e24                ull_conn_init
 .text.ull_conn_reset
                0x0000000000013e28       0x74 subsys/bluetooth/controller/libsubsys__bluetooth__controller.a(ull_conn.c.obj)
                0x0000000000013e28                ull_conn_reset
 .text.ull_conn_default_tx_octets_get
                0x0000000000013e9c        0xc subsys/bluetooth/controller/libsubsys__bluetooth__controller.a(ull_conn.c.obj)
                0x0000000000013e9c                ull_conn_default_tx_octets_get
 .text.ull_conn_default_tx_time_get
                0x0000000000013ea8        0xc subsys/bluetooth/controller/libsubsys__bluetooth__controller.a(ull_conn.c.obj)
                0x0000000000013ea8                ull_conn_default_tx_time_get
 .text.ull_conn_default_phy_tx_get
                0x0000000000013eb4        0xc subsys/bluetooth/controller/libsubsys__bluetooth__controller.a(ull_conn.c.obj)
                0x0000000000013eb4                ull_conn_default_phy_tx_get
 .text.ull_conn_default_phy_rx_get
                0x0000000000013ec0        0xc subsys/bluetooth/controller/libsubsys__bluetooth__controller.a(ull_conn.c.obj)
                0x0000000000013ec0                ull_conn_default_phy_rx_get
 .text.ull_conn_setup
                0x0000000000013ecc       0x40 subsys/bluetooth/controller/libsubsys__bluetooth__controller.a(ull_conn.c.obj)
                0x0000000000013ecc                ull_conn_setup
 .text.ull_conn_rx
                0x0000000000013f0c     0x16f4 subsys/bluetooth/controller/libsubsys__bluetooth__controller.a(ull_conn.c.obj)
                0x0000000000013f0c                ull_conn_rx
 .text.ull_conn_tx_demux
                0x0000000000015600       0xa0 subsys/bluetooth/controller/libsubsys__bluetooth__controller.a(ull_conn.c.obj)
                0x0000000000015600                ull_conn_tx_demux
 .text.conn_cleanup
                0x00000000000156a0      0x10c subsys/bluetooth/controller/libsubsys__bluetooth__controller.a(ull_conn.c.obj)
 .text.ull_conn_done
                0x00000000000157ac      0x314 subsys/bluetooth/controller/libsubsys__bluetooth__controller.a(ull_conn.c.obj)
                0x00000000000157ac                ull_conn_done
 .text.ull_conn_tx_lll_enqueue
                0x0000000000015ac0      0x198 subsys/bluetooth/controller/libsubsys__bluetooth__controller.a(ull_conn.c.obj)
                0x0000000000015ac0                ull_conn_tx_lll_enqueue
 .text.tx_demux
                0x0000000000015c58       0x18 subsys/bluetooth/controller/libsubsys__bluetooth__controller.a(ull_conn.c.obj)
 .text.ull_conn_link_tx_release
                0x0000000000015c70        0xc subsys/bluetooth/controller/libsubsys__bluetooth__controller.a(ull_conn.c.obj)
                0x0000000000015c70                ull_conn_link_tx_release
 .text.ull_conn_ack_last_idx_get
                0x0000000000015c7c        0xc subsys/bluetooth/controller/libsubsys__bluetooth__controller.a(ull_conn.c.obj)
                0x0000000000015c7c                ull_conn_ack_last_idx_get
 .text.ull_conn_ack_peek
                0x0000000000015c88       0x38 subsys/bluetooth/controller/libsubsys__bluetooth__controller.a(ull_conn.c.obj)
                0x0000000000015c88                ull_conn_ack_peek
 .text.ull_conn_ack_by_last_peek
                0x0000000000015cc0       0x38 subsys/bluetooth/controller/libsubsys__bluetooth__controller.a(ull_conn.c.obj)
                0x0000000000015cc0                ull_conn_ack_by_last_peek
 .text.ull_conn_ack_dequeue
                0x0000000000015cf8       0x2c subsys/bluetooth/controller/libsubsys__bluetooth__controller.a(ull_conn.c.obj)
                0x0000000000015cf8                ull_conn_ack_dequeue
 .text.ull_conn_lll_ack_enqueue
                0x0000000000015d24       0x68 subsys/bluetooth/controller/libsubsys__bluetooth__controller.a(ull_conn.c.obj)
                0x0000000000015d24                ull_conn_lll_ack_enqueue
 .text.ull_conn_tx_ack
                0x0000000000015d8c      0x234 subsys/bluetooth/controller/libsubsys__bluetooth__controller.a(ull_conn.c.obj)
                0x0000000000015d8c                ull_conn_tx_ack
 .text.ull_conn_lll_max_tx_octets_get
                0x0000000000015fc0       0x34 subsys/bluetooth/controller/libsubsys__bluetooth__controller.a(ull_conn.c.obj)
                0x0000000000015fc0                ull_conn_lll_max_tx_octets_get
 .text.ticker_update_latency_cancel_op_cb